Component: ARM Compiler 5.06 update 7 (build 960) Tool: armlink [4d3601]

==============================================================================

Image Symbol Table

    Local Symbols

    Symbol Name                              Value     Ov Type        Size  Object(Section)

    RESET                                    0x00000000   Section      192  startup_cw32f030.o(RESET)
    ../clib/microlib/division.c              0x00000000   Number         0  ldiv.o ABSOLUTE
    ../clib/microlib/division.c              0x00000000   Number         0  uldiv.o ABSOLUTE
    ../clib/microlib/division.c              0x00000000   Number         0  uidiv.o ABSOLUTE
    ../clib/microlib/division.c              0x00000000   Number         0  idiv.o ABSOLUTE
    ../clib/microlib/init/entry.s            0x00000000   Number         0  entry9b.o ABSOLUTE
    ../clib/microlib/init/entry.s            0x00000000   Number         0  entry7b.o ABSOLUTE
    ../clib/microlib/init/entry.s            0x00000000   Number         0  entry7a.o ABSOLUTE
    ../clib/microlib/init/entry.s            0x00000000   Number         0  entry5.o ABSOLUTE
    ../clib/microlib/init/entry.s            0x00000000   Number         0  entry12b.o ABSOLUTE
    ../clib/microlib/init/entry.s            0x00000000   Number         0  entry12a.o ABSOLUTE
    ../clib/microlib/init/entry.s            0x00000000   Number         0  entry11b.o ABSOLUTE
    ../clib/microlib/init/entry.s            0x00000000   Number         0  entry11a.o ABSOLUTE
    ../clib/microlib/init/entry.s            0x00000000   Number         0  entry10b.o ABSOLUTE
    ../clib/microlib/init/entry.s            0x00000000   Number         0  entry10a.o ABSOLUTE
    ../clib/microlib/init/entry.s            0x00000000   Number         0  entry2.o ABSOLUTE
    ../clib/microlib/init/entry.s            0x00000000   Number         0  entry9a.o ABSOLUTE
    ../clib/microlib/init/entry.s            0x00000000   Number         0  entry8b.o ABSOLUTE
    ../clib/microlib/init/entry.s            0x00000000   Number         0  entry8a.o ABSOLUTE
    ../clib/microlib/init/entry.s            0x00000000   Number         0  entry.o ABSOLUTE
    ../clib/microlib/longlong.c              0x00000000   Number         0  llsshr.o ABSOLUTE
    ../clib/microlib/longlong.c              0x00000000   Number         0  llushr.o ABSOLUTE
    ../clib/microlib/longlong.c              0x00000000   Number         0  llshl.o ABSOLUTE
    ../clib/microlib/printf/printf.c         0x00000000   Number         0  printf8.o ABSOLUTE
    ../clib/microlib/printf/printf.c         0x00000000   Number         0  printf7.o ABSOLUTE
    ../clib/microlib/printf/printf.c         0x00000000   Number         0  printfb.o ABSOLUTE
    ../clib/microlib/printf/printf.c         0x00000000   Number         0  printf0.o ABSOLUTE
    ../clib/microlib/printf/printf.c         0x00000000   Number         0  printf1.o ABSOLUTE
    ../clib/microlib/printf/printf.c         0x00000000   Number         0  printf2.o ABSOLUTE
    ../clib/microlib/printf/printf.c         0x00000000   Number         0  printf3.o ABSOLUTE
    ../clib/microlib/printf/printf.c         0x00000000   Number         0  printf4.o ABSOLUTE
    ../clib/microlib/printf/printf.c         0x00000000   Number         0  printf5.o ABSOLUTE
    ../clib/microlib/printf/printf.c         0x00000000   Number         0  printf6.o ABSOLUTE
    ../clib/microlib/printf/printf.c         0x00000000   Number         0  printfa.o ABSOLUTE
    ../clib/microlib/printf/stubs.s          0x00000000   Number         0  stubs.o ABSOLUTE
    ../clib/microlib/stdio/streams.c         0x00000000   Number         0  stdout.o ABSOLUTE
    ../clib/microlib/string/memcpy.c         0x00000000   Number         0  memcpyb.o ABSOLUTE
    ../clib/microlib/string/memcpy.c         0x00000000   Number         0  memcpya.o ABSOLUTE
    ../clib/microlib/stubs.s                 0x00000000   Number         0  iusefp.o ABSOLUTE
    ../fplib/microlib/f2d.c                  0x00000000   Number         0  f2d.o ABSOLUTE
    ../fplib/microlib/fpadd.c                0x00000000   Number         0  dadd.o ABSOLUTE
    ../fplib/microlib/fpadd.c                0x00000000   Number         0  fadd.o ABSOLUTE
    ../fplib/microlib/fpdiv.c                0x00000000   Number         0  ddiv.o ABSOLUTE
    ../fplib/microlib/fpdiv.c                0x00000000   Number         0  fdiv.o ABSOLUTE
    ../fplib/microlib/fpepilogue.c           0x00000000   Number         0  fepilogue.o ABSOLUTE
    ../fplib/microlib/fpepilogue.c           0x00000000   Number         0  depilogue.o ABSOLUTE
    ../fplib/microlib/fpfix.c                0x00000000   Number         0  dfixui.o ABSOLUTE
    ../fplib/microlib/fpfix.c                0x00000000   Number         0  ffixui.o ABSOLUTE
    ../fplib/microlib/fpfix.c                0x00000000   Number         0  dfixul.o ABSOLUTE
    ../fplib/microlib/fpflt.c                0x00000000   Number         0  fflti.o ABSOLUTE
    ../fplib/microlib/fpflt.c                0x00000000   Number         0  ffltui.o ABSOLUTE
    ../fplib/microlib/fpflt.c                0x00000000   Number         0  dfltui.o ABSOLUTE
    ../fplib/microlib/fpmul.c                0x00000000   Number         0  dmul.o ABSOLUTE
    ../fplib/microlib/fpmul.c                0x00000000   Number         0  fmul.o ABSOLUTE
    ../fplib/microlib/fpscalb.c              0x00000000   Number         0  fscalb.o ABSOLUTE
    ..\..\..\board\bsp\adc\ntc.c             0x00000000   Number         0  ntc.o ABSOLUTE
    ..\..\..\board\bsp\clk\sysclk.c          0x00000000   Number         0  sysclk.o ABSOLUTE
    ..\..\..\board\bsp\gpio\beep.c           0x00000000   Number         0  beep.o ABSOLUTE
    ..\..\..\board\bsp\gpio\key.c            0x00000000   Number         0  key.o ABSOLUTE
    ..\..\..\board\bsp\gpio\led.c            0x00000000   Number         0  led.o ABSOLUTE
    ..\..\..\board\bsp\tim\hallEnc.c         0x00000000   Number         0  hallenc.o ABSOLUTE
    ..\..\..\board\bsp\uart\uart.c           0x00000000   Number         0  uart.o ABSOLUTE
    ..\..\..\board\sys\sleep.c               0x00000000   Number         0  sleep.o ABSOLUTE
    ..\..\..\board\sys\syscall.c             0x00000000   Number         0  syscall.o ABSOLUTE
    ..\..\..\fwlib\src\cw32f030_adc.c        0x00000000   Number         0  cw32f030_adc.o ABSOLUTE
    ..\..\..\fwlib\src\cw32f030_atim.c       0x00000000   Number         0  cw32f030_atim.o ABSOLUTE
    ..\..\..\fwlib\src\cw32f030_awt.c        0x00000000   Number         0  cw32f030_awt.o ABSOLUTE
    ..\..\..\fwlib\src\cw32f030_btim.c       0x00000000   Number         0  cw32f030_btim.o ABSOLUTE
    ..\..\..\fwlib\src\cw32f030_crc.c        0x00000000   Number         0  cw32f030_crc.o ABSOLUTE
    ..\..\..\fwlib\src\cw32f030_debug.c      0x00000000   Number         0  cw32f030_debug.o ABSOLUTE
    ..\..\..\fwlib\src\cw32f030_digitalsign.c 0x00000000   Number         0  cw32f030_digitalsign.o ABSOLUTE
    ..\..\..\fwlib\src\cw32f030_dma.c        0x00000000   Number         0  cw32f030_dma.o ABSOLUTE
    ..\..\..\fwlib\src\cw32f030_flash.c      0x00000000   Number         0  cw32f030_flash.o ABSOLUTE
    ..\..\..\fwlib\src\cw32f030_gpio.c       0x00000000   Number         0  cw32f030_gpio.o ABSOLUTE
    ..\..\..\fwlib\src\cw32f030_gtim.c       0x00000000   Number         0  cw32f030_gtim.o ABSOLUTE
    ..\..\..\fwlib\src\cw32f030_i2c.c        0x00000000   Number         0  cw32f030_i2c.o ABSOLUTE
    ..\..\..\fwlib\src\cw32f030_iwdt.c       0x00000000   Number         0  cw32f030_iwdt.o ABSOLUTE
    ..\..\..\fwlib\src\cw32f030_lvd.c        0x00000000   Number         0  cw32f030_lvd.o ABSOLUTE
    ..\..\..\fwlib\src\cw32f030_pwr.c        0x00000000   Number         0  cw32f030_pwr.o ABSOLUTE
    ..\..\..\fwlib\src\cw32f030_ram.c        0x00000000   Number         0  cw32f030_ram.o ABSOLUTE
    ..\..\..\fwlib\src\cw32f030_rcc.c        0x00000000   Number         0  cw32f030_rcc.o ABSOLUTE
    ..\..\..\fwlib\src\cw32f030_rtc.c        0x00000000   Number         0  cw32f030_rtc.o ABSOLUTE
    ..\..\..\fwlib\src\cw32f030_spi.c        0x00000000   Number         0  cw32f030_spi.o ABSOLUTE
    ..\..\..\fwlib\src\cw32f030_systick.c    0x00000000   Number         0  cw32f030_systick.o ABSOLUTE
    ..\..\..\fwlib\src\cw32f030_uart.c       0x00000000   Number         0  cw32f030_uart.o ABSOLUTE
    ..\..\..\fwlib\src\cw32f030_vc.c         0x00000000   Number         0  cw32f030_vc.o ABSOLUTE
    ..\..\..\fwlib\src\cw32f030_wwdt.c       0x00000000   Number         0  cw32f030_wwdt.o ABSOLUTE
    ..\..\..\fwlib\src\system_cw32f030.c     0x00000000   Number         0  system_cw32f030.o ABSOLUTE
    ..\\..\\..\\board\\bsp\\adc\\ntc.c       0x00000000   Number         0  ntc.o ABSOLUTE
    ..\\..\\..\\board\\bsp\\clk\\sysclk.c    0x00000000   Number         0  sysclk.o ABSOLUTE
    ..\\..\\..\\board\\bsp\\gpio\\beep.c     0x00000000   Number         0  beep.o ABSOLUTE
    ..\\..\\..\\board\\bsp\\gpio\\key.c      0x00000000   Number         0  key.o ABSOLUTE
    ..\\..\\..\\board\\bsp\\gpio\\led.c      0x00000000   Number         0  led.o ABSOLUTE
    ..\\..\\..\\board\\bsp\\tim\\hallEnc.c   0x00000000   Number         0  hallenc.o ABSOLUTE
    ..\\..\\..\\board\\bsp\\uart\\uart.c     0x00000000   Number         0  uart.o ABSOLUTE
    ..\\..\\..\\board\\sys\\sleep.c          0x00000000   Number         0  sleep.o ABSOLUTE
    ..\\..\\..\\fwlib\\src\\cw32f030_adc.c   0x00000000   Number         0  cw32f030_adc.o ABSOLUTE
    ..\\..\\..\\fwlib\\src\\cw32f030_atim.c  0x00000000   Number         0  cw32f030_atim.o ABSOLUTE
    ..\\..\\..\\fwlib\\src\\cw32f030_awt.c   0x00000000   Number         0  cw32f030_awt.o ABSOLUTE
    ..\\..\\..\\fwlib\\src\\cw32f030_btim.c  0x00000000   Number         0  cw32f030_btim.o ABSOLUTE
    ..\\..\\..\\fwlib\\src\\cw32f030_crc.c   0x00000000   Number         0  cw32f030_crc.o ABSOLUTE
    ..\\..\\..\\fwlib\\src\\cw32f030_debug.c 0x00000000   Number         0  cw32f030_debug.o ABSOLUTE
    ..\\..\\..\\fwlib\\src\\cw32f030_digitalsign.c 0x00000000   Number         0  cw32f030_digitalsign.o ABSOLUTE
    ..\\..\\..\\fwlib\\src\\cw32f030_dma.c   0x00000000   Number         0  cw32f030_dma.o ABSOLUTE
    ..\\..\\..\\fwlib\\src\\cw32f030_flash.c 0x00000000   Number         0  cw32f030_flash.o ABSOLUTE
    ..\\..\\..\\fwlib\\src\\cw32f030_gpio.c  0x00000000   Number         0  cw32f030_gpio.o ABSOLUTE
    ..\\..\\..\\fwlib\\src\\cw32f030_gtim.c  0x00000000   Number         0  cw32f030_gtim.o ABSOLUTE
    ..\\..\\..\\fwlib\\src\\cw32f030_i2c.c   0x00000000   Number         0  cw32f030_i2c.o ABSOLUTE
    ..\\..\\..\\fwlib\\src\\cw32f030_iwdt.c  0x00000000   Number         0  cw32f030_iwdt.o ABSOLUTE
    ..\\..\\..\\fwlib\\src\\cw32f030_lvd.c   0x00000000   Number         0  cw32f030_lvd.o ABSOLUTE
    ..\\..\\..\\fwlib\\src\\cw32f030_pwr.c   0x00000000   Number         0  cw32f030_pwr.o ABSOLUTE
    ..\\..\\..\\fwlib\\src\\cw32f030_ram.c   0x00000000   Number         0  cw32f030_ram.o ABSOLUTE
    ..\\..\\..\\fwlib\\src\\cw32f030_rcc.c   0x00000000   Number         0  cw32f030_rcc.o ABSOLUTE
    ..\\..\\..\\fwlib\\src\\cw32f030_rtc.c   0x00000000   Number         0  cw32f030_rtc.o ABSOLUTE
    ..\\..\\..\\fwlib\\src\\cw32f030_spi.c   0x00000000   Number         0  cw32f030_spi.o ABSOLUTE
    ..\\..\\..\\fwlib\\src\\cw32f030_systick.c 0x00000000   Number         0  cw32f030_systick.o ABSOLUTE
    ..\\..\\..\\fwlib\\src\\cw32f030_uart.c  0x00000000   Number         0  cw32f030_uart.o ABSOLUTE
    ..\\..\\..\\fwlib\\src\\cw32f030_vc.c    0x00000000   Number         0  cw32f030_vc.o ABSOLUTE
    ..\\..\\..\\fwlib\\src\\cw32f030_wwdt.c  0x00000000   Number         0  cw32f030_wwdt.o ABSOLUTE
    ..\\..\\..\\fwlib\\src\\system_cw32f030.c 0x00000000   Number         0  system_cw32f030.o ABSOLUTE
    ..\\code\\src\\main.c                    0x00000000   Number         0  main.o ABSOLUTE
    ..\code\src\interrupts_cw32f030.c        0x00000000   Number         0  interrupts_cw32f030.o ABSOLUTE
    ..\code\src\main.c                       0x00000000   Number         0  main.o ABSOLUTE
    ..\code\src\startup_cw32f030.s           0x00000000   Number         0  startup_cw32f030.o ABSOLUTE
    cdrcmple.s                               0x00000000   Number         0  cdrcmple.o ABSOLUTE
    cfcmple.s                                0x00000000   Number         0  cfcmple.o ABSOLUTE
    dc.s                                     0x00000000   Number         0  dc.o ABSOLUTE
    handlers.s                               0x00000000   Number         0  handlers.o ABSOLUTE
    init.s                                   0x00000000   Number         0  init.o ABSOLUTE
    .ARM.Collect$$$$00000000                 0x000000c0   Section        0  entry.o(.ARM.Collect$$$$00000000)
    .ARM.Collect$$$$00000001                 0x000000c0   Section        4  entry2.o(.ARM.Collect$$$$00000001)
    .ARM.Collect$$$$00000004                 0x000000c4   Section        4  entry5.o(.ARM.Collect$$$$00000004)
    .ARM.Collect$$$$00000008                 0x000000c8   Section        0  entry7b.o(.ARM.Collect$$$$00000008)
    .ARM.Collect$$$$0000000A                 0x000000c8   Section        0  entry8b.o(.ARM.Collect$$$$0000000A)
    .ARM.Collect$$$$0000000B                 0x000000c8   Section        8  entry9a.o(.ARM.Collect$$$$0000000B)
    .ARM.Collect$$$$0000000E                 0x000000d0   Section        4  entry12b.o(.ARM.Collect$$$$0000000E)
    .ARM.Collect$$$$0000000F                 0x000000d4   Section        0  entry10a.o(.ARM.Collect$$$$0000000F)
    .ARM.Collect$$$$00000011                 0x000000d4   Section        0  entry11a.o(.ARM.Collect$$$$00000011)
    .ARM.Collect$$$$00002712                 0x000000d4   Section        4  entry2.o(.ARM.Collect$$$$00002712)
    __lit__00000000                          0x000000d4   Data           4  entry2.o(.ARM.Collect$$$$00002712)
    .text                                    0x000000d8   Section       60  startup_cw32f030.o(.text)
    .text                                    0x00000114   Section        0  uidiv.o(.text)
    .text                                    0x00000140   Section        0  memcpya.o(.text)
    .text                                    0x00000164   Section        0  fadd.o(.text)
    .text                                    0x00000216   Section        0  fdiv.o(.text)
    .text                                    0x00000292   Section        0  fscalb.o(.text)
    .text                                    0x000002ac   Section        0  dadd.o(.text)
    .text                                    0x00000414   Section        0  ffltui.o(.text)
    .text                                    0x00000422   Section        0  ffixui.o(.text)
    .text                                    0x0000044c   Section        0  dfixui.o(.text)
    .text                                    0x00000488   Section        0  f2d.o(.text)
    .text                                    0x000004b0   Section        0  llshl.o(.text)
    .text                                    0x000004d0   Section        0  llushr.o(.text)
    .text                                    0x000004f2   Section        0  llsshr.o(.text)
    .text                                    0x00000518   Section        0  fepilogue.o(.text)
    .text                                    0x00000518   Section        0  iusefp.o(.text)
    .text                                    0x0000059a   Section        0  depilogue.o(.text)
    .text                                    0x00000658   Section       36  init.o(.text)
    i.ADC_IRQHandler                         0x0000067c   Section        0  interrupts_cw32f030.o(i.ADC_IRQHandler)
    i.AWT_IRQHandler                         0x0000067e   Section        0  interrupts_cw32f030.o(i.AWT_IRQHandler)
    i.BTIM2_IRQHandler                       0x00000680   Section        0  interrupts_cw32f030.o(i.BTIM2_IRQHandler)
    i.BTIM3_IRQHandler                       0x00000682   Section        0  interrupts_cw32f030.o(i.BTIM3_IRQHandler)
    i.BeepInit                               0x00000684   Section        0  beep.o(i.BeepInit)
    i.BeepOff                                0x000006ac   Section        0  beep.o(i.BeepOff)
    i.BoardInit                              0x000006c0   Section        0  main.o(i.BoardInit)
    i.DMACH23_IRQHandler                     0x000006f8   Section        0  interrupts_cw32f030.o(i.DMACH23_IRQHandler)
    i.DMACH45_IRQHandler                     0x000006fa   Section        0  interrupts_cw32f030.o(i.DMACH45_IRQHandler)
    i.DelayInit                              0x000006fc   Section        0  sleep.o(i.DelayInit)
    i.DelayNonBlock                          0x00000714   Section        0  sleep.o(i.DelayNonBlock)
    i.FAULT_IRQHandler                       0x0000072c   Section        0  interrupts_cw32f030.o(i.FAULT_IRQHandler)
    i.FLASHRAM_IRQHandler                    0x0000072e   Section        0  interrupts_cw32f030.o(i.FLASHRAM_IRQHandler)
    i.FLASH_SetLatency                       0x00000730   Section        0  cw32f030_flash.o(i.FLASH_SetLatency)
    i.GPIOA_IRQHandler                       0x00000794   Section        0  interrupts_cw32f030.o(i.GPIOA_IRQHandler)
    i.GPIOB_IRQHandler                       0x00000796   Section        0  interrupts_cw32f030.o(i.GPIOB_IRQHandler)
    i.GPIOC_IRQHandler                       0x00000798   Section        0  interrupts_cw32f030.o(i.GPIOC_IRQHandler)
    i.GPIOF_IRQHandler                       0x0000079a   Section        0  interrupts_cw32f030.o(i.GPIOF_IRQHandler)
    i.GPIO_Init                              0x0000079c   Section        0  cw32f030_gpio.o(i.GPIO_Init)
    i.GPIO_TogglePin                         0x00000880   Section        0  cw32f030_gpio.o(i.GPIO_TogglePin)
    i.GPIO_WritePin                          0x00000884   Section        0  cw32f030_gpio.o(i.GPIO_WritePin)
    i.GTIM1_IRQHandler                       0x00000890   Section        0  interrupts_cw32f030.o(i.GTIM1_IRQHandler)
    i.GTIM2_IRQHandler                       0x00000894   Section        0  hallenc.o(i.GTIM2_IRQHandler)
    i.GTIM3_IRQHandler                       0x000008c8   Section        0  interrupts_cw32f030.o(i.GTIM3_IRQHandler)
    i.GTIM4_IRQHandler                       0x000008ca   Section        0  interrupts_cw32f030.o(i.GTIM4_IRQHandler)
    i.GTIM_ClearITPendingBit                 0x000008cc   Section        0  cw32f030_gtim.o(i.GTIM_ClearITPendingBit)
    i.GetTick                                0x0000094c   Section        0  cw32f030_systick.o(i.GetTick)
    i.HAL_GetTick                            0x00000958   Section        0  sleep.o(i.HAL_GetTick)
    i.HardFault_Handler                      0x00000960   Section        0  interrupts_cw32f030.o(i.HardFault_Handler)
    i.I2C1_IRQHandler                        0x00000962   Section        0  interrupts_cw32f030.o(i.I2C1_IRQHandler)
    i.I2C2_IRQHandler                        0x00000964   Section        0  interrupts_cw32f030.o(i.I2C2_IRQHandler)
    i.InitTick                               0x00000968   Section        0  cw32f030_systick.o(i.InitTick)
    i.KeyInit                                0x000009c0   Section        0  key.o(i.KeyInit)
    i.LVD_IRQHandler                         0x00000a14   Section        0  interrupts_cw32f030.o(i.LVD_IRQHandler)
    i.LedInit                                0x00000a18   Section        0  led.o(i.LedInit)
    i.LedOff                                 0x00000a84   Section        0  led.o(i.LedOff)
    i.LedTgl                                 0x00000ab8   Section        0  led.o(i.LedTgl)
    i.NMI_Handler                            0x00000ae8   Section        0  interrupts_cw32f030.o(i.NMI_Handler)
    i.NtcInit                                0x00000aea   Section        0  ntc.o(i.NtcInit)
    i.PendSV_Handler                         0x00000b02   Section        0  interrupts_cw32f030.o(i.PendSV_Handler)
    i.RCC_AHBPeriphClk_Enable                0x00000b04   Section        0  cw32f030_rcc.o(i.RCC_AHBPeriphClk_Enable)
    i.RCC_APBPeriphClk_Enable2               0x00000b60   Section        0  cw32f030_rcc.o(i.RCC_APBPeriphClk_Enable2)
    i.RCC_HCLKPRS_Config                     0x00000bbc   Section        0  cw32f030_rcc.o(i.RCC_HCLKPRS_Config)
    i.RCC_HSI_Enable                         0x00000c28   Section        0  cw32f030_rcc.o(i.RCC_HSI_Enable)
    i.RCC_IRQHandler                         0x00000ca8   Section        0  interrupts_cw32f030.o(i.RCC_IRQHandler)
    i.RCC_PCLKPRS_Config                     0x00000cac   Section        0  cw32f030_rcc.o(i.RCC_PCLKPRS_Config)
    i.RCC_PLL_Enable                         0x00000d08   Section        0  cw32f030_rcc.o(i.RCC_PLL_Enable)
    i.RCC_SysClk_Switch                      0x00000e20   Section        0  cw32f030_rcc.o(i.RCC_SysClk_Switch)
    i.RCC_Sysctrl_GetHClkFreq                0x00000ea0   Section        0  cw32f030_rcc.o(i.RCC_Sysctrl_GetHClkFreq)
    i.RCC_SystemCoreClockUpdate              0x00000f1c   Section        0  cw32f030_rcc.o(i.RCC_SystemCoreClockUpdate)
    i.RTC_IRQHandler                         0x00000f28   Section        0  interrupts_cw32f030.o(i.RTC_IRQHandler)
    i.SPI1_IRQHandler                        0x00000f2a   Section        0  interrupts_cw32f030.o(i.SPI1_IRQHandler)
    i.SPI2_IRQHandler                        0x00000f2c   Section        0  interrupts_cw32f030.o(i.SPI2_IRQHandler)
    i.SVC_Handler                            0x00000f2e   Section        0  interrupts_cw32f030.o(i.SVC_Handler)
    i.SysTick_Handler                        0x00000f30   Section        0  cw32f030_systick.o(i.SysTick_Handler)
    i.SysclkInit                             0x00000f40   Section        0  sysclk.o(i.SysclkInit)
    i.SystemInit                             0x00000f88   Section        0  system_cw32f030.o(i.SystemInit)
    i.UART1_IRQHandler                       0x00000fc4   Section        0  interrupts_cw32f030.o(i.UART1_IRQHandler)
    i.UART2_IRQHandler                       0x00000fc6   Section        0  interrupts_cw32f030.o(i.UART2_IRQHandler)
    i.UART3_IRQHandler                       0x00000fc8   Section        0  interrupts_cw32f030.o(i.UART3_IRQHandler)
    i.USART_GetFlagStatus                    0x00000fcc   Section        0  cw32f030_uart.o(i.USART_GetFlagStatus)
    i.USART_Init                             0x0000103c   Section        0  cw32f030_uart.o(i.USART_Init)
    i.USART_SendData_8bit                    0x00001238   Section        0  cw32f030_uart.o(i.USART_SendData_8bit)
    i.UartConfig                             0x0000128c   Section        0  uart.o(i.UartConfig)
    i.UartInit                               0x0000129c   Section        0  uart.o(i.UartInit)
    i.VC1_IRQHandler                         0x00001300   Section        0  interrupts_cw32f030.o(i.VC1_IRQHandler)
    i.VC2_IRQHandler                         0x00001302   Section        0  interrupts_cw32f030.o(i.VC2_IRQHandler)
    i.WDT_IRQHandler                         0x00001304   Section        0  interrupts_cw32f030.o(i.WDT_IRQHandler)
    i.__0printf$0                            0x00001308   Section        0  printf0.o(i.__0printf$0)
    i.__ARM_clz                              0x00001328   Section        0  depilogue.o(i.__ARM_clz)
    i.__ARM_common_switch8                   0x00001356   Section        0  cw32f030_i2c.o(i.__ARM_common_switch8)
    i.__NVIC_SetPriority                     0x00001370   Section        0  cw32f030_systick.o(i.__NVIC_SetPriority)
    __NVIC_SetPriority                       0x00001371   Thumb Code    60  cw32f030_systick.o(i.__NVIC_SetPriority)
    i.__scatterload_copy                     0x000013b4   Section       14  handlers.o(i.__scatterload_copy)
    i.__scatterload_null                     0x000013c2   Section        2  handlers.o(i.__scatterload_null)
    i.__scatterload_zeroinit                 0x000013c4   Section       14  handlers.o(i.__scatterload_zeroinit)
    i._printf_core                           0x000013d2   Section        0  printf0.o(i._printf_core)
    _printf_core                             0x000013d3   Thumb Code    42  printf0.o(i._printf_core)
    i.assert_failed                          0x000013fc   Section        0  main.o(i.assert_failed)
    i.fputc                                  0x00001400   Section        0  uart.o(i.fputc)
    i.main                                   0x0000143c   Section        0  main.o(i.main)
    .constdata                               0x00001474   Section       24  main.o(.constdata)
    .constdata                               0x0000148c   Section       16  key.o(.constdata)
    .constdata                               0x0000149c   Section       16  beep.o(.constdata)
    .constdata                               0x000014ac   Section       16  led.o(.constdata)
    .constdata                               0x000014bc   Section       16  uart.o(.constdata)
    .constdata                               0x000014cc   Section      100  cw32f030_rcc.o(.constdata)
    .data                                    0x20000000   Section        4  main.o(.data)
    t                                        0x20000000   Data           4  main.o(.data)
    .data                                    0x20000004   Section       12  cw32f030_systick.o(.data)
    .data                                    0x20000010   Section        4  system_cw32f030.o(.data)
    .data                                    0x20000014   Section        4  stdout.o(.data)
    STACK                                    0x20000018   Section      512  startup_cw32f030.o(STACK)

    Global Symbols

    Symbol Name                              Value     Ov Type        Size  Object(Section)

    BuildAttributes$$THM_ISAv3M$S$PE$A:L22$X:L11$S22$IEEE1$IW$USESV6$~STKCKD$USESV7$~SHL$OTIME$ROPI$EBA8$MICROLIB$REQ8$PRES8$EABIv2 0x00000000   Number         0  anon$$obj.o ABSOLUTE
    __ARM_use_no_argv                        0x00000000   Number         0  main.o ABSOLUTE
    __Vectors                                0x00000000   Data           0  startup_cw32f030.o(RESET)
    _printf_a                                0x00000000   Number         0  stubs.o ABSOLUTE
    _printf_c                                0x00000000   Number         0  stubs.o ABSOLUTE
    _printf_charcount                        0x00000000   Number         0  stubs.o ABSOLUTE
    _printf_d                                0x00000000   Number         0  stubs.o ABSOLUTE
    _printf_e                                0x00000000   Number         0  stubs.o ABSOLUTE
    _printf_f                                0x00000000   Number         0  stubs.o ABSOLUTE
    _printf_flags                            0x00000000   Number         0  stubs.o ABSOLUTE
    _printf_fp_dec                           0x00000000   Number         0  stubs.o ABSOLUTE
    _printf_fp_hex                           0x00000000   Number         0  stubs.o ABSOLUTE
    _printf_g                                0x00000000   Number         0  stubs.o ABSOLUTE
    _printf_i                                0x00000000   Number         0  stubs.o ABSOLUTE
    _printf_int_dec                          0x00000000   Number         0  stubs.o ABSOLUTE
    _printf_l                                0x00000000   Number         0  stubs.o ABSOLUTE
    _printf_lc                               0x00000000   Number         0  stubs.o ABSOLUTE
    _printf_ll                               0x00000000   Number         0  stubs.o ABSOLUTE
    _printf_lld                              0x00000000   Number         0  stubs.o ABSOLUTE
    _printf_lli                              0x00000000   Number         0  stubs.o ABSOLUTE
    _printf_llo                              0x00000000   Number         0  stubs.o ABSOLUTE
    _printf_llu                              0x00000000   Number         0  stubs.o ABSOLUTE
    _printf_llx                              0x00000000   Number         0  stubs.o ABSOLUTE
    _printf_longlong_dec                     0x00000000   Number         0  stubs.o ABSOLUTE
    _printf_longlong_hex                     0x00000000   Number         0  stubs.o ABSOLUTE
    _printf_longlong_oct                     0x00000000   Number         0  stubs.o ABSOLUTE
    _printf_ls                               0x00000000   Number         0  stubs.o ABSOLUTE
    _printf_mbtowc                           0x00000000   Number         0  stubs.o ABSOLUTE
    _printf_n                                0x00000000   Number         0  stubs.o ABSOLUTE
    _printf_o                                0x00000000   Number         0  stubs.o ABSOLUTE
    _printf_p                                0x00000000   Number         0  stubs.o ABSOLUTE
    _printf_percent                          0x00000000   Number         0  stubs.o ABSOLUTE
    _printf_pre_padding                      0x00000000   Number         0  stubs.o ABSOLUTE
    _printf_return_value                     0x00000000   Number         0  stubs.o ABSOLUTE
    _printf_s                                0x00000000   Number         0  stubs.o ABSOLUTE
    _printf_sizespec                         0x00000000   Number         0  stubs.o ABSOLUTE
    _printf_str                              0x00000000   Number         0  stubs.o ABSOLUTE
    _printf_truncate_signed                  0x00000000   Number         0  stubs.o ABSOLUTE
    _printf_truncate_unsigned                0x00000000   Number         0  stubs.o ABSOLUTE
    _printf_u                                0x00000000   Number         0  stubs.o ABSOLUTE
    _printf_wc                               0x00000000   Number         0  stubs.o ABSOLUTE
    _printf_wctomb                           0x00000000   Number         0  stubs.o ABSOLUTE
    _printf_widthprec                        0x00000000   Number         0  stubs.o ABSOLUTE
    _printf_x                                0x00000000   Number         0  stubs.o ABSOLUTE
    __arm_fini_                               - Undefined Weak Reference
    __cpp_initialize__aeabi_                  - Undefined Weak Reference
    __cxa_finalize                            - Undefined Weak Reference
    __decompress                              - Undefined Weak Reference
    _clock_init                               - Undefined Weak Reference
    _microlib_exit                            - Undefined Weak Reference
    __Vectors_End                            0x000000c0   Data           0  startup_cw32f030.o(RESET)
    __Vectors_Size                           0x000000c0   Number         0  startup_cw32f030.o ABSOLUTE
    __main                                   0x000000c1   Thumb Code     0  entry.o(.ARM.Collect$$$$00000000)
    _main_stk                                0x000000c1   Thumb Code     0  entry2.o(.ARM.Collect$$$$00000001)
    _main_scatterload                        0x000000c5   Thumb Code     0  entry5.o(.ARM.Collect$$$$00000004)
    __main_after_scatterload                 0x000000c9   Thumb Code     0  entry5.o(.ARM.Collect$$$$00000004)
    _main_clock                              0x000000c9   Thumb Code     0  entry7b.o(.ARM.Collect$$$$00000008)
    _main_cpp_init                           0x000000c9   Thumb Code     0  entry8b.o(.ARM.Collect$$$$0000000A)
    _main_init                               0x000000c9   Thumb Code     0  entry9a.o(.ARM.Collect$$$$0000000B)
    __rt_lib_shutdown_fini                   0x000000d1   Thumb Code     0  entry12b.o(.ARM.Collect$$$$0000000E)
    __rt_final_cpp                           0x000000d5   Thumb Code     0  entry10a.o(.ARM.Collect$$$$0000000F)
    __rt_final_exit                          0x000000d5   Thumb Code     0  entry11a.o(.ARM.Collect$$$$00000011)
    Reset_Handler                            0x000000d9   Thumb Code    26  startup_cw32f030.o(.text)
    ATIM_IRQHandler                          0x000000fd   Thumb Code     0  startup_cw32f030.o(.text)
    BTIM1_IRQHandler                         0x000000fd   Thumb Code     0  startup_cw32f030.o(.text)
    DMACH1_IRQHandler                        0x000000fd   Thumb Code     0  startup_cw32f030.o(.text)
    __aeabi_uidiv                            0x00000115   Thumb Code     0  uidiv.o(.text)
    __aeabi_uidivmod                         0x00000115   Thumb Code    44  uidiv.o(.text)
    __aeabi_memcpy                           0x00000141   Thumb Code    36  memcpya.o(.text)
    __aeabi_memcpy4                          0x00000141   Thumb Code     0  memcpya.o(.text)
    __aeabi_memcpy8                          0x00000141   Thumb Code     0  memcpya.o(.text)
    __aeabi_fadd                             0x00000165   Thumb Code   162  fadd.o(.text)
    __aeabi_fsub                             0x00000207   Thumb Code     8  fadd.o(.text)
    __aeabi_frsub                            0x0000020f   Thumb Code     8  fadd.o(.text)
    __aeabi_fdiv                             0x00000217   Thumb Code   124  fdiv.o(.text)
    __ARM_scalbnf                            0x00000293   Thumb Code    24  fscalb.o(.text)
    scalbnf                                  0x00000293   Thumb Code     0  fscalb.o(.text)
    __aeabi_dadd                             0x000002ad   Thumb Code   330  dadd.o(.text)
    __aeabi_dsub                             0x000003f7   Thumb Code    12  dadd.o(.text)
    __aeabi_drsub                            0x00000403   Thumb Code    12  dadd.o(.text)
    __aeabi_ui2f                             0x00000415   Thumb Code    14  ffltui.o(.text)
    __aeabi_f2uiz                            0x00000423   Thumb Code    40  ffixui.o(.text)
    __aeabi_d2uiz                            0x0000044d   Thumb Code    50  dfixui.o(.text)
    __aeabi_f2d                              0x00000489   Thumb Code    40  f2d.o(.text)
    __aeabi_llsl                             0x000004b1   Thumb Code    32  llshl.o(.text)
    _ll_shift_l                              0x000004b1   Thumb Code     0  llshl.o(.text)
    __aeabi_llsr                             0x000004d1   Thumb Code    34  llushr.o(.text)
    _ll_ushift_r                             0x000004d1   Thumb Code     0  llushr.o(.text)
    __aeabi_lasr                             0x000004f3   Thumb Code    38  llsshr.o(.text)
    _ll_sshift_r                             0x000004f3   Thumb Code     0  llsshr.o(.text)
    __I$use$fp                               0x00000519   Thumb Code     0  iusefp.o(.text)
    _float_round                             0x00000519   Thumb Code    16  fepilogue.o(.text)
    _float_epilogue                          0x00000529   Thumb Code   114  fepilogue.o(.text)
    _double_round                            0x0000059b   Thumb Code    26  depilogue.o(.text)
    _double_epilogue                         0x000005b5   Thumb Code   164  depilogue.o(.text)
    __scatterload                            0x00000659   Thumb Code    28  init.o(.text)
    __scatterload_rt2                        0x00000659   Thumb Code     0  init.o(.text)
    ADC_IRQHandler                           0x0000067d   Thumb Code     2  interrupts_cw32f030.o(i.ADC_IRQHandler)
    AWT_IRQHandler                           0x0000067f   Thumb Code     2  interrupts_cw32f030.o(i.AWT_IRQHandler)
    BTIM2_IRQHandler                         0x00000681   Thumb Code     2  interrupts_cw32f030.o(i.BTIM2_IRQHandler)
    BTIM3_IRQHandler                         0x00000683   Thumb Code     2  interrupts_cw32f030.o(i.BTIM3_IRQHandler)
    BeepInit                                 0x00000685   Thumb Code    34  beep.o(i.BeepInit)
    BeepOff                                  0x000006ad   Thumb Code    18  beep.o(i.BeepOff)
    BoardInit                                0x000006c1   Thumb Code    52  main.o(i.BoardInit)
    DMACH23_IRQHandler                       0x000006f9   Thumb Code     2  interrupts_cw32f030.o(i.DMACH23_IRQHandler)
    DMACH45_IRQHandler                       0x000006fb   Thumb Code     2  interrupts_cw32f030.o(i.DMACH45_IRQHandler)
    DelayInit                                0x000006fd   Thumb Code    16  sleep.o(i.DelayInit)
    DelayNonBlock                            0x00000715   Thumb Code    24  sleep.o(i.DelayNonBlock)
    FAULT_IRQHandler                         0x0000072d   Thumb Code     2  interrupts_cw32f030.o(i.FAULT_IRQHandler)
    FLASHRAM_IRQHandler                      0x0000072f   Thumb Code     2  interrupts_cw32f030.o(i.FLASHRAM_IRQHandler)
    FLASH_SetLatency                         0x00000731   Thumb Code    50  cw32f030_flash.o(i.FLASH_SetLatency)
    GPIOA_IRQHandler                         0x00000795   Thumb Code     2  interrupts_cw32f030.o(i.GPIOA_IRQHandler)
    GPIOB_IRQHandler                         0x00000797   Thumb Code     2  interrupts_cw32f030.o(i.GPIOB_IRQHandler)
    GPIOC_IRQHandler                         0x00000799   Thumb Code     2  interrupts_cw32f030.o(i.GPIOC_IRQHandler)
    GPIOF_IRQHandler                         0x0000079b   Thumb Code     2  interrupts_cw32f030.o(i.GPIOF_IRQHandler)
    GPIO_Init                                0x0000079d   Thumb Code   224  cw32f030_gpio.o(i.GPIO_Init)
    GPIO_TogglePin                           0x00000881   Thumb Code     4  cw32f030_gpio.o(i.GPIO_TogglePin)
    GPIO_WritePin                            0x00000885   Thumb Code    12  cw32f030_gpio.o(i.GPIO_WritePin)
    GTIM1_IRQHandler                         0x00000891   Thumb Code     2  interrupts_cw32f030.o(i.GTIM1_IRQHandler)
    GTIM2_IRQHandler                         0x00000895   Thumb Code    40  hallenc.o(i.GTIM2_IRQHandler)
    GTIM3_IRQHandler                         0x000008c9   Thumb Code     2  interrupts_cw32f030.o(i.GTIM3_IRQHandler)
    GTIM4_IRQHandler                         0x000008cb   Thumb Code     2  interrupts_cw32f030.o(i.GTIM4_IRQHandler)
    GTIM_ClearITPendingBit                   0x000008cd   Thumb Code    72  cw32f030_gtim.o(i.GTIM_ClearITPendingBit)
    GetTick                                  0x0000094d   Thumb Code     6  cw32f030_systick.o(i.GetTick)
    HAL_GetTick                              0x00000959   Thumb Code     8  sleep.o(i.HAL_GetTick)
    HardFault_Handler                        0x00000961   Thumb Code     2  interrupts_cw32f030.o(i.HardFault_Handler)
    I2C1_IRQHandler                          0x00000963   Thumb Code     2  interrupts_cw32f030.o(i.I2C1_IRQHandler)
    I2C2_IRQHandler                          0x00000965   Thumb Code     2  interrupts_cw32f030.o(i.I2C2_IRQHandler)
    InitTick                                 0x00000969   Thumb Code    74  cw32f030_systick.o(i.InitTick)
    KeyInit                                  0x000009c1   Thumb Code    76  key.o(i.KeyInit)
    LVD_IRQHandler                           0x00000a15   Thumb Code     2  interrupts_cw32f030.o(i.LVD_IRQHandler)
    LedInit                                  0x00000a19   Thumb Code    94  led.o(i.LedInit)
    LedOff                                   0x00000a85   Thumb Code    44  led.o(i.LedOff)
    LedTgl                                   0x00000ab9   Thumb Code    40  led.o(i.LedTgl)
    NMI_Handler                              0x00000ae9   Thumb Code     2  interrupts_cw32f030.o(i.NMI_Handler)
    NtcInit                                  0x00000aeb   Thumb Code    24  ntc.o(i.NtcInit)
    PendSV_Handler                           0x00000b03   Thumb Code     2  interrupts_cw32f030.o(i.PendSV_Handler)
    RCC_AHBPeriphClk_Enable                  0x00000b05   Thumb Code    42  cw32f030_rcc.o(i.RCC_AHBPeriphClk_Enable)
    RCC_APBPeriphClk_Enable2                 0x00000b61   Thumb Code    42  cw32f030_rcc.o(i.RCC_APBPeriphClk_Enable2)
    RCC_HCLKPRS_Config                       0x00000bbd   Thumb Code    60  cw32f030_rcc.o(i.RCC_HCLKPRS_Config)
    RCC_HSI_Enable                           0x00000c29   Thumb Code    84  cw32f030_rcc.o(i.RCC_HSI_Enable)
    RCC_IRQHandler                           0x00000ca9   Thumb Code     2  interrupts_cw32f030.o(i.RCC_IRQHandler)
    RCC_PCLKPRS_Config                       0x00000cad   Thumb Code    44  cw32f030_rcc.o(i.RCC_PCLKPRS_Config)
    RCC_PLL_Enable                           0x00000d09   Thumb Code   222  cw32f030_rcc.o(i.RCC_PLL_Enable)
    RCC_SysClk_Switch                        0x00000e21   Thumb Code    74  cw32f030_rcc.o(i.RCC_SysClk_Switch)
    RCC_Sysctrl_GetHClkFreq                  0x00000ea1   Thumb Code   104  cw32f030_rcc.o(i.RCC_Sysctrl_GetHClkFreq)
    RCC_SystemCoreClockUpdate                0x00000f1d   Thumb Code     6  cw32f030_rcc.o(i.RCC_SystemCoreClockUpdate)
    RTC_IRQHandler                           0x00000f29   Thumb Code     2  interrupts_cw32f030.o(i.RTC_IRQHandler)
    SPI1_IRQHandler                          0x00000f2b   Thumb Code     2  interrupts_cw32f030.o(i.SPI1_IRQHandler)
    SPI2_IRQHandler                          0x00000f2d   Thumb Code     2  interrupts_cw32f030.o(i.SPI2_IRQHandler)
    SVC_Handler                              0x00000f2f   Thumb Code     2  interrupts_cw32f030.o(i.SVC_Handler)
    SysTick_Handler                          0x00000f31   Thumb Code    12  cw32f030_systick.o(i.SysTick_Handler)
    SysclkInit                               0x00000f41   Thumb Code    60  sysclk.o(i.SysclkInit)
    SystemInit                               0x00000f89   Thumb Code    46  system_cw32f030.o(i.SystemInit)
    UART1_IRQHandler                         0x00000fc5   Thumb Code     2  interrupts_cw32f030.o(i.UART1_IRQHandler)
    UART2_IRQHandler                         0x00000fc7   Thumb Code     2  interrupts_cw32f030.o(i.UART2_IRQHandler)
    UART3_IRQHandler                         0x00000fc9   Thumb Code     2  interrupts_cw32f030.o(i.UART3_IRQHandler)
    USART_GetFlagStatus                      0x00000fcd   Thumb Code    62  cw32f030_uart.o(i.USART_GetFlagStatus)
    USART_Init                               0x0000103d   Thumb Code   444  cw32f030_uart.o(i.USART_Init)
    USART_SendData_8bit                      0x00001239   Thumb Code    36  cw32f030_uart.o(i.USART_SendData_8bit)
    UartConfig                               0x0000128d   Thumb Code    12  uart.o(i.UartConfig)
    UartInit                                 0x0000129d   Thumb Code    90  uart.o(i.UartInit)
    VC1_IRQHandler                           0x00001301   Thumb Code     2  interrupts_cw32f030.o(i.VC1_IRQHandler)
    VC2_IRQHandler                           0x00001303   Thumb Code     2  interrupts_cw32f030.o(i.VC2_IRQHandler)
    WDT_IRQHandler                           0x00001305   Thumb Code     2  interrupts_cw32f030.o(i.WDT_IRQHandler)
    __0printf$0                              0x00001309   Thumb Code    24  printf0.o(i.__0printf$0)
    __1printf$0                              0x00001309   Thumb Code     0  printf0.o(i.__0printf$0)
    __2printf                                0x00001309   Thumb Code     0  printf0.o(i.__0printf$0)
    __ARM_clz                                0x00001329   Thumb Code    46  depilogue.o(i.__ARM_clz)
    __ARM_common_switch8                     0x00001357   Thumb Code    26  cw32f030_i2c.o(i.__ARM_common_switch8)
    __scatterload_copy                       0x000013b5   Thumb Code    14  handlers.o(i.__scatterload_copy)
    __scatterload_null                       0x000013c3   Thumb Code     2  handlers.o(i.__scatterload_null)
    __scatterload_zeroinit                   0x000013c5   Thumb Code    14  handlers.o(i.__scatterload_zeroinit)
    assert_failed                            0x000013fd   Thumb Code     2  main.o(i.assert_failed)
    fputc                                    0x00001401   Thumb Code    54  uart.o(i.fputc)
    main                                     0x0000143d   Thumb Code    42  main.o(i.main)
    hsiprs_tbl                               0x000014cc   Data          64  cw32f030_rcc.o(.constdata)
    Region$$Table$$Base                      0x00001530   Number         0  anon$$obj.o(Region$$Table)
    Region$$Table$$Limit                     0x00001550   Number         0  anon$$obj.o(Region$$Table)
    uwTickFreq                               0x20000004   Data           1  cw32f030_systick.o(.data)
    uwTickPrio                               0x20000008   Data           4  cw32f030_systick.o(.data)
    uwTick                                   0x2000000c   Data           4  cw32f030_systick.o(.data)
    SystemCoreClock                          0x20000010   Data           4  system_cw32f030.o(.data)
    __stdout                                 0x20000014   Data           4  stdout.o(.data)
    __initial_sp                             0x20000218   Data           0  startup_cw32f030.o(STACK)



==============================================================================

Memory Map of the image

  Image Entry point : 0x000000c1

  Load Region LR_IROM1 (Base: 0x00000000, Size: 0x00001568, Max: 0x00010000, ABSOLUTE)

    Execution Region ER_IROM1 (Exec base: 0x00000000, Load base: 0x00000000, Size: 0x00001550, Max: 0x00010000, ABSOLUTE)

    Exec Addr    Load Addr    Size         Type   Attr      Idx    E Section Name        Object

    0x00000000   0x00000000   0x000000c0   Data   RO            3    RESET               startup_cw32f030.o
    0x000000c0   0x000000c0   0x00000000   Code   RO         3994  * .ARM.Collect$$$$00000000  mc_p.l(entry.o)
    0x000000c0   0x000000c0   0x00000004   Code   RO         4296    .ARM.Collect$$$$00000001  mc_p.l(entry2.o)
    0x000000c4   0x000000c4   0x00000004   Code   RO         4299    .ARM.Collect$$$$00000004  mc_p.l(entry5.o)
    0x000000c8   0x000000c8   0x00000000   Code   RO         4301    .ARM.Collect$$$$00000008  mc_p.l(entry7b.o)
    0x000000c8   0x000000c8   0x00000000   Code   RO         4303    .ARM.Collect$$$$0000000A  mc_p.l(entry8b.o)
    0x000000c8   0x000000c8   0x00000008   Code   RO         4304    .ARM.Collect$$$$0000000B  mc_p.l(entry9a.o)
    0x000000d0   0x000000d0   0x00000004   Code   RO         4311    .ARM.Collect$$$$0000000E  mc_p.l(entry12b.o)
    0x000000d4   0x000000d4   0x00000000   Code   RO         4306    .ARM.Collect$$$$0000000F  mc_p.l(entry10a.o)
    0x000000d4   0x000000d4   0x00000000   Code   RO         4308    .ARM.Collect$$$$00000011  mc_p.l(entry11a.o)
    0x000000d4   0x000000d4   0x00000004   Code   RO         4297    .ARM.Collect$$$$00002712  mc_p.l(entry2.o)
    0x000000d8   0x000000d8   0x0000003c   Code   RO            4    .text               startup_cw32f030.o
    0x00000114   0x00000114   0x0000002c   Code   RO         3997    .text               mc_p.l(uidiv.o)
    0x00000140   0x00000140   0x00000024   Code   RO         4003    .text               mc_p.l(memcpya.o)
    0x00000164   0x00000164   0x000000b2   Code   RO         4268    .text               mf_p.l(fadd.o)
    0x00000216   0x00000216   0x0000007c   Code   RO         4272    .text               mf_p.l(fdiv.o)
    0x00000292   0x00000292   0x00000018   Code   RO         4274    .text               mf_p.l(fscalb.o)
    0x000002aa   0x000002aa   0x00000002   PAD
    0x000002ac   0x000002ac   0x00000168   Code   RO         4276    .text               mf_p.l(dadd.o)
    0x00000414   0x00000414   0x0000000e   Code   RO         4284    .text               mf_p.l(ffltui.o)
    0x00000422   0x00000422   0x00000028   Code   RO         4288    .text               mf_p.l(ffixui.o)
    0x0000044a   0x0000044a   0x00000002   PAD
    0x0000044c   0x0000044c   0x0000003c   Code   RO         4290    .text               mf_p.l(dfixui.o)
    0x00000488   0x00000488   0x00000028   Code   RO         4292    .text               mf_p.l(f2d.o)
    0x000004b0   0x000004b0   0x00000020   Code   RO         4315    .text               mc_p.l(llshl.o)
    0x000004d0   0x000004d0   0x00000022   Code   RO         4317    .text               mc_p.l(llushr.o)
    0x000004f2   0x000004f2   0x00000026   Code   RO         4319    .text               mc_p.l(llsshr.o)
    0x00000518   0x00000518   0x00000000   Code   RO         4321    .text               mc_p.l(iusefp.o)
    0x00000518   0x00000518   0x00000082   Code   RO         4322    .text               mf_p.l(fepilogue.o)
    0x0000059a   0x0000059a   0x000000be   Code   RO         4324    .text               mf_p.l(depilogue.o)
    0x00000658   0x00000658   0x00000024   Code   RO         4332    .text               mc_p.l(init.o)
    0x0000067c   0x0000067c   0x00000002   Code   RO           10    i.ADC_IRQHandler    interrupts_cw32f030.o
    0x0000067e   0x0000067e   0x00000002   Code   RO           11    i.AWT_IRQHandler    interrupts_cw32f030.o
    0x00000680   0x00000680   0x00000002   Code   RO           12    i.BTIM2_IRQHandler  interrupts_cw32f030.o
    0x00000682   0x00000682   0x00000002   Code   RO           13    i.BTIM3_IRQHandler  interrupts_cw32f030.o
    0x00000684   0x00000684   0x00000028   Code   RO          490    i.BeepInit          beep.o
    0x000006ac   0x000006ac   0x00000012   Code   RO          491    i.BeepOff           beep.o
    0x000006be   0x000006be   0x00000002   PAD
    0x000006c0   0x000006c0   0x00000038   Code   RO          214    i.BoardInit         main.o
    0x000006f8   0x000006f8   0x00000002   Code   RO           14    i.DMACH23_IRQHandler  interrupts_cw32f030.o
    0x000006fa   0x000006fa   0x00000002   Code   RO           15    i.DMACH45_IRQHandler  interrupts_cw32f030.o
    0x000006fc   0x000006fc   0x00000018   Code   RO          682    i.DelayInit         sleep.o
    0x00000714   0x00000714   0x00000018   Code   RO          699    i.DelayNonBlock     sleep.o
    0x0000072c   0x0000072c   0x00000002   Code   RO           16    i.FAULT_IRQHandler  interrupts_cw32f030.o
    0x0000072e   0x0000072e   0x00000002   Code   RO           17    i.FLASHRAM_IRQHandler  interrupts_cw32f030.o
    0x00000730   0x00000730   0x00000064   Code   RO         1836    i.FLASH_SetLatency  cw32f030_flash.o
    0x00000794   0x00000794   0x00000002   Code   RO           18    i.GPIOA_IRQHandler  interrupts_cw32f030.o
    0x00000796   0x00000796   0x00000002   Code   RO           19    i.GPIOB_IRQHandler  interrupts_cw32f030.o
    0x00000798   0x00000798   0x00000002   Code   RO           20    i.GPIOC_IRQHandler  interrupts_cw32f030.o
    0x0000079a   0x0000079a   0x00000002   Code   RO           21    i.GPIOF_IRQHandler  interrupts_cw32f030.o
    0x0000079c   0x0000079c   0x000000e4   Code   RO         1976    i.GPIO_Init         cw32f030_gpio.o
    0x00000880   0x00000880   0x00000004   Code   RO         1981    i.GPIO_TogglePin    cw32f030_gpio.o
    0x00000884   0x00000884   0x0000000c   Code   RO         1982    i.GPIO_WritePin     cw32f030_gpio.o
    0x00000890   0x00000890   0x00000002   Code   RO           22    i.GTIM1_IRQHandler  interrupts_cw32f030.o
    0x00000892   0x00000892   0x00000002   PAD
    0x00000894   0x00000894   0x00000034   Code   RO          582    i.GTIM2_IRQHandler  hallenc.o
    0x000008c8   0x000008c8   0x00000002   Code   RO           23    i.GTIM3_IRQHandler  interrupts_cw32f030.o
    0x000008ca   0x000008ca   0x00000002   Code   RO           24    i.GTIM4_IRQHandler  interrupts_cw32f030.o
    0x000008cc   0x000008cc   0x00000080   Code   RO         2064    i.GTIM_ClearITPendingBit  cw32f030_gtim.o
    0x0000094c   0x0000094c   0x0000000c   Code   RO         3367    i.GetTick           cw32f030_systick.o
    0x00000958   0x00000958   0x00000008   Code   RO          694    i.HAL_GetTick       sleep.o
    0x00000960   0x00000960   0x00000002   Code   RO           25    i.HardFault_Handler  interrupts_cw32f030.o
    0x00000962   0x00000962   0x00000002   Code   RO           26    i.I2C1_IRQHandler   interrupts_cw32f030.o
    0x00000964   0x00000964   0x00000002   Code   RO           27    i.I2C2_IRQHandler   interrupts_cw32f030.o
    0x00000966   0x00000966   0x00000002   PAD
    0x00000968   0x00000968   0x00000058   Code   RO         3368    i.InitTick          cw32f030_systick.o
    0x000009c0   0x000009c0   0x00000054   Code   RO          450    i.KeyInit           key.o
    0x00000a14   0x00000a14   0x00000002   Code   RO           28    i.LVD_IRQHandler    interrupts_cw32f030.o
    0x00000a16   0x00000a16   0x00000002   PAD
    0x00000a18   0x00000a18   0x0000006c   Code   RO          536    i.LedInit           led.o
    0x00000a84   0x00000a84   0x00000034   Code   RO          537    i.LedOff            led.o
    0x00000ab8   0x00000ab8   0x00000030   Code   RO          539    i.LedTgl            led.o
    0x00000ae8   0x00000ae8   0x00000002   Code   RO           29    i.NMI_Handler       interrupts_cw32f030.o
    0x00000aea   0x00000aea   0x00000018   Code   RO          387    i.NtcInit           ntc.o
    0x00000b02   0x00000b02   0x00000002   Code   RO           30    i.PendSV_Handler    interrupts_cw32f030.o
    0x00000b04   0x00000b04   0x0000005c   Code   RO         2728    i.RCC_AHBPeriphClk_Enable  cw32f030_rcc.o
    0x00000b60   0x00000b60   0x0000005c   Code   RO         2731    i.RCC_APBPeriphClk_Enable2  cw32f030_rcc.o
    0x00000bbc   0x00000bbc   0x0000006c   Code   RO         2751    i.RCC_HCLKPRS_Config  cw32f030_rcc.o
    0x00000c28   0x00000c28   0x00000080   Code   RO         2757    i.RCC_HSI_Enable    cw32f030_rcc.o
    0x00000ca8   0x00000ca8   0x00000002   Code   RO           31    i.RCC_IRQHandler    interrupts_cw32f030.o
    0x00000caa   0x00000caa   0x00000002   PAD
    0x00000cac   0x00000cac   0x0000005c   Code   RO         2769    i.RCC_PCLKPRS_Config  cw32f030_rcc.o
    0x00000d08   0x00000d08   0x00000118   Code   RO         2772    i.RCC_PLL_Enable    cw32f030_rcc.o
    0x00000e20   0x00000e20   0x00000080   Code   RO         2776    i.RCC_SysClk_Switch  cw32f030_rcc.o
    0x00000ea0   0x00000ea0   0x0000007c   Code   RO         2777    i.RCC_Sysctrl_GetHClkFreq  cw32f030_rcc.o
    0x00000f1c   0x00000f1c   0x0000000c   Code   RO         2779    i.RCC_SystemCoreClockUpdate  cw32f030_rcc.o
    0x00000f28   0x00000f28   0x00000002   Code   RO           32    i.RTC_IRQHandler    interrupts_cw32f030.o
    0x00000f2a   0x00000f2a   0x00000002   Code   RO           33    i.SPI1_IRQHandler   interrupts_cw32f030.o
    0x00000f2c   0x00000f2c   0x00000002   Code   RO           34    i.SPI2_IRQHandler   interrupts_cw32f030.o
    0x00000f2e   0x00000f2e   0x00000002   Code   RO           35    i.SVC_Handler       interrupts_cw32f030.o
    0x00000f30   0x00000f30   0x00000010   Code   RO         3372    i.SysTick_Handler   cw32f030_systick.o
    0x00000f40   0x00000f40   0x00000048   Code   RO          423    i.SysclkInit        sysclk.o
    0x00000f88   0x00000f88   0x0000003c   Code   RO         3933    i.SystemInit        system_cw32f030.o
    0x00000fc4   0x00000fc4   0x00000002   Code   RO           36    i.UART1_IRQHandler  interrupts_cw32f030.o
    0x00000fc6   0x00000fc6   0x00000002   Code   RO           37    i.UART2_IRQHandler  interrupts_cw32f030.o
    0x00000fc8   0x00000fc8   0x00000002   Code   RO           38    i.UART3_IRQHandler  interrupts_cw32f030.o
    0x00000fca   0x00000fca   0x00000002   PAD
    0x00000fcc   0x00000fcc   0x00000070   Code   RO         3444    i.USART_GetFlagStatus  cw32f030_uart.o
    0x0000103c   0x0000103c   0x000001fc   Code   RO         3448    i.USART_Init        cw32f030_uart.o
    0x00001238   0x00001238   0x00000054   Code   RO         3453    i.USART_SendData_8bit  cw32f030_uart.o
    0x0000128c   0x0000128c   0x00000010   Code   RO          619    i.UartConfig        uart.o
    0x0000129c   0x0000129c   0x00000064   Code   RO          620    i.UartInit          uart.o
    0x00001300   0x00001300   0x00000002   Code   RO           39    i.VC1_IRQHandler    interrupts_cw32f030.o
    0x00001302   0x00001302   0x00000002   Code   RO           40    i.VC2_IRQHandler    interrupts_cw32f030.o
    0x00001304   0x00001304   0x00000002   Code   RO           41    i.WDT_IRQHandler    interrupts_cw32f030.o
    0x00001306   0x00001306   0x00000002   PAD
    0x00001308   0x00001308   0x00000020   Code   RO         4030    i.__0printf$0       mc_p.l(printf0.o)
    0x00001328   0x00001328   0x0000002e   Code   RO         4326    i.__ARM_clz         mf_p.l(depilogue.o)
    0x00001356   0x00001356   0x0000001a   Code   RO         2434    i.__ARM_common_switch8  cw32f030_i2c.o
    0x00001370   0x00001370   0x00000044   Code   RO         3373    i.__NVIC_SetPriority  cw32f030_systick.o
    0x000013b4   0x000013b4   0x0000000e   Code   RO         4336    i.__scatterload_copy  mc_p.l(handlers.o)
    0x000013c2   0x000013c2   0x00000002   Code   RO         4337    i.__scatterload_null  mc_p.l(handlers.o)
    0x000013c4   0x000013c4   0x0000000e   Code   RO         4338    i.__scatterload_zeroinit  mc_p.l(handlers.o)
    0x000013d2   0x000013d2   0x0000002a   Code   RO         4037    i._printf_core      mc_p.l(printf0.o)
    0x000013fc   0x000013fc   0x00000002   Code   RO          215    i.assert_failed     main.o
    0x000013fe   0x000013fe   0x00000002   PAD
    0x00001400   0x00001400   0x0000003c   Code   RO          621    i.fputc             uart.o
    0x0000143c   0x0000143c   0x00000038   Code   RO          216    i.main              main.o
    0x00001474   0x00001474   0x00000018   Data   RO          217    .constdata          main.o
    0x0000148c   0x0000148c   0x00000010   Data   RO          453    .constdata          key.o
    0x0000149c   0x0000149c   0x00000010   Data   RO          494    .constdata          beep.o
    0x000014ac   0x000014ac   0x00000010   Data   RO          540    .constdata          led.o
    0x000014bc   0x000014bc   0x00000010   Data   RO          622    .constdata          uart.o
    0x000014cc   0x000014cc   0x00000064   Data   RO         2781    .constdata          cw32f030_rcc.o
    0x00001530   0x00001530   0x00000020   Data   RO         4334    Region$$Table       anon$$obj.o


    Execution Region RW_IRAM1 (Exec base: 0x20000000, Load base: 0x00001550, Size: 0x00000218, Max: 0x00002000, ABSOLUTE)

    Exec Addr    Load Addr    Size         Type   Attr      Idx    E Section Name        Object

    0x20000000   0x00001550   0x00000004   Data   RW          218    .data               main.o
    0x20000004   0x00001554   0x0000000c   Data   RW         3374    .data               cw32f030_systick.o
    0x20000010   0x00001560   0x00000004   Data   RW         3937    .data               system_cw32f030.o
    0x20000014   0x00001564   0x00000004   Data   RW         4312    .data               mc_p.l(stdout.o)
    0x20000018        -       0x00000200   Zero   RW            1    STACK               startup_cw32f030.o


==============================================================================

Image component sizes


      Code (inc. data)   RO Data    RW Data    ZI Data      Debug   Object Name

        58          6         16          0          0       1377   beep.o
         0          0          0          0          0       2248   cw32f030_adc.o
       100         50          0          0          0        555   cw32f030_flash.o
       244          4          0          0          0       2301   cw32f030_gpio.o
       128         56          0          0          0       8297   cw32f030_gtim.o
        26          0          0          0          0         72   cw32f030_i2c.o
      1056        386        100          0          0       6636   cw32f030_rcc.o
       184         32          0         12          0      11278   cw32f030_systick.o
       704        162          0          0          0       2489   cw32f030_uart.o
        52         12          0          0          0        963   hallenc.o
        64          0          0          0          0      15072   interrupts_cw32f030.o
        84          8         16          0          0        490   key.o
       208         30         16          0          0       1508   led.o
       114         18         24          4          0     190851   main.o
        24          0          0          0          0        430   ntc.o
        56          8          0          0          0       2766   sleep.o
        60         22        192          0        512        648   startup_cw32f030.o
        72         12          0          0          0        469   sysclk.o
        60         14          0          4          0       1351   system_cw32f030.o
       176         20         16          0          0       3268   uart.o

    ----------------------------------------------------------------------
      3486        840        412         20        512     253069   Object Totals
         0          0         32          0          0          0   (incl. Generated)
        16          0          0          0          0          0   (incl. Padding)

    ----------------------------------------------------------------------

      Code (inc. data)   RO Data    RW Data    ZI Data      Debug   Library Member Name

         0          0          0          0          0          0   entry.o
         0          0          0          0          0          0   entry10a.o
         0          0          0          0          0          0   entry11a.o
         4          0          0          0          0          0   entry12b.o
         8          4          0          0          0          0   entry2.o
         4          0          0          0          0          0   entry5.o
         0          0          0          0          0          0   entry7b.o
         0          0          0          0          0          0   entry8b.o
         8          4          0          0          0          0   entry9a.o
        30          0          0          0          0          0   handlers.o
        36          8          0          0          0         68   init.o
         0          0          0          0          0          0   iusefp.o
        32          0          0          0          0         68   llshl.o
        38          0          0          0          0         68   llsshr.o
        34          0          0          0          0         68   llushr.o
        36          0          0          0          0         60   memcpya.o
        74          8          0          0          0        160   printf0.o
         0          0          0          4          0          0   stdout.o
        44          0          0          0          0         72   uidiv.o
       360          6          0          0          0        140   dadd.o
       236          0          0          0          0        216   depilogue.o
        60         10          0          0          0         68   dfixui.o
        40          0          0          0          0         60   f2d.o
       178          0          0          0          0        108   fadd.o
       124          0          0          0          0         72   fdiv.o
       130          0          0          0          0        144   fepilogue.o
        40          0          0          0          0         60   ffixui.o
        14          0          0          0          0         68   ffltui.o
        24          0          0          0          0         60   fscalb.o

    ----------------------------------------------------------------------
      1558         40          0          4          0       1560   Library Totals
         4          0          0          0          0          0   (incl. Padding)

    ----------------------------------------------------------------------

      Code (inc. data)   RO Data    RW Data    ZI Data      Debug   Library Name

       348         24          0          4          0        564   mc_p.l
      1206         16          0          0          0        996   mf_p.l

    ----------------------------------------------------------------------
      1558         40          0          4          0       1560   Library Totals

    ----------------------------------------------------------------------

==============================================================================


      Code (inc. data)   RO Data    RW Data    ZI Data      Debug   

      5044        880        412         24        512     250909   Grand Totals
      5044        880        412         24        512     250909   ELF Image Totals
      5044        880        412         24          0          0   ROM Totals

==============================================================================

    Total RO  Size (Code + RO Data)                 5456 (   5.33kB)
    Total RW  Size (RW Data + ZI Data)               536 (   0.52kB)
    Total ROM Size (Code + RO Data + RW Data)       5480 (   5.35kB)

==============================================================================

