Component: ARM Compiler 5.06 update 7 (build 960) Tool: armlink [4d3601]

==============================================================================

Section Cross References

    interrupts_cw32f030.o(i.DMACH1_IRQHandler) refers to cw32f030_dma.o(i.DMA_GetITStatus) for DMA_GetITStatus
    interrupts_cw32f030.o(i.DMACH1_IRQHandler) refers to cw32f030_dma.o(i.DMA_ClearITPendingBit) for DMA_ClearITPendingBit
    interrupts_cw32f030.o(i.GTIM1_IRQHandler) refers to cw32f030_gtim.o(i.GTIM_GetITStatus) for GTIM_GetITStatus
    interrupts_cw32f030.o(i.GTIM1_IRQHandler) refers to cw32f030_gtim.o(i.GTIM_ClearITPendingBit) for GTIM_ClearITPendingBit
    startup_cw32f030.o(RESET) refers to startup_cw32f030.o(STACK) for __initial_sp
    startup_cw32f030.o(RESET) refers to startup_cw32f030.o(.text) for Reset_Handler
    startup_cw32f030.o(RESET) refers to interrupts_cw32f030.o(i.NMI_Handler) for NMI_Handler
    startup_cw32f030.o(RESET) refers to interrupts_cw32f030.o(i.HardFault_Handler) for HardFault_Handler
    startup_cw32f030.o(RESET) refers to interrupts_cw32f030.o(i.SVC_Handler) for SVC_Handler
    startup_cw32f030.o(RESET) refers to interrupts_cw32f030.o(i.PendSV_Handler) for PendSV_Handler
    startup_cw32f030.o(RESET) refers to cw32f030_systick.o(i.SysTick_Handler) for SysTick_Handler
    startup_cw32f030.o(RESET) refers to interrupts_cw32f030.o(i.WDT_IRQHandler) for WDT_IRQHandler
    startup_cw32f030.o(RESET) refers to interrupts_cw32f030.o(i.LVD_IRQHandler) for LVD_IRQHandler
    startup_cw32f030.o(RESET) refers to interrupts_cw32f030.o(i.RTC_IRQHandler) for RTC_IRQHandler
    startup_cw32f030.o(RESET) refers to interrupts_cw32f030.o(i.FLASHRAM_IRQHandler) for FLASHRAM_IRQHandler
    startup_cw32f030.o(RESET) refers to interrupts_cw32f030.o(i.RCC_IRQHandler) for RCC_IRQHandler
    startup_cw32f030.o(RESET) refers to interrupts_cw32f030.o(i.GPIOA_IRQHandler) for GPIOA_IRQHandler
    startup_cw32f030.o(RESET) refers to interrupts_cw32f030.o(i.GPIOB_IRQHandler) for GPIOB_IRQHandler
    startup_cw32f030.o(RESET) refers to interrupts_cw32f030.o(i.GPIOC_IRQHandler) for GPIOC_IRQHandler
    startup_cw32f030.o(RESET) refers to interrupts_cw32f030.o(i.GPIOF_IRQHandler) for GPIOF_IRQHandler
    startup_cw32f030.o(RESET) refers to interrupts_cw32f030.o(i.DMACH1_IRQHandler) for DMACH1_IRQHandler
    startup_cw32f030.o(RESET) refers to interrupts_cw32f030.o(i.DMACH23_IRQHandler) for DMACH23_IRQHandler
    startup_cw32f030.o(RESET) refers to interrupts_cw32f030.o(i.DMACH45_IRQHandler) for DMACH45_IRQHandler
    startup_cw32f030.o(RESET) refers to interrupts_cw32f030.o(i.ADC_IRQHandler) for ADC_IRQHandler
    startup_cw32f030.o(RESET) refers to main.o(i.ATIM_IRQHandler) for ATIM_IRQHandler
    startup_cw32f030.o(RESET) refers to interrupts_cw32f030.o(i.VC1_IRQHandler) for VC1_IRQHandler
    startup_cw32f030.o(RESET) refers to interrupts_cw32f030.o(i.VC2_IRQHandler) for VC2_IRQHandler
    startup_cw32f030.o(RESET) refers to interrupts_cw32f030.o(i.GTIM1_IRQHandler) for GTIM1_IRQHandler
    startup_cw32f030.o(RESET) refers to main.o(i.GTIM2_IRQHandler) for GTIM2_IRQHandler
    startup_cw32f030.o(RESET) refers to interrupts_cw32f030.o(i.GTIM3_IRQHandler) for GTIM3_IRQHandler
    startup_cw32f030.o(RESET) refers to interrupts_cw32f030.o(i.GTIM4_IRQHandler) for GTIM4_IRQHandler
    startup_cw32f030.o(RESET) refers to main.o(i.BTIM1_IRQHandler) for BTIM1_IRQHandler
    startup_cw32f030.o(RESET) refers to interrupts_cw32f030.o(i.BTIM3_IRQHandler) for BTIM3_IRQHandler
    startup_cw32f030.o(RESET) refers to interrupts_cw32f030.o(i.I2C1_IRQHandler) for I2C1_IRQHandler
    startup_cw32f030.o(RESET) refers to interrupts_cw32f030.o(i.I2C2_IRQHandler) for I2C2_IRQHandler
    startup_cw32f030.o(RESET) refers to interrupts_cw32f030.o(i.SPI1_IRQHandler) for SPI1_IRQHandler
    startup_cw32f030.o(RESET) refers to interrupts_cw32f030.o(i.SPI2_IRQHandler) for SPI2_IRQHandler
    startup_cw32f030.o(RESET) refers to interrupts_cw32f030.o(i.UART1_IRQHandler) for UART1_IRQHandler
    startup_cw32f030.o(RESET) refers to interrupts_cw32f030.o(i.UART2_IRQHandler) for UART2_IRQHandler
    startup_cw32f030.o(RESET) refers to interrupts_cw32f030.o(i.UART3_IRQHandler) for UART3_IRQHandler
    startup_cw32f030.o(RESET) refers to interrupts_cw32f030.o(i.AWT_IRQHandler) for AWT_IRQHandler
    startup_cw32f030.o(RESET) refers to interrupts_cw32f030.o(i.FAULT_IRQHandler) for FAULT_IRQHandler
    startup_cw32f030.o(.text) refers to system_cw32f030.o(i.SystemInit) for SystemInit
    startup_cw32f030.o(.text) refers to entry.o(.ARM.Collect$$$$00000000) for __main
    main.o(i.ADC_Configuration) refers to cw32f030_rcc.o(i.RCC_AHBPeriphClk_Enable) for RCC_AHBPeriphClk_Enable
    main.o(i.ADC_Configuration) refers to cw32f030_rcc.o(i.RCC_APBPeriphClk_Enable2) for RCC_APBPeriphClk_Enable2
    main.o(i.ADC_Configuration) refers to cw32f030_adc.o(i.ADC_Init) for ADC_Init
[...]
    Removing cw32f030_rtc.o(i.RTC_OutputConfig), (92 bytes).
    Removing cw32f030_rtc.o(i.RTC_SetAlarm), (104 bytes).
    Removing cw32f030_rtc.o(i.RTC_SetClockSource), (52 bytes).
    Removing cw32f030_rtc.o(i.RTC_SetDate), (72 bytes).
    Removing cw32f030_rtc.o(i.RTC_SetInterval), (92 bytes).
    Removing cw32f030_rtc.o(i.RTC_SetTime), (116 bytes).
    Removing cw32f030_rtc.o(i.RTC_TamperCmd), (92 bytes).
    Removing cw32f030_rtc.o(i.RTC_TamperTriggerConfig), (92 bytes).
    Removing cw32f030_spi.o(.rev16_text), (4 bytes).
    Removing cw32f030_spi.o(.revsh_text), (4 bytes).
    Removing cw32f030_spi.o(i.SPI1_DeInit), (24 bytes).
    Removing cw32f030_spi.o(i.SPI2_DeInit), (24 bytes).
    Removing cw32f030_spi.o(i.SPI_BiDirectionalLineConfig), (4 bytes).
    Removing cw32f030_spi.o(i.SPI_ClearFlag), (8 bytes).
    Removing cw32f030_spi.o(i.SPI_ClearITPendingBit), (8 bytes).
    Removing cw32f030_spi.o(i.SPI_Cmd), (16 bytes).
    Removing cw32f030_spi.o(i.SPI_DMACmd), (16 bytes).
    Removing cw32f030_spi.o(i.SPI_DataSizeConfig), (14 bytes).
    Removing cw32f030_spi.o(i.SPI_FlushSendBuff), (10 bytes).
    Removing cw32f030_spi.o(i.SPI_GetFlagStatus), (10 bytes).
    Removing cw32f030_spi.o(i.SPI_GetITStatus), (10 bytes).
    Removing cw32f030_spi.o(i.SPI_ITConfig), (16 bytes).
    Removing cw32f030_spi.o(i.SPI_Init), (52 bytes).
    Removing cw32f030_spi.o(i.SPI_MISOOutputConfig), (18 bytes).
    Removing cw32f030_spi.o(i.SPI_NSSInternalSoftwareConfig), (4 bytes).
    Removing cw32f030_spi.o(i.SPI_ReceiveData), (6 bytes).
    Removing cw32f030_spi.o(i.SPI_SendData), (4 bytes).
    Removing cw32f030_spi.o(i.SPI_StructInit), (26 bytes).
    Removing cw32f030_systick.o(.rev16_text), (4 bytes).
    Removing cw32f030_systick.o(.revsh_text), (4 bytes).
    Removing cw32f030_systick.o(i.GetTick), (12 bytes).
    Removing cw32f030_systick.o(i.InitTick), (88 bytes).
    Removing cw32f030_systick.o(i.ResumeTick), (16 bytes).
    Removing cw32f030_systick.o(i.SuspendTick), (16 bytes).
    Removing cw32f030_systick.o(i.SysTickDelay), (36 bytes).
    Removing cw32f030_systick.o(i.__NVIC_SetPriority), (68 bytes).
    Removing cw32f030_uart.o(.rev16_text), (4 bytes).
    Removing cw32f030_uart.o(.revsh_text), (4 bytes).
    Removing cw32f030_uart.o(i.UART1_DeInit), (24 bytes).
    Removing cw32f030_uart.o(i.UART2_DeInit), (24 bytes).
    Removing cw32f030_uart.o(i.UART3_DeInit), (24 bytes).
    Removing cw32f030_uart.o(i.USART_ClearFlag), (8 bytes).
    Removing cw32f030_uart.o(i.USART_ClearITPendingBit), (8 bytes).
    Removing cw32f030_uart.o(i.USART_ClockInit), (28 bytes).
    Removing cw32f030_uart.o(i.USART_ClockStructInit), (8 bytes).
    Removing cw32f030_uart.o(i.USART_DMACmd), (20 bytes).
    Removing cw32f030_uart.o(i.USART_GetFlagStatus), (10 bytes).
    Removing cw32f030_uart.o(i.USART_GetITStatus), (10 bytes).
    Removing cw32f030_uart.o(i.USART_HalfDuplexCmd), (16 bytes).
    Removing cw32f030_uart.o(i.USART_ITConfig), (20 bytes).
    Removing cw32f030_uart.o(i.USART_Init), (228 bytes).
    Removing cw32f030_uart.o(i.USART_ReceiveData), (8 bytes).
    Removing cw32f030_uart.o(i.USART_ReceiveData_8bit), (6 bytes).
    Removing cw32f030_uart.o(i.USART_SendData), (8 bytes).
    Removing cw32f030_uart.o(i.USART_SendData_8bit), (4 bytes).
    Removing cw32f030_uart.o(i.USART_SetMultiMode), (32 bytes).
    Removing cw32f030_uart.o(i.USART_StructInit), (26 bytes).
    Removing cw32f030_uart.o(i.USART_TxRxEN), (20 bytes).
    Removing cw32f030_uart.o(i.USART_TxRxINV), (20 bytes).
    Removing cw32f030_vc.o(.rev16_text), (4 bytes).
    Removing cw32f030_vc.o(.revsh_text), (4 bytes).
    Removing cw32f030_vc.o(i.VC1VC2_BlankInit), (12 bytes).
    Removing cw32f030_vc.o(i.VC1VC2_DIVDeInit), (16 bytes).
    Removing cw32f030_vc.o(i.VC1VC2_DIVInit), (76 bytes).
    Removing cw32f030_vc.o(i.VC1VC2_INNInit), (80 bytes).
    Removing cw32f030_vc.o(i.VC1VC2_OutInit), (8 bytes).
    Removing cw32f030_vc.o(i.VC1_BlankCfg), (32 bytes).
    Removing cw32f030_vc.o(i.VC1_ChannelDeInit), (24 bytes).
    Removing cw32f030_vc.o(i.VC1_ChannelInit), (72 bytes).
    Removing cw32f030_vc.o(i.VC1_ClearIrq), (16 bytes).
    Removing cw32f030_vc.o(i.VC1_DisableChannel), (16 bytes).
    Removing cw32f030_vc.o(i.VC1_DisableFilter), (16 bytes).
    Removing cw32f030_vc.o(i.VC1_DisableIrq), (24 bytes).
    Removing cw32f030_vc.o(i.VC1_EnableChannel), (28 bytes).
    Removing cw32f030_vc.o(i.VC1_EnableFilter), (16 bytes).
    Removing cw32f030_vc.o(i.VC1_EnableIrq), (28 bytes).
    Removing cw32f030_vc.o(i.VC1_GetFlagStatus), (20 bytes).
    Removing cw32f030_vc.o(i.VC1_ITConfig), (24 bytes).
    Removing cw32f030_vc.o(i.VC1_OutputCfg), (28 bytes).
    Removing cw32f030_vc.o(i.VC1_PolarityCfg), (24 bytes).
    Removing cw32f030_vc.o(i.VC1_WindowEnable), (24 bytes).
    Removing cw32f030_vc.o(i.VC2_BlankCfg), (32 bytes).
    Removing cw32f030_vc.o(i.VC2_ChannelDeInit), (24 bytes).
    Removing cw32f030_vc.o(i.VC2_ChannelInit), (72 bytes).
    Removing cw32f030_vc.o(i.VC2_ClearIrq), (16 bytes).
    Removing cw32f030_vc.o(i.VC2_DisableChannel), (16 bytes).
    Removing cw32f030_vc.o(i.VC2_DisableFilter), (16 bytes).
    Removing cw32f030_vc.o(i.VC2_DisableIrq), (24 bytes).
    Removing cw32f030_vc.o(i.VC2_EnableChannel), (28 bytes).
    Removing cw32f030_vc.o(i.VC2_EnableFilter), (16 bytes).
    Removing cw32f030_vc.o(i.VC2_EnableIrq), (28 bytes).
    Removing cw32f030_vc.o(i.VC2_GetFlagStatus), (20 bytes).
    Removing cw32f030_vc.o(i.VC2_ITConfig), (24 bytes).
    Removing cw32f030_vc.o(i.VC2_OutputCfg), (28 bytes).
    Removing cw32f030_vc.o(i.VC2_PolarityCfg), (24 bytes).
    Removing cw32f030_vc.o(i.VC2_WindowEnable), (24 bytes).
    Removing cw32f030_vc.o(i.VC_DeInit), (32 bytes).
    Removing cw32f030_vc.o(i.VC_DisableNvic), (40 bytes).
    Removing cw32f030_vc.o(i.VC_EnableNvic), (104 bytes).
    Removing cw32f030_vc.o(i.__NVIC_ClearPendingIRQ), (24 bytes).
    Removing cw32f030_wwdt.o(.rev16_text), (4 bytes).
    Removing cw32f030_wwdt.o(.revsh_text), (4 bytes).
    Removing cw32f030_wwdt.o(i.WWDT_ClearFlag), (16 bytes).
    Removing cw32f030_wwdt.o(i.WWDT_Cmd), (16 bytes).
    Removing cw32f030_wwdt.o(i.WWDT_DeInit), (24 bytes).
    Removing cw32f030_wwdt.o(i.WWDT_EnableIT), (16 bytes).
    Removing cw32f030_wwdt.o(i.WWDT_GetCounterValue), (16 bytes).
    Removing cw32f030_wwdt.o(i.WWDT_GetFlagStatus), (12 bytes).
    Removing cw32f030_wwdt.o(i.WWDT_GetWindowValue), (16 bytes).
    Removing cw32f030_wwdt.o(i.WWDT_Init), (52 bytes).
    Removing cw32f030_wwdt.o(i.WWDT_Refresh), (24 bytes).
    Removing cw32f030_wwdt.o(i.WWDT_SetPrescaler), (20 bytes).
    Removing cw32f030_wwdt.o(i.WWDT_SetWindowValue), (24 bytes).
    Removing system_cw32f030.o(.rev16_text), (4 bytes).
    Removing system_cw32f030.o(.revsh_text), (4 bytes).
    Removing system_cw32f030.o(i.FirmwareDelay), (16 bytes).
    Removing system_cw32f030.o(i.MemClr), (18 bytes).
    Removing system_cw32f030.o(i.SystemCoreClockUpdate), (16 bytes).
    Removing fadd.o(.text), (178 bytes).
    Removing fmul.o(.text), (122 bytes).
    Removing fdiv.o(.text), (124 bytes).
    Removing fscalb.o(.text), (24 bytes).
    Removing fflti.o(.text), (22 bytes).
    Removing ffltui.o(.text), (14 bytes).
    Removing ffixi.o(.text), (50 bytes).
    Removing f2d.o(.text), (40 bytes).
    Removing ddiv.o(.text), (240 bytes).
    Removing dfixul.o(.text), (64 bytes).
    Removing cdrcmple.o(.text), (40 bytes).
    Removing cw32f030_iwdt.o(i.IWDT_Cmd), (16 bytes).
    Removing cw32f030_iwdt.o(i.IWDT_Refresh), (16 bytes).
    Removing cw32f030_iwdt.o(i.IWDT_Unlock), (16 bytes).
    Removing cw32f030_iwdt.o(i.IWDT_Lock), (16 bytes).
    Removing cw32f030_iwdt.o(i.IWDT_Stop), (24 bytes).
    Removing cw32f030_iwdt.o(i.IWDT_ClearOVFlag), (16 bytes).

476 unused section(s) (total 27931 bytes) removed from the image.

==============================================================================

Image Symbol Table

    Local Symbols

    Symbol Name                              Value     Ov Type        Size  Object(Section)

    RESET                                    0x00000000   Section      192  startup_cw32f030.o(RESET)
    ../clib/microlib/division.c              0x00000000   Number         0  ldiv.o ABSOLUTE
    ../clib/microlib/division.c              0x00000000   Number         0  idiv.o ABSOLUTE
    ../clib/microlib/division.c              0x00000000   Number         0  uldiv.o ABSOLUTE
    ../clib/microlib/division.c              0x00000000   Number         0  uidiv.o ABSOLUTE
    ../clib/microlib/init/entry.s            0x00000000   Number         0  entry7b.o ABSOLUTE
    ../clib/microlib/init/entry.s            0x00000000   Number         0  entry8a.o ABSOLUTE
    ../clib/microlib/init/entry.s            0x00000000   Number         0  entry11b.o ABSOLUTE
    ../clib/microlib/init/entry.s            0x00000000   Number         0  entry10a.o ABSOLUTE
    ../clib/microlib/init/entry.s            0x00000000   Number         0  entry10b.o ABSOLUTE
    ../clib/microlib/init/entry.s            0x00000000   Number         0  entry12b.o ABSOLUTE
    ../clib/microlib/init/entry.s            0x00000000   Number         0  entry12a.o ABSOLUTE
    ../clib/microlib/init/entry.s            0x00000000   Number         0  entry.o ABSOLUTE
    ../clib/microlib/init/entry.s            0x00000000   Number         0  entry9a.o ABSOLUTE
    ../clib/microlib/init/entry.s            0x00000000   Number         0  entry9b.o ABSOLUTE
    ../clib/microlib/init/entry.s            0x00000000   Number         0  entry8b.o ABSOLUTE
    ../clib/microlib/init/entry.s            0x00000000   Number         0  entry11a.o ABSOLUTE
    ../clib/microlib/init/entry.s            0x00000000   Number         0  entry2.o ABSOLUTE
    ../clib/microlib/init/entry.s            0x00000000   Number         0  entry5.o ABSOLUTE
    ../clib/microlib/init/entry.s            0x00000000   Number         0  entry7a.o ABSOLUTE
    ../clib/microlib/longlong.c              0x00000000   Number         0  llshl.o ABSOLUTE
    ../clib/microlib/longlong.c              0x00000000   Number         0  llushr.o ABSOLUTE
    ../clib/microlib/longlong.c              0x00000000   Number         0  llsshr.o ABSOLUTE
    ../clib/microlib/malloc/malloc.c         0x00000000   Number         0  malloc.o ABSOLUTE
    ../clib/microlib/malloc/malloc.c         0x00000000   Number         0  mallocr.o ABSOLUTE
    ../clib/microlib/malloc/malloc.c         0x00000000   Number         0  malloca.o ABSOLUTE
    ../clib/microlib/malloc/malloc.c         0x00000000   Number         0  mallocra.o ABSOLUTE
    ../clib/microlib/malloc/mvars.c          0x00000000   Number         0  mvars.o ABSOLUTE
    ../clib/microlib/printf/printf.c         0x00000000   Number         0  printf2.o ABSOLUTE
    ../clib/microlib/printf/printf.c         0x00000000   Number         0  printfb.o ABSOLUTE
    ../clib/microlib/printf/printf.c         0x00000000   Number         0  printf0.o ABSOLUTE
    ../clib/microlib/printf/printf.c         0x00000000   Number         0  printf1.o ABSOLUTE
    ../clib/microlib/printf/printf.c         0x00000000   Number         0  printf3.o ABSOLUTE
    ../clib/microlib/printf/printf.c         0x00000000   Number         0  printf4.o ABSOLUTE
    ../clib/microlib/printf/printf.c         0x00000000   Number         0  printf5.o ABSOLUTE
    ../clib/microlib/printf/printf.c         0x00000000   Number         0  printf6.o ABSOLUTE
    ../clib/microlib/printf/printf.c         0x00000000   Number         0  printf7.o ABSOLUTE
    ../clib/microlib/printf/printf.c         0x00000000   Number         0  printf8.o ABSOLUTE
    ../clib/microlib/printf/printf.c         0x00000000   Number         0  printfa.o ABSOLUTE
    ../clib/microlib/printf/stubs.s          0x00000000   Number         0  stubs.o ABSOLUTE
    ../clib/microlib/stdio/fputc.c           0x00000000   Number         0  fputc.o ABSOLUTE
    ../clib/microlib/stdio/semi.s            0x00000000   Number         0  semi.o ABSOLUTE
    ../clib/microlib/stdio/streams.c         0x00000000   Number         0  stdout.o ABSOLUTE
    ../clib/microlib/string/memcpy.c         0x00000000   Number         0  memcpya.o ABSOLUTE
    ../clib/microlib/string/memcpy.c         0x00000000   Number         0  memcpyb.o ABSOLUTE
    ../clib/microlib/stubs.s                 0x00000000   Number         0  iusesemip.o ABSOLUTE
    ../clib/microlib/stubs.s                 0x00000000   Number         0  iusefp.o ABSOLUTE
    ../fplib/microlib/d2f.c                  0x00000000   Number         0  d2f.o ABSOLUTE
    ../fplib/microlib/f2d.c                  0x00000000   Number         0  f2d.o ABSOLUTE
    ../fplib/microlib/fpadd.c                0x00000000   Number         0  fadd.o ABSOLUTE
    ../fplib/microlib/fpadd.c                0x00000000   Number         0  dadd.o ABSOLUTE
    ../fplib/microlib/fpdiv.c                0x00000000   Number         0  fdiv.o ABSOLUTE
    ../fplib/microlib/fpdiv.c                0x00000000   Number         0  ddiv.o ABSOLUTE
    ../fplib/microlib/fpepilogue.c           0x00000000   Number         0  fepilogue.o ABSOLUTE
    ../fplib/microlib/fpepilogue.c           0x00000000   Number         0  depilogue.o ABSOLUTE
    ../fplib/microlib/fpfix.c                0x00000000   Number         0  dfixul.o ABSOLUTE
    ../fplib/microlib/fpfix.c                0x00000000   Number         0  dfixui.o ABSOLUTE
    ../fplib/microlib/fpfix.c                0x00000000   Number         0  ffixui.o ABSOLUTE
    ../fplib/microlib/fpfix.c                0x00000000   Number         0  ffixi.o ABSOLUTE
    ../fplib/microlib/fpflt.c                0x00000000   Number         0  dfltui.o ABSOLUTE
    ../fplib/microlib/fpflt.c                0x00000000   Number         0  ffltui.o ABSOLUTE
    ../fplib/microlib/fpflt.c                0x00000000   Number         0  fflti.o ABSOLUTE
    ../fplib/microlib/fpmul.c                0x00000000   Number         0  fmul.o ABSOLUTE
    ../fplib/microlib/fpmul.c                0x00000000   Number         0  dmul.o ABSOLUTE
    ../fplib/microlib/fpscalb.c              0x00000000   Number         0  fscalb.o ABSOLUTE
    ..\Libraries\src\cw32f030_adc.c          0x00000000   Number         0  cw32f030_adc.o ABSOLUTE
    ..\Libraries\src\cw32f030_atim.c         0x00000000   Number         0  cw32f030_atim.o ABSOLUTE
    ..\Libraries\src\cw32f030_awt.c          0x00000000   Number         0  cw32f030_awt.o ABSOLUTE
    ..\Libraries\src\cw32f030_btim.c         0x00000000   Number         0  cw32f030_btim.o ABSOLUTE
    ..\Libraries\src\cw32f030_crc.c          0x00000000   Number         0  cw32f030_crc.o ABSOLUTE
    ..\Libraries\src\cw32f030_debug.c        0x00000000   Number         0  cw32f030_debug.o ABSOLUTE
    ..\Libraries\src\cw32f030_digitalsign.c  0x00000000   Number         0  cw32f030_digitalsign.o ABSOLUTE
    ..\Libraries\src\cw32f030_dma.c          0x00000000   Number         0  cw32f030_dma.o ABSOLUTE
    ..\Libraries\src\cw32f030_flash.c        0x00000000   Number         0  cw32f030_flash.o ABSOLUTE
    ..\Libraries\src\cw32f030_gpio.c         0x00000000   Number         0  cw32f030_gpio.o ABSOLUTE
    ..\Libraries\src\cw32f030_gtim.c         0x00000000   Number         0  cw32f030_gtim.o ABSOLUTE
    ..\Libraries\src\cw32f030_i2c.c          0x00000000   Number         0  cw32f030_i2c.o ABSOLUTE
    ..\Libraries\src\cw32f030_iwdt.c         0x00000000   Number         0  cw32f030_iwdt.o ABSOLUTE
    ..\Libraries\src\cw32f030_lvd.c          0x00000000   Number         0  cw32f030_lvd.o ABSOLUTE
    ..\Libraries\src\cw32f030_pwr.c          0x00000000   Number         0  cw32f030_pwr.o ABSOLUTE
    ..\Libraries\src\cw32f030_ram.c          0x00000000   Number         0  cw32f030_ram.o ABSOLUTE
    ..\Libraries\src\cw32f030_rcc.c          0x00000000   Number         0  cw32f030_rcc.o ABSOLUTE
    ..\Libraries\src\cw32f030_rtc.c          0x00000000   Number         0  cw32f030_rtc.o ABSOLUTE
    ..\Libraries\src\cw32f030_spi.c          0x00000000   Number         0  cw32f030_spi.o ABSOLUTE
    ..\Libraries\src\cw32f030_systick.c      0x00000000   Number         0  cw32f030_systick.o ABSOLUTE
    ..\Libraries\src\cw32f030_uart.c         0x00000000   Number         0  cw32f030_uart.o ABSOLUTE
    ..\Libraries\src\cw32f030_vc.c           0x00000000   Number         0  cw32f030_vc.o ABSOLUTE
    ..\Libraries\src\cw32f030_wwdt.c         0x00000000   Number         0  cw32f030_wwdt.o ABSOLUTE
    ..\Libraries\src\system_cw32f030.c       0x00000000   Number         0  system_cw32f030.o ABSOLUTE
    ..\\Libraries\\src\\cw32f030_adc.c       0x00000000   Number         0  cw32f030_adc.o ABSOLUTE
    ..\\Libraries\\src\\cw32f030_atim.c      0x00000000   Number         0  cw32f030_atim.o ABSOLUTE
    ..\\Libraries\\src\\cw32f030_awt.c       0x00000000   Number         0  cw32f030_awt.o ABSOLUTE
    ..\\Libraries\\src\\cw32f030_btim.c      0x00000000   Number         0  cw32f030_btim.o ABSOLUTE
    ..\\Libraries\\src\\cw32f030_crc.c       0x00000000   Number         0  cw32f030_crc.o ABSOLUTE
    ..\\Libraries\\src\\cw32f030_debug.c     0x00000000   Number         0  cw32f030_debug.o ABSOLUTE
    ..\\Libraries\\src\\cw32f030_digitalsign.c 0x00000000   Number         0  cw32f030_digitalsign.o ABSOLUTE
    ..\\Libraries\\src\\cw32f030_dma.c       0x00000000   Number         0  cw32f030_dma.o ABSOLUTE
    ..\\Libraries\\src\\cw32f030_flash.c     0x00000000   Number         0  cw32f030_flash.o ABSOLUTE
    ..\\Libraries\\src\\cw32f030_gpio.c      0x00000000   Number         0  cw32f030_gpio.o ABSOLUTE
    ..\\Libraries\\src\\cw32f030_gtim.c      0x00000000   Number         0  cw32f030_gtim.o ABSOLUTE
    ..\\Libraries\\src\\cw32f030_i2c.c       0x00000000   Number         0  cw32f030_i2c.o ABSOLUTE
    ..\\Libraries\\src\\cw32f030_iwdt.c      0x00000000   Number         0  cw32f030_iwdt.o ABSOLUTE
    ..\\Libraries\\src\\cw32f030_lvd.c       0x00000000   Number         0  cw32f030_lvd.o ABSOLUTE
    ..\\Libraries\\src\\cw32f030_pwr.c       0x00000000   Number         0  cw32f030_pwr.o ABSOLUTE
    ..\\Libraries\\src\\cw32f030_ram.c       0x00000000   Number         0  cw32f030_ram.o ABSOLUTE
    ..\\Libraries\\src\\cw32f030_rcc.c       0x00000000   Number         0  cw32f030_rcc.o ABSOLUTE
    ..\\Libraries\\src\\cw32f030_rtc.c       0x00000000   Number         0  cw32f030_rtc.o ABSOLUTE
    ..\\Libraries\\src\\cw32f030_spi.c       0x00000000   Number         0  cw32f030_spi.o ABSOLUTE
    ..\\Libraries\\src\\cw32f030_systick.c   0x00000000   Number         0  cw32f030_systick.o ABSOLUTE
    ..\\Libraries\\src\\cw32f030_uart.c      0x00000000   Number         0  cw32f030_uart.o ABSOLUTE
    ..\\Libraries\\src\\cw32f030_vc.c        0x00000000   Number         0  cw32f030_vc.o ABSOLUTE
    ..\\Libraries\\src\\cw32f030_wwdt.c      0x00000000   Number         0  cw32f030_wwdt.o ABSOLUTE
    ..\\Libraries\\src\\system_cw32f030.c    0x00000000   Number         0  system_cw32f030.o ABSOLUTE
    USER\MAIN.c                              0x00000000   Number         0  main.o ABSOLUTE
    USER\MOTORCONTROL.C                      0x00000000   Number         0  motorcontrol.o ABSOLUTE
    USER\OLED_I2C.c                          0x00000000   Number         0  oled_i2c.o ABSOLUTE
    USER\\MAIN.c                             0x00000000   Number         0  main.o ABSOLUTE
    USER\\MOTORCONTROL.C                     0x00000000   Number         0  motorcontrol.o ABSOLUTE
    USER\\OLED_I2C.c                         0x00000000   Number         0  oled_i2c.o ABSOLUTE
    USER\\font.c                             0x00000000   Number         0  font.o ABSOLUTE
    USER\\interrupts_cw32f030.c              0x00000000   Number         0  interrupts_cw32f030.o ABSOLUTE
    USER\font.c                              0x00000000   Number         0  font.o ABSOLUTE
    USER\interrupts_cw32f030.c               0x00000000   Number         0  interrupts_cw32f030.o ABSOLUTE
    USER\startup_cw32f030.s                  0x00000000   Number         0  startup_cw32f030.o ABSOLUTE
    cdrcmple.s                               0x00000000   Number         0  cdrcmple.o ABSOLUTE
    dc.s                                     0x00000000   Number         0  dc.o ABSOLUTE
    handlers.s                               0x00000000   Number         0  handlers.o ABSOLUTE
    init.s                                   0x00000000   Number         0  init.o ABSOLUTE
    .ARM.Collect$$$$00000000                 0x000000c0   Section        0  entry.o(.ARM.Collect$$$$00000000)
    .ARM.Collect$$$$00000001                 0x000000c0   Section        4  entry2.o(.ARM.Collect$$$$00000001)
    .ARM.Collect$$$$00000004                 0x000000c4   Section        4  entry5.o(.ARM.Collect$$$$00000004)
    .ARM.Collect$$$$00000008                 0x000000c8   Section        0  entry7b.o(.ARM.Collect$$$$00000008)
    .ARM.Collect$$$$0000000A                 0x000000c8   Section        0  entry8b.o(.ARM.Collect$$$$0000000A)
    .ARM.Collect$$$$0000000B                 0x000000c8   Section        8  entry9a.o(.ARM.Collect$$$$0000000B)
    .ARM.Collect$$$$0000000E                 0x000000d0   Section        4  entry12b.o(.ARM.Collect$$$$0000000E)
    .ARM.Collect$$$$0000000F                 0x000000d4   Section        0  entry10a.o(.ARM.Collect$$$$0000000F)
    .ARM.Collect$$$$00000011                 0x000000d4   Section        0  entry11a.o(.ARM.Collect$$$$00000011)
    .ARM.Collect$$$$00002712                 0x000000d4   Section        4  entry2.o(.ARM.Collect$$$$00002712)
    __lit__00000000                          0x000000d4   Data           4  entry2.o(.ARM.Collect$$$$00002712)
    .text                                    0x000000d8   Section       60  startup_cw32f030.o(.text)
    .text                                    0x00000114   Section        0  uidiv.o(.text)
    .text                                    0x00000140   Section        0  memcpya.o(.text)
    .text                                    0x00000164   Section        0  dadd.o(.text)
    .text                                    0x000002cc   Section        0  dmul.o(.text)
    .text                                    0x0000039c   Section        0  dfltui.o(.text)
    .text                                    0x000003b8   Section        0  ffixui.o(.text)
    .text                                    0x000003e0   Section        0  dfixui.o(.text)
    .text                                    0x0000041c   Section        0  d2f.o(.text)
    .text                                    0x00000454   Section        0  llshl.o(.text)
    .text                                    0x00000474   Section        0  llushr.o(.text)
    .text                                    0x00000496   Section        0  llsshr.o(.text)
    .text                                    0x000004bc   Section        0  fepilogue.o(.text)
    .text                                    0x000004bc   Section        0  iusefp.o(.text)
    .text                                    0x0000053e   Section        0  depilogue.o(.text)
    .text                                    0x000005fc   Section       36  init.o(.text)
    .text                                    0x00000620   Section        0  semi.o(.text)
    .text                                    0x00000620   Section        0  iusesemip.o(.text)
    i.ADC_Configuration                      0x00000620   Section        0  main.o(i.ADC_Configuration)
    i.ADC_Enable                             0x000006e4   Section        0  cw32f030_adc.o(i.ADC_Enable)
    i.ADC_GetITStatus                        0x00000700   Section        0  cw32f030_adc.o(i.ADC_GetITStatus)
    i.ADC_IRQHandler                         0x00000714   Section        0  interrupts_cw32f030.o(i.ADC_IRQHandler)
    i.ADC_Init                               0x00000718   Section        0  cw32f030_adc.o(i.ADC_Init)
    i.ADC_SoftwareStartConvCmd               0x0000076c   Section        0  cw32f030_adc.o(i.ADC_SoftwareStartConvCmd)
    i.ATIIM_init                             0x00000788   Section        0  main.o(i.ATIIM_init)
    i.ATIM_ClearITPendingBit                 0x000008dc   Section        0  cw32f030_atim.o(i.ATIM_ClearITPendingBit)
    i.ATIM_Cmd                               0x000008e8   Section        0  cw32f030_atim.o(i.ATIM_Cmd)
    i.ATIM_CtrlPWMOutputs                    0x00000900   Section        0  cw32f030_atim.o(i.ATIM_CtrlPWMOutputs)
    i.ATIM_GetITStatus                       0x00000918   Section        0  cw32f030_atim.o(i.ATIM_GetITStatus)
    i.ATIM_IRQHandler                        0x0000092c   Section        0  main.o(i.ATIM_IRQHandler)
    i.ATIM_Init                              0x00000944   Section        0  cw32f030_atim.o(i.ATIM_Init)
    i.ATIM_OC1AInit                          0x0000099c   Section        0  cw32f030_atim.o(i.ATIM_OC1AInit)
    i.ATIM_OC1BInit                          0x000009f4   Section        0  cw32f030_atim.o(i.ATIM_OC1BInit)
    i.ATIM_OC2AInit                          0x00000a44   Section        0  cw32f030_atim.o(i.ATIM_OC2AInit)
    i.ATIM_OC2BInit                          0x00000aa4   Section        0  cw32f030_atim.o(i.ATIM_OC2BInit)
    i.ATIM_OC3AInit                          0x00000af8   Section        0  cw32f030_atim.o(i.ATIM_OC3AInit)
    i.ATIM_OC3BInit                          0x00000b58   Section        0  cw32f030_atim.o(i.ATIM_OC3BInit)
    i.ATIM_PWMOutputConfig                   0x00000bac   Section        0  cw32f030_atim.o(i.ATIM_PWMOutputConfig)
    i.ATIM_SetCompare1A                      0x00000be0   Section        0  cw32f030_atim.o(i.ATIM_SetCompare1A)
    i.ATIM_SetCompare2A                      0x00000bec   Section        0  cw32f030_atim.o(i.ATIM_SetCompare2A)
    i.ATIM_SetCompare3A                      0x00000bf8   Section        0  cw32f030_atim.o(i.ATIM_SetCompare3A)
    i.AWT_IRQHandler                         0x00000c04   Section        0  interrupts_cw32f030.o(i.AWT_IRQHandler)
    i.BTIM1_IRQHandler                       0x00000c08   Section        0  main.o(i.BTIM1_IRQHandler)
    i.BTIM3_IRQHandler                       0x00000c5c   Section        0  interrupts_cw32f030.o(i.BTIM3_IRQHandler)
    i.BTIM_ClearITPendingBit                 0x00000c5e   Section        0  cw32f030_btim.o(i.BTIM_ClearITPendingBit)
    i.BTIM_Cmd                               0x00000c66   Section        0  cw32f030_btim.o(i.BTIM_Cmd)
    i.BTIM_GetITStatus                       0x00000c7a   Section        0  cw32f030_btim.o(i.BTIM_GetITStatus)
    i.BTIM_ITConfig                          0x00000c84   Section        0  cw32f030_btim.o(i.BTIM_ITConfig)
    i.BTIM_TimeBaseInit                      0x00000c94   Section        0  cw32f030_btim.o(i.BTIM_TimeBaseInit)
    i.BTIM_init                              0x00000cb4   Section        0  main.o(i.BTIM_init)
    i.Commutation                            0x00000d04   Section        0  motorcontrol.o(i.Commutation)
    i.DMACH1_IRQHandler                      0x00000d54   Section        0  interrupts_cw32f030.o(i.DMACH1_IRQHandler)
    i.DMACH23_IRQHandler                     0x00000d68   Section        0  interrupts_cw32f030.o(i.DMACH23_IRQHandler)
    i.DMACH45_IRQHandler                     0x00000d6a   Section        0  interrupts_cw32f030.o(i.DMACH45_IRQHandler)
    i.DMA_ClearITPendingBit                  0x00000d6c   Section        0  cw32f030_dma.o(i.DMA_ClearITPendingBit)
    i.DMA_Cmd                                0x00000d7c   Section        0  cw32f030_dma.o(i.DMA_Cmd)
    i.DMA_GetITStatus                        0x00000d90   Section        0  cw32f030_dma.o(i.DMA_GetITStatus)
    i.DMA_ITConfig                           0x00000da4   Section        0  cw32f030_dma.o(i.DMA_ITConfig)
    i.DMA_Init                               0x00000db4   Section        0  cw32f030_dma.o(i.DMA_Init)
    i.DMA_StructInit                         0x00000df0   Section        0  cw32f030_dma.o(i.DMA_StructInit)
    i.FAULT_IRQHandler                       0x00000e08   Section        0  interrupts_cw32f030.o(i.FAULT_IRQHandler)
    i.FLASHRAM_IRQHandler                    0x00000e0a   Section        0  interrupts_cw32f030.o(i.FLASHRAM_IRQHandler)
    i.FLASH_SetLatency                       0x00000e0c   Section        0  cw32f030_flash.o(i.FLASH_SetLatency)
    i.GPIOA_IRQHandler                       0x00000e28   Section        0  interrupts_cw32f030.o(i.GPIOA_IRQHandler)
    i.GPIOB_IRQHandler                       0x00000e2a   Section        0  interrupts_cw32f030.o(i.GPIOB_IRQHandler)
    i.GPIOC_IRQHandler                       0x00000e2c   Section        0  interrupts_cw32f030.o(i.GPIOC_IRQHandler)
    i.GPIOF_IRQHandler                       0x00000e2e   Section        0  interrupts_cw32f030.o(i.GPIOF_IRQHandler)
    i.GPIO_Configuration                     0x00000e30   Section        0  main.o(i.GPIO_Configuration)
    i.GPIO_Init                              0x00000ec0   Section        0  cw32f030_gpio.o(i.GPIO_Init)
    i.GPIO_WritePin                          0x00000fa4   Section        0  cw32f030_gpio.o(i.GPIO_WritePin)
    i.GTIM1_IRQHandler                       0x00000fb0   Section        0  interrupts_cw32f030.o(i.GTIM1_IRQHandler)
    i.GTIM2_IRQHandler                       0x00000fd0   Section        0  main.o(i.GTIM2_IRQHandler)
    i.GTIM3_IRQHandler                       0x00001060   Section        0  interrupts_cw32f030.o(i.GTIM3_IRQHandler)
    i.GTIM4_IRQHandler                       0x00001062   Section        0  interrupts_cw32f030.o(i.GTIM4_IRQHandler)
    i.GTIM_ClearITPendingBit                 0x00001064   Section        0  cw32f030_gtim.o(i.GTIM_ClearITPendingBit)
    i.GTIM_Cmd                               0x00001070   Section        0  cw32f030_gtim.o(i.GTIM_Cmd)
    i.GTIM_GetITStatus                       0x00001086   Section        0  cw32f030_gtim.o(i.GTIM_GetITStatus)
    i.GTIM_ICInit                            0x00001096   Section        0  cw32f030_gtim.o(i.GTIM_ICInit)
    i.GTIM_ITConfig                          0x000010ca   Section        0  cw32f030_gtim.o(i.GTIM_ITConfig)
    i.GTIM_TimeBaseInit                      0x000010e0   Section        0  cw32f030_gtim.o(i.GTIM_TimeBaseInit)
    i.GTIM_init                              0x00001110   Section        0  main.o(i.GTIM_init)
    i.GetConslonsCode_from_EXFlash           0x00001200   Section        0  font.o(i.GetConslonsCode_from_EXFlash)
    i.GetGBKCode_from_EXFlash                0x00001230   Section        0  font.o(i.GetGBKCode_from_EXFlash)
    i.HALL_Check                             0x00001250   Section        0  motorcontrol.o(i.HALL_Check)
    i.HALL_MOTOR_START                       0x000012a4   Section        0  motorcontrol.o(i.HALL_MOTOR_START)
    i.HardFault_Handler                      0x000012d4   Section        0  interrupts_cw32f030.o(i.HardFault_Handler)
    i.I2C1_DeInit                            0x000012d8   Section        0  cw32f030_i2c.o(i.I2C1_DeInit)
    i.I2C1_IRQHandler                        0x000012f8   Section        0  interrupts_cw32f030.o(i.I2C1_IRQHandler)
    i.I2C2_IRQHandler                        0x000012fa   Section        0  interrupts_cw32f030.o(i.I2C2_IRQHandler)
    i.I2C_AcknowledgeConfig                  0x000012fc   Section        0  cw32f030_i2c.o(i.I2C_AcknowledgeConfig)
    i.I2C_BaudGeneratorEnable                0x0000130e   Section        0  cw32f030_i2c.o(i.I2C_BaudGeneratorEnable)
    i.I2C_ClearIrq                           0x00001322   Section        0  cw32f030_i2c.o(i.I2C_ClearIrq)
    i.I2C_Cmd                                0x0000132c   Section        0  cw32f030_i2c.o(i.I2C_Cmd)
    i.I2C_FilterConfig                       0x0000133e   Section        0  cw32f030_i2c.o(i.I2C_FilterConfig)
    i.I2C_GenerateSTART                      0x00001352   Section        0  cw32f030_i2c.o(i.I2C_GenerateSTART)
    i.I2C_GenerateSTOP                       0x00001376   Section        0  cw32f030_i2c.o(i.I2C_GenerateSTOP)
    i.I2C_GetIrq                             0x00001388   Section        0  cw32f030_i2c.o(i.I2C_GetIrq)
    i.I2C_GetState                           0x00001390   Section        0  cw32f030_i2c.o(i.I2C_GetState)
    i.I2C_MasterWriteEepromData1             0x00001396   Section        0  oled_i2c.o(i.I2C_MasterWriteEepromData1)
    i.I2C_Master_Init                        0x0000142e   Section        0  cw32f030_i2c.o(i.I2C_Master_Init)
    i.I2C_OLED_Clear                         0x00001460   Section        0  oled_i2c.o(i.I2C_OLED_Clear)
    i.I2C_OLED_ClearPoint                    0x0000149c   Section        0  oled_i2c.o(i.I2C_OLED_ClearPoint)
    i.I2C_OLED_Clear_Line                    0x000014d0   Section        0  oled_i2c.o(i.I2C_OLED_Clear_Line)
    i.I2C_OLED_DrawPoint                     0x000014ec   Section        0  oled_i2c.o(i.I2C_OLED_DrawPoint)
    i.I2C_OLED_Init                          0x0000151c   Section        0  oled_i2c.o(i.I2C_OLED_Init)
    i.I2C_OLED_Move                          0x000015b8   Section        0  oled_i2c.o(i.I2C_OLED_Move)
    i.I2C_OLED_ShowChar                      0x00001614   Section        0  oled_i2c.o(i.I2C_OLED_ShowChar)
    i.I2C_OLED_ShowChar_CH                   0x0000169c   Section        0  oled_i2c.o(i.I2C_OLED_ShowChar_CH)
    i.I2C_OLED_ShowString                    0x00001704   Section        0  oled_i2c.o(i.I2C_OLED_ShowString)
    i.I2C_OLED_UPdata                        0x00001794   Section        0  oled_i2c.o(i.I2C_OLED_UPdata)
    i.I2C_Send7bitAddress                    0x000017f4   Section        0  cw32f030_i2c.o(i.I2C_Send7bitAddress)
    i.I2C_SendData                           0x00001806   Section        0  cw32f030_i2c.o(i.I2C_SendData)
    i.I2C_init                               0x0000180c   Section        0  oled_i2c.o(i.I2C_init)
    i.LVD_IRQHandler                         0x0000188c   Section        0  interrupts_cw32f030.o(i.LVD_IRQHandler)
    i.NMI_Handler                            0x0000188e   Section        0  interrupts_cw32f030.o(i.NMI_Handler)
    i.OLED_StrEscCharacter                   0x00001890   Section        0  oled_i2c.o(i.OLED_StrEscCharacter)
    i.PendSV_Handler                         0x000019c4   Section        0  interrupts_cw32f030.o(i.PendSV_Handler)
    i.RCC_AHBPeriphClk_Enable                0x000019c8   Section        0  cw32f030_rcc.o(i.RCC_AHBPeriphClk_Enable)
    i.RCC_APBPeriphClk_Enable2               0x000019e0   Section        0  cw32f030_rcc.o(i.RCC_APBPeriphClk_Enable2)
    i.RCC_Configuration                      0x000019f8   Section        0  main.o(i.RCC_Configuration)
    i.RCC_HCLKPRS_Config                     0x00001a40   Section        0  cw32f030_rcc.o(i.RCC_HCLKPRS_Config)
    i.RCC_HSI_Enable                         0x00001a60   Section        0  cw32f030_rcc.o(i.RCC_HSI_Enable)
    i.RCC_IRQHandler                         0x00001a88   Section        0  interrupts_cw32f030.o(i.RCC_IRQHandler)
    i.RCC_PCLKPRS_Config                     0x00001a8c   Section        0  cw32f030_rcc.o(i.RCC_PCLKPRS_Config)
    i.RCC_PLL_Enable                         0x00001aac   Section        0  cw32f030_rcc.o(i.RCC_PLL_Enable)
    i.RCC_SysClk_Switch                      0x00001b34   Section        0  cw32f030_rcc.o(i.RCC_SysClk_Switch)
    i.RCC_Sysctrl_GetHClkFreq                0x00001b74   Section        0  cw32f030_rcc.o(i.RCC_Sysctrl_GetHClkFreq)
    i.RCC_SystemCoreClockUpdate              0x00001bf0   Section        0  cw32f030_rcc.o(i.RCC_SystemCoreClockUpdate)
    i.RTC_IRQHandler                         0x00001bfc   Section        0  interrupts_cw32f030.o(i.RTC_IRQHandler)
    i.SPI1_IRQHandler                        0x00001bfe   Section        0  interrupts_cw32f030.o(i.SPI1_IRQHandler)
    i.SPI2_IRQHandler                        0x00001c00   Section        0  interrupts_cw32f030.o(i.SPI2_IRQHandler)
    i.SVC_Handler                            0x00001c02   Section        0  interrupts_cw32f030.o(i.SVC_Handler)
    i.SysTick_Handler                        0x00001c04   Section        0  cw32f030_systick.o(i.SysTick_Handler)
    i.SystemInit                             0x00001c14   Section        0  system_cw32f030.o(i.SystemInit)
    i.UART1_IRQHandler                       0x00001c50   Section        0  interrupts_cw32f030.o(i.UART1_IRQHandler)
    i.UART2_IRQHandler                       0x00001c52   Section        0  interrupts_cw32f030.o(i.UART2_IRQHandler)
    i.UART3_IRQHandler                       0x00001c54   Section        0  interrupts_cw32f030.o(i.UART3_IRQHandler)
    i.VC1_IRQHandler                         0x00001c56   Section        0  interrupts_cw32f030.o(i.VC1_IRQHandler)
    i.VC2_IRQHandler                         0x00001c58   Section        0  interrupts_cw32f030.o(i.VC2_IRQHandler)
    i.WDT_IRQHandler                         0x00001c5a   Section        0  interrupts_cw32f030.o(i.WDT_IRQHandler)
    i.WriteCmd                               0x00001c5c   Section        0  oled_i2c.o(i.WriteCmd)
    i.WriteDat                               0x00001c70   Section        0  oled_i2c.o(i.WriteDat)
    i.__0printf$1                            0x00001c84   Section        0  printf1.o(i.__0printf$1)
    i.__0sprintf$1                           0x00001ca4   Section        0  printf1.o(i.__0sprintf$1)
    i.__ARM_clz                              0x00001ccc   Section        0  depilogue.o(i.__ARM_clz)
    i.__ARM_common_switch8                   0x00001cfa   Section        0  cw32f030_i2c.o(i.__ARM_common_switch8)
    i.__NVIC_EnableIRQ                       0x00001d14   Section        0  main.o(i.__NVIC_EnableIRQ)
    __NVIC_EnableIRQ                         0x00001d15   Thumb Code    18  main.o(i.__NVIC_EnableIRQ)
    i.__scatterload_copy                     0x00001d2c   Section       14  handlers.o(i.__scatterload_copy)
    i.__scatterload_null                     0x00001d3a   Section        2  handlers.o(i.__scatterload_null)
    i.__scatterload_zeroinit                 0x00001d3c   Section       14  handlers.o(i.__scatterload_zeroinit)
    i._printf_core                           0x00001d4c   Section        0  printf1.o(i._printf_core)
    _printf_core                             0x00001d4d   Thumb Code   332  printf1.o(i._printf_core)
    i._sputc                                 0x00001e9c   Section        0  printf1.o(i._sputc)
    _sputc                                   0x00001e9d   Thumb Code    10  printf1.o(i._sputc)
    i.fputc                                  0x00001ea6   Section        0  fputc.o(i.fputc)
    i.free                                   0x00001eb8   Section        0  malloc.o(i.free)
    i.main                                   0x00001f0c   Section        0  main.o(i.main)
    i.malloc                                 0x000020ec   Section        0  malloc.o(i.malloc)
    .constdata                               0x00002158   Section        6  motorcontrol.o(.constdata)
    .constdata                               0x0000215e   Section     1520  font.o(.constdata)
    ASCII8x16_Table                          0x0000215e   Data        1520  font.o(.constdata)
    .constdata                               0x00002750   Section      100  cw32f030_rcc.o(.constdata)
    .data                                    0x20000000   Section       24  main.o(.data)
    count2                                   0x20000014   Data           4  main.o(.data)
    .data                                    0x20000018   Section       20  motorcontrol.o(.data)
    hallerrnum                               0x20000018   Data           1  motorcontrol.o(.data)
    .data                                    0x2000002c   Section       12  oled_i2c.o(.data)
    .data                                    0x20000038   Section       16  font.o(.data)
    .data                                    0x20000048   Section       12  cw32f030_systick.o(.data)
    .data                                    0x20000054   Section        4  system_cw32f030.o(.data)
    .data                                    0x20000058   Section        4  stdout.o(.data)
    .data                                    0x2000005c   Section        4  mvars.o(.data)
    .data                                    0x20000060   Section        4  mvars.o(.data)
    .bss                                     0x20000064   Section      150  main.o(.bss)
    .bss                                     0x200000fa   Section     1024  oled_i2c.o(.bss)
    HEAP                                     0x20000500   Section      512  startup_cw32f030.o(HEAP)
    STACK                                    0x20000700   Section      512  startup_cw32f030.o(STACK)

    Global Symbols

    Symbol Name                              Value     Ov Type        Size  Object(Section)

    BuildAttributes$$THM_ISAv3M$S$PE$A:L22$X:L11$S22$IEEE1$IW$USESV6$~STKCKD$USESV7$~SHL$OTIME$ROPI$EBA8$MICROLIB$REQ8$PRES8$EABIv2 0x00000000   Number         0  anon$$obj.o ABSOLUTE
    __ARM_use_no_argv                        0x00000000   Number         0  main.o ABSOLUTE
    __Vectors                                0x00000000   Data           0  startup_cw32f030.o(RESET)
    _printf_a                                0x00000000   Number         0  stubs.o ABSOLUTE
    _printf_c                                0x00000000   Number         0  stubs.o ABSOLUTE
    _printf_charcount                        0x00000000   Number         0  stubs.o ABSOLUTE
    _printf_d                                0x00000000   Number         0  stubs.o ABSOLUTE
    _printf_e                                0x00000000   Number         0  stubs.o ABSOLUTE
    _printf_f                                0x00000000   Number         0  stubs.o ABSOLUTE
    _printf_flags                            0x00000000   Number         0  stubs.o ABSOLUTE
    _printf_fp_dec                           0x00000000   Number         0  stubs.o ABSOLUTE
    _printf_fp_hex                           0x00000000   Number         0  stubs.o ABSOLUTE
    _printf_g                                0x00000000   Number         0  stubs.o ABSOLUTE
    _printf_i                                0x00000000   Number         0  stubs.o ABSOLUTE
    _printf_int_dec                          0x00000000   Number         0  stubs.o ABSOLUTE
    _printf_l                                0x00000000   Number         0  stubs.o ABSOLUTE
    _printf_lc                               0x00000000   Number         0  stubs.o ABSOLUTE
    _printf_ll                               0x00000000   Number         0  stubs.o ABSOLUTE
    _printf_lld                              0x00000000   Number         0  stubs.o ABSOLUTE
    _printf_lli                              0x00000000   Number         0  stubs.o ABSOLUTE
    _printf_llo                              0x00000000   Number         0  stubs.o ABSOLUTE
    _printf_llu                              0x00000000   Number         0  stubs.o ABSOLUTE
    _printf_llx                              0x00000000   Number         0  stubs.o ABSOLUTE
    _printf_longlong_dec                     0x00000000   Number         0  stubs.o ABSOLUTE
    _printf_longlong_hex                     0x00000000   Number         0  stubs.o ABSOLUTE
    _printf_longlong_oct                     0x00000000   Number         0  stubs.o ABSOLUTE
    _printf_ls                               0x00000000   Number         0  stubs.o ABSOLUTE
    _printf_mbtowc                           0x00000000   Number         0  stubs.o ABSOLUTE
    _printf_n                                0x00000000   Number         0  stubs.o ABSOLUTE
    _printf_o                                0x00000000   Number         0  stubs.o ABSOLUTE
    _printf_p                                0x00000000   Number         0  stubs.o ABSOLUTE
    _printf_percent                          0x00000000   Number         0  stubs.o ABSOLUTE
    _printf_pre_padding                      0x00000000   Number         0  stubs.o ABSOLUTE
    _printf_return_value                     0x00000000   Number         0  stubs.o ABSOLUTE
    _printf_s                                0x00000000   Number         0  stubs.o ABSOLUTE
    _printf_sizespec                         0x00000000   Number         0  stubs.o ABSOLUTE
    _printf_str                              0x00000000   Number         0  stubs.o ABSOLUTE
    _printf_truncate_signed                  0x00000000   Number         0  stubs.o ABSOLUTE
    _printf_truncate_unsigned                0x00000000   Number         0  stubs.o ABSOLUTE
    _printf_u                                0x00000000   Number         0  stubs.o ABSOLUTE
    _printf_wc                               0x00000000   Number         0  stubs.o ABSOLUTE
    _printf_wctomb                           0x00000000   Number         0  stubs.o ABSOLUTE
    _printf_widthprec                        0x00000000   Number         0  stubs.o ABSOLUTE
    _printf_x                                0x00000000   Number         0  stubs.o ABSOLUTE
    __arm_fini_                               - Undefined Weak Reference
    __cpp_initialize__aeabi_                  - Undefined Weak Reference
    __cxa_finalize                            - Undefined Weak Reference
    __decompress                              - Undefined Weak Reference
    _clock_init                               - Undefined Weak Reference
    _microlib_exit                            - Undefined Weak Reference
    __Vectors_End                            0x000000c0   Data           0  startup_cw32f030.o(RESET)
    __Vectors_Size                           0x000000c0   Number         0  startup_cw32f030.o ABSOLUTE
    __main                                   0x000000c1   Thumb Code     0  entry.o(.ARM.Collect$$$$00000000)
    _main_stk                                0x000000c1   Thumb Code     0  entry2.o(.ARM.Collect$$$$00000001)
    _main_scatterload                        0x000000c5   Thumb Code     0  entry5.o(.ARM.Collect$$$$00000004)
    __main_after_scatterload                 0x000000c9   Thumb Code     0  entry5.o(.ARM.Collect$$$$00000004)
    _main_clock                              0x000000c9   Thumb Code     0  entry7b.o(.ARM.Collect$$$$00000008)
    _main_cpp_init                           0x000000c9   Thumb Code     0  entry8b.o(.ARM.Collect$$$$0000000A)
    _main_init                               0x000000c9   Thumb Code     0  entry9a.o(.ARM.Collect$$$$0000000B)
    __rt_lib_shutdown_fini                   0x000000d1   Thumb Code     0  entry12b.o(.ARM.Collect$$$$0000000E)
    __rt_final_cpp                           0x000000d5   Thumb Code     0  entry10a.o(.ARM.Collect$$$$0000000F)
    __rt_final_exit                          0x000000d5   Thumb Code     0  entry11a.o(.ARM.Collect$$$$00000011)
    Reset_Handler                            0x000000d9   Thumb Code    26  startup_cw32f030.o(.text)
    BTIM2_IRQHandler                         0x000000fd   Thumb Code     0  startup_cw32f030.o(.text)
    __aeabi_uidiv                            0x00000115   Thumb Code     0  uidiv.o(.text)
    __aeabi_uidivmod                         0x00000115   Thumb Code    44  uidiv.o(.text)
    __aeabi_memcpy                           0x00000141   Thumb Code    36  memcpya.o(.text)
    __aeabi_memcpy4                          0x00000141   Thumb Code     0  memcpya.o(.text)
    __aeabi_memcpy8                          0x00000141   Thumb Code     0  memcpya.o(.text)
    __aeabi_dadd                             0x00000165   Thumb Code   330  dadd.o(.text)
    __aeabi_dsub                             0x000002af   Thumb Code    12  dadd.o(.text)
    __aeabi_drsub                            0x000002bb   Thumb Code    12  dadd.o(.text)
    __aeabi_dmul                             0x000002cd   Thumb Code   202  dmul.o(.text)
    __aeabi_ui2d                             0x0000039d   Thumb Code    24  dfltui.o(.text)
    __aeabi_f2uiz                            0x000003b9   Thumb Code    40  ffixui.o(.text)
    __aeabi_d2uiz                            0x000003e1   Thumb Code    50  dfixui.o(.text)
    __aeabi_d2f                              0x0000041d   Thumb Code    56  d2f.o(.text)
    __aeabi_llsl                             0x00000455   Thumb Code    32  llshl.o(.text)
    _ll_shift_l                              0x00000455   Thumb Code     0  llshl.o(.text)
    __aeabi_llsr                             0x00000475   Thumb Code    34  llushr.o(.text)
    _ll_ushift_r                             0x00000475   Thumb Code     0  llushr.o(.text)
    __aeabi_lasr                             0x00000497   Thumb Code    38  llsshr.o(.text)
    _ll_sshift_r                             0x00000497   Thumb Code     0  llsshr.o(.text)
    __I$use$fp                               0x000004bd   Thumb Code     0  iusefp.o(.text)
    _float_round                             0x000004bd   Thumb Code    16  fepilogue.o(.text)
    _float_epilogue                          0x000004cd   Thumb Code   114  fepilogue.o(.text)
    _double_round                            0x0000053f   Thumb Code    26  depilogue.o(.text)
    _double_epilogue                         0x00000559   Thumb Code   164  depilogue.o(.text)
    __scatterload                            0x000005fd   Thumb Code    28  init.o(.text)
    __scatterload_rt2                        0x000005fd   Thumb Code     0  init.o(.text)
    ADC_Configuration                        0x00000621   Thumb Code   172  main.o(i.ADC_Configuration)
    __I$use$semihosting$fputc                0x00000621   Thumb Code     0  iusesemip.o(.text)
    __semihosting_library_function           0x00000621   Thumb Code     0  semi.o(.text)
    ADC_Enable                               0x000006e5   Thumb Code    24  cw32f030_adc.o(i.ADC_Enable)
    ADC_GetITStatus                          0x00000701   Thumb Code    16  cw32f030_adc.o(i.ADC_GetITStatus)
    ADC_IRQHandler                           0x00000715   Thumb Code     2  interrupts_cw32f030.o(i.ADC_IRQHandler)
    ADC_Init                                 0x00000719   Thumb Code    74  cw32f030_adc.o(i.ADC_Init)
    ADC_SoftwareStartConvCmd                 0x0000076d   Thumb Code    22  cw32f030_adc.o(i.ADC_SoftwareStartConvCmd)
    ATIIM_init                               0x00000789   Thumb Code   326  main.o(i.ATIIM_init)
    ATIM_ClearITPendingBit                   0x000008dd   Thumb Code     8  cw32f030_atim.o(i.ATIM_ClearITPendingBit)
    ATIM_Cmd                                 0x000008e9   Thumb Code    18  cw32f030_atim.o(i.ATIM_Cmd)
    ATIM_CtrlPWMOutputs                      0x00000901   Thumb Code    18  cw32f030_atim.o(i.ATIM_CtrlPWMOutputs)
    ATIM_GetITStatus                         0x00000919   Thumb Code    16  cw32f030_atim.o(i.ATIM_GetITStatus)
    ATIM_IRQHandler                          0x0000092d   Thumb Code    24  main.o(i.ATIM_IRQHandler)
    ATIM_Init                                0x00000945   Thumb Code    80  cw32f030_atim.o(i.ATIM_Init)
    ATIM_OC1AInit                            0x0000099d   Thumb Code    84  cw32f030_atim.o(i.ATIM_OC1AInit)
    ATIM_OC1BInit                            0x000009f5   Thumb Code    76  cw32f030_atim.o(i.ATIM_OC1BInit)
    ATIM_OC2AInit                            0x00000a45   Thumb Code    90  cw32f030_atim.o(i.ATIM_OC2AInit)
    ATIM_OC2BInit                            0x00000aa5   Thumb Code    78  cw32f030_atim.o(i.ATIM_OC2BInit)
    ATIM_OC3AInit                            0x00000af9   Thumb Code    90  cw32f030_atim.o(i.ATIM_OC3AInit)
    ATIM_OC3BInit                            0x00000b59   Thumb Code    78  cw32f030_atim.o(i.ATIM_OC3BInit)
    ATIM_PWMOutputConfig                     0x00000bad   Thumb Code    48  cw32f030_atim.o(i.ATIM_PWMOutputConfig)
    ATIM_SetCompare1A                        0x00000be1   Thumb Code     6  cw32f030_atim.o(i.ATIM_SetCompare1A)
    ATIM_SetCompare2A                        0x00000bed   Thumb Code     6  cw32f030_atim.o(i.ATIM_SetCompare2A)
    ATIM_SetCompare3A                        0x00000bf9   Thumb Code     6  cw32f030_atim.o(i.ATIM_SetCompare3A)
    AWT_IRQHandler                           0x00000c05   Thumb Code     2  interrupts_cw32f030.o(i.AWT_IRQHandler)
    BTIM1_IRQHandler                         0x00000c09   Thumb Code    68  main.o(i.BTIM1_IRQHandler)
    BTIM3_IRQHandler                         0x00000c5d   Thumb Code     2  interrupts_cw32f030.o(i.BTIM3_IRQHandler)
    BTIM_ClearITPendingBit                   0x00000c5f   Thumb Code     8  cw32f030_btim.o(i.BTIM_ClearITPendingBit)
    BTIM_Cmd                                 0x00000c67   Thumb Code    20  cw32f030_btim.o(i.BTIM_Cmd)
    BTIM_GetITStatus                         0x00000c7b   Thumb Code    10  cw32f030_btim.o(i.BTIM_GetITStatus)
    BTIM_ITConfig                            0x00000c85   Thumb Code    16  cw32f030_btim.o(i.BTIM_ITConfig)
    BTIM_TimeBaseInit                        0x00000c95   Thumb Code    28  cw32f030_btim.o(i.BTIM_TimeBaseInit)
    BTIM_init                                0x00000cb5   Thumb Code    68  main.o(i.BTIM_init)
    Commutation                              0x00000d05   Thumb Code    76  motorcontrol.o(i.Commutation)
    DMACH1_IRQHandler                        0x00000d55   Thumb Code    20  interrupts_cw32f030.o(i.DMACH1_IRQHandler)
    DMACH23_IRQHandler                       0x00000d69   Thumb Code     2  interrupts_cw32f030.o(i.DMACH23_IRQHandler)
    DMACH45_IRQHandler                       0x00000d6b   Thumb Code     2  interrupts_cw32f030.o(i.DMACH45_IRQHandler)
    DMA_ClearITPendingBit                    0x00000d6d   Thumb Code    10  cw32f030_dma.o(i.DMA_ClearITPendingBit)
    DMA_Cmd                                  0x00000d7d   Thumb Code    20  cw32f030_dma.o(i.DMA_Cmd)
    DMA_GetITStatus                          0x00000d91   Thumb Code    16  cw32f030_dma.o(i.DMA_GetITStatus)
    DMA_ITConfig                             0x00000da5   Thumb Code    16  cw32f030_dma.o(i.DMA_ITConfig)
    DMA_Init                                 0x00000db5   Thumb Code    60  cw32f030_dma.o(i.DMA_Init)
    DMA_StructInit                           0x00000df1   Thumb Code    24  cw32f030_dma.o(i.DMA_StructInit)
    FAULT_IRQHandler                         0x00000e09   Thumb Code     2  interrupts_cw32f030.o(i.FAULT_IRQHandler)
    FLASHRAM_IRQHandler                      0x00000e0b   Thumb Code     2  interrupts_cw32f030.o(i.FLASHRAM_IRQHandler)
    FLASH_SetLatency                         0x00000e0d   Thumb Code    18  cw32f030_flash.o(i.FLASH_SetLatency)
    GPIOA_IRQHandler                         0x00000e29   Thumb Code     2  interrupts_cw32f030.o(i.GPIOA_IRQHandler)
    GPIOB_IRQHandler                         0x00000e2b   Thumb Code     2  interrupts_cw32f030.o(i.GPIOB_IRQHandler)
    GPIOC_IRQHandler                         0x00000e2d   Thumb Code     2  interrupts_cw32f030.o(i.GPIOC_IRQHandler)
    GPIOF_IRQHandler                         0x00000e2f   Thumb Code     2  interrupts_cw32f030.o(i.GPIOF_IRQHandler)
    GPIO_Configuration                       0x00000e31   Thumb Code   128  main.o(i.GPIO_Configuration)
    GPIO_Init                                0x00000ec1   Thumb Code   224  cw32f030_gpio.o(i.GPIO_Init)
    GPIO_WritePin                            0x00000fa5   Thumb Code    12  cw32f030_gpio.o(i.GPIO_WritePin)
    GTIM1_IRQHandler                         0x00000fb1   Thumb Code    26  interrupts_cw32f030.o(i.GTIM1_IRQHandler)
    GTIM2_IRQHandler                         0x00000fd1   Thumb Code   114  main.o(i.GTIM2_IRQHandler)
    GTIM3_IRQHandler                         0x00001061   Thumb Code     2  interrupts_cw32f030.o(i.GTIM3_IRQHandler)
    GTIM4_IRQHandler                         0x00001063   Thumb Code     2  interrupts_cw32f030.o(i.GTIM4_IRQHandler)
    GTIM_ClearITPendingBit                   0x00001065   Thumb Code    12  cw32f030_gtim.o(i.GTIM_ClearITPendingBit)
    GTIM_Cmd                                 0x00001071   Thumb Code    22  cw32f030_gtim.o(i.GTIM_Cmd)
    GTIM_GetITStatus                         0x00001087   Thumb Code    16  cw32f030_gtim.o(i.GTIM_GetITStatus)
    GTIM_ICInit                              0x00001097   Thumb Code    52  cw32f030_gtim.o(i.GTIM_ICInit)
    GTIM_ITConfig                            0x000010cb   Thumb Code    22  cw32f030_gtim.o(i.GTIM_ITConfig)
    GTIM_TimeBaseInit                        0x000010e1   Thumb Code    44  cw32f030_gtim.o(i.GTIM_TimeBaseInit)
    GTIM_init                                0x00001111   Thumb Code   218  main.o(i.GTIM_init)
    GetConslonsCode_from_EXFlash             0x00001201   Thumb Code    46  font.o(i.GetConslonsCode_from_EXFlash)
    GetGBKCode_from_EXFlash                  0x00001231   Thumb Code    12  font.o(i.GetGBKCode_from_EXFlash)
    HALL_Check                               0x00001251   Thumb Code    72  motorcontrol.o(i.HALL_Check)
    HALL_MOTOR_START                         0x000012a5   Thumb Code    38  motorcontrol.o(i.HALL_MOTOR_START)
    HardFault_Handler                        0x000012d5   Thumb Code     2  interrupts_cw32f030.o(i.HardFault_Handler)
    I2C1_DeInit                              0x000012d9   Thumb Code    24  cw32f030_i2c.o(i.I2C1_DeInit)
    I2C1_IRQHandler                          0x000012f9   Thumb Code     2  interrupts_cw32f030.o(i.I2C1_IRQHandler)
    I2C2_IRQHandler                          0x000012fb   Thumb Code     2  interrupts_cw32f030.o(i.I2C2_IRQHandler)
    I2C_AcknowledgeConfig                    0x000012fd   Thumb Code    18  cw32f030_i2c.o(i.I2C_AcknowledgeConfig)
    I2C_BaudGeneratorEnable                  0x0000130f   Thumb Code    20  cw32f030_i2c.o(i.I2C_BaudGeneratorEnable)
    I2C_ClearIrq                             0x00001323   Thumb Code    10  cw32f030_i2c.o(i.I2C_ClearIrq)
    I2C_Cmd                                  0x0000132d   Thumb Code    18  cw32f030_i2c.o(i.I2C_Cmd)
    I2C_FilterConfig                         0x0000133f   Thumb Code    20  cw32f030_i2c.o(i.I2C_FilterConfig)
    I2C_GenerateSTART                        0x00001353   Thumb Code    36  cw32f030_i2c.o(i.I2C_GenerateSTART)
    I2C_GenerateSTOP                         0x00001377   Thumb Code    18  cw32f030_i2c.o(i.I2C_GenerateSTOP)
    I2C_GetIrq                               0x00001389   Thumb Code     8  cw32f030_i2c.o(i.I2C_GetIrq)
    I2C_GetState                             0x00001391   Thumb Code     6  cw32f030_i2c.o(i.I2C_GetState)
    I2C_MasterWriteEepromData1               0x00001397   Thumb Code   152  oled_i2c.o(i.I2C_MasterWriteEepromData1)
    I2C_Master_Init                          0x0000142f   Thumb Code    50  cw32f030_i2c.o(i.I2C_Master_Init)
    I2C_OLED_Clear                           0x00001461   Thumb Code    52  oled_i2c.o(i.I2C_OLED_Clear)
    I2C_OLED_ClearPoint                      0x0000149d   Thumb Code    44  oled_i2c.o(i.I2C_OLED_ClearPoint)
    I2C_OLED_Clear_Line                      0x000014d1   Thumb Code    24  oled_i2c.o(i.I2C_OLED_Clear_Line)
    I2C_OLED_DrawPoint                       0x000014ed   Thumb Code    40  oled_i2c.o(i.I2C_OLED_DrawPoint)
    I2C_OLED_Init                            0x0000151d   Thumb Code   154  oled_i2c.o(i.I2C_OLED_Init)
    I2C_OLED_Move                            0x000015b9   Thumb Code    88  oled_i2c.o(i.I2C_OLED_Move)
    I2C_OLED_ShowChar                        0x00001615   Thumb Code   132  oled_i2c.o(i.I2C_OLED_ShowChar)
    I2C_OLED_ShowChar_CH                     0x0000169d   Thumb Code   102  oled_i2c.o(i.I2C_OLED_ShowChar_CH)
    I2C_OLED_ShowString                      0x00001705   Thumb Code   138  oled_i2c.o(i.I2C_OLED_ShowString)
    I2C_OLED_UPdata                          0x00001795   Thumb Code    86  oled_i2c.o(i.I2C_OLED_UPdata)
    I2C_Send7bitAddress                      0x000017f5   Thumb Code    18  cw32f030_i2c.o(i.I2C_Send7bitAddress)
    I2C_SendData                             0x00001807   Thumb Code     4  cw32f030_i2c.o(i.I2C_SendData)
    I2C_init                                 0x0000180d   Thumb Code   112  oled_i2c.o(i.I2C_init)
    LVD_IRQHandler                           0x0000188d   Thumb Code     2  interrupts_cw32f030.o(i.LVD_IRQHandler)
    NMI_Handler                              0x0000188f   Thumb Code     2  interrupts_cw32f030.o(i.NMI_Handler)
    OLED_StrEscCharacter                     0x00001891   Thumb Code   304  oled_i2c.o(i.OLED_StrEscCharacter)
    PendSV_Handler                           0x000019c5   Thumb Code     2  interrupts_cw32f030.o(i.PendSV_Handler)
    RCC_AHBPeriphClk_Enable                  0x000019c9   Thumb Code    18  cw32f030_rcc.o(i.RCC_AHBPeriphClk_Enable)
    RCC_APBPeriphClk_Enable2                 0x000019e1   Thumb Code    18  cw32f030_rcc.o(i.RCC_APBPeriphClk_Enable2)
    RCC_Configuration                        0x000019f9   Thumb Code    60  main.o(i.RCC_Configuration)
    RCC_HCLKPRS_Config                       0x00001a41   Thumb Code    18  cw32f030_rcc.o(i.RCC_HCLKPRS_Config)
    RCC_HSI_Enable                           0x00001a61   Thumb Code    30  cw32f030_rcc.o(i.RCC_HSI_Enable)
    RCC_IRQHandler                           0x00001a89   Thumb Code     2  interrupts_cw32f030.o(i.RCC_IRQHandler)
    RCC_PCLKPRS_Config                       0x00001a8d   Thumb Code    18  cw32f030_rcc.o(i.RCC_PCLKPRS_Config)
    RCC_PLL_Enable                           0x00001aad   Thumb Code   124  cw32f030_rcc.o(i.RCC_PLL_Enable)
    RCC_SysClk_Switch                        0x00001b35   Thumb Code    46  cw32f030_rcc.o(i.RCC_SysClk_Switch)
    RCC_Sysctrl_GetHClkFreq                  0x00001b75   Thumb Code   104  cw32f030_rcc.o(i.RCC_Sysctrl_GetHClkFreq)
    RCC_SystemCoreClockUpdate                0x00001bf1   Thumb Code     6  cw32f030_rcc.o(i.RCC_SystemCoreClockUpdate)
    RTC_IRQHandler                           0x00001bfd   Thumb Code     2  interrupts_cw32f030.o(i.RTC_IRQHandler)
    SPI1_IRQHandler                          0x00001bff   Thumb Code     2  interrupts_cw32f030.o(i.SPI1_IRQHandler)
    SPI2_IRQHandler                          0x00001c01   Thumb Code     2  interrupts_cw32f030.o(i.SPI2_IRQHandler)
    SVC_Handler                              0x00001c03   Thumb Code     2  interrupts_cw32f030.o(i.SVC_Handler)
    SysTick_Handler                          0x00001c05   Thumb Code    12  cw32f030_systick.o(i.SysTick_Handler)
    SystemInit                               0x00001c15   Thumb Code    46  system_cw32f030.o(i.SystemInit)
    UART1_IRQHandler                         0x00001c51   Thumb Code     2  interrupts_cw32f030.o(i.UART1_IRQHandler)
    UART2_IRQHandler                         0x00001c53   Thumb Code     2  interrupts_cw32f030.o(i.UART2_IRQHandler)
    UART3_IRQHandler                         0x00001c55   Thumb Code     2  interrupts_cw32f030.o(i.UART3_IRQHandler)
    VC1_IRQHandler                           0x00001c57   Thumb Code     2  interrupts_cw32f030.o(i.VC1_IRQHandler)
    VC2_IRQHandler                           0x00001c59   Thumb Code     2  interrupts_cw32f030.o(i.VC2_IRQHandler)
    WDT_IRQHandler                           0x00001c5b   Thumb Code     2  interrupts_cw32f030.o(i.WDT_IRQHandler)
    WriteCmd                                 0x00001c5d   Thumb Code    16  oled_i2c.o(i.WriteCmd)
    WriteDat                                 0x00001c71   Thumb Code    16  oled_i2c.o(i.WriteDat)
    __0printf$1                              0x00001c85   Thumb Code    24  printf1.o(i.__0printf$1)
    __1printf$1                              0x00001c85   Thumb Code     0  printf1.o(i.__0printf$1)
    __2printf                                0x00001c85   Thumb Code     0  printf1.o(i.__0printf$1)
    __0sprintf$1                             0x00001ca5   Thumb Code    36  printf1.o(i.__0sprintf$1)
    __1sprintf$1                             0x00001ca5   Thumb Code     0  printf1.o(i.__0sprintf$1)
    __2sprintf                               0x00001ca5   Thumb Code     0  printf1.o(i.__0sprintf$1)
    __ARM_clz                                0x00001ccd   Thumb Code    46  depilogue.o(i.__ARM_clz)
    __ARM_common_switch8                     0x00001cfb   Thumb Code    26  cw32f030_i2c.o(i.__ARM_common_switch8)
    __scatterload_copy                       0x00001d2d   Thumb Code    14  handlers.o(i.__scatterload_copy)
    __scatterload_null                       0x00001d3b   Thumb Code     2  handlers.o(i.__scatterload_null)
    __scatterload_zeroinit                   0x00001d3d   Thumb Code    14  handlers.o(i.__scatterload_zeroinit)
    fputc                                    0x00001ea7   Thumb Code    18  fputc.o(i.fputc)
    free                                     0x00001eb9   Thumb Code    80  malloc.o(i.free)
    main                                     0x00001f0d   Thumb Code   380  main.o(i.main)
    malloc                                   0x000020ed   Thumb Code    92  malloc.o(i.malloc)
    STEP_TAB                                 0x00002158   Data           6  motorcontrol.o(.constdata)
    hsiprs_tbl                               0x00002750   Data          64  cw32f030_rcc.o(.constdata)
    Region$$Table$$Base                      0x000027b4   Number         0  anon$$obj.o(Region$$Table)
    Region$$Table$$Limit                     0x000027d4   Number         0  anon$$obj.o(Region$$Table)
    PWMFLA                                   0x20000000   Data           1  main.o(.data)
    ADC_Result_Array                         0x20000002   Data           2  main.o(.data)
    RealS                                    0x20000004   Data           4  main.o(.data)
    HALLcount                                0x20000008   Data           4  main.o(.data)
    timecount                                0x2000000c   Data           4  main.o(.data)
    timecount1                               0x20000010   Data           4  main.o(.data)
    ErrorCode                                0x2000001c   Data           4  motorcontrol.o(.data)
    Cur_step                                 0x20000020   Data           4  motorcontrol.o(.data)
    Motor_Start_F                            0x20000024   Data           4  motorcontrol.o(.data)
    OutPwm                                   0x20000028   Data           4  motorcontrol.o(.data)
    I2C_P_x                                  0x2000002c   Data           1  oled_i2c.o(.data)
    I2C_P_y                                  0x2000002d   Data           1  oled_i2c.o(.data)
    I2C_OFFSET_W                             0x2000002e   Data           2  oled_i2c.o(.data)
    I2C_OFFSET_H                             0x20000030   Data           2  oled_i2c.o(.data)
    Fonttemp                                 0x20000034   Data           4  oled_i2c.o(.data)
    Font8x16                                 0x20000038   Data          16  font.o(.data)
    uwTickFreq                               0x20000048   Data           1  cw32f030_systick.o(.data)
    uwTickPrio                               0x2000004c   Data           4  cw32f030_systick.o(.data)
    uwTick                                   0x20000050   Data           4  cw32f030_systick.o(.data)
    SystemCoreClock                          0x20000054   Data           4  system_cw32f030.o(.data)
    __stdout                                 0x20000058   Data           4  stdout.o(.data)
    __microlib_freelist                      0x2000005c   Data           4  mvars.o(.data)
    __microlib_freelist_initialised          0x20000060   Data           4  mvars.o(.data)
    temp_buff                                0x20000064   Data         100  main.o(.bss)
    temp_buff1                               0x200000c8   Data          50  main.o(.bss)
    I2C_OLED_GRAM                            0x200000fa   Data        1024  oled_i2c.o(.bss)
    __heap_base                              0x20000500   Data           0  startup_cw32f030.o(HEAP)
    __heap_limit                             0x20000700   Data           0  startup_cw32f030.o(HEAP)
    __initial_sp                             0x20000900   Data           0  startup_cw32f030.o(STACK)



==============================================================================

Memory Map of the image

  Image Entry point : 0x000000c1

  Load Region LR_IROM1 (Base: 0x00000000, Size: 0x00002838, Max: 0x00010000, ABSOLUTE)

    Execution Region ER_IROM1 (Exec base: 0x00000000, Load base: 0x00000000, Size: 0x000027d4, Max: 0x00010000, ABSOLUTE)

    Exec Addr    Load Addr    Size         Type   Attr      Idx    E Section Name        Object

    0x00000000   0x00000000   0x000000c0   Data   RO          323    RESET               startup_cw32f030.o
    0x000000c0   0x000000c0   0x00000000   Code   RO         3724  * .ARM.Collect$$$$00000000  mc_p.l(entry.o)
    0x000000c0   0x000000c0   0x00000004   Code   RO         4054    .ARM.Collect$$$$00000001  mc_p.l(entry2.o)
    0x000000c4   0x000000c4   0x00000004   Code   RO         4057    .ARM.Collect$$$$00000004  mc_p.l(entry5.o)
    0x000000c8   0x000000c8   0x00000000   Code   RO         4059    .ARM.Collect$$$$00000008  mc_p.l(entry7b.o)
    0x000000c8   0x000000c8   0x00000000   Code   RO         4061    .ARM.Collect$$$$0000000A  mc_p.l(entry8b.o)
    0x000000c8   0x000000c8   0x00000008   Code   RO         4062    .ARM.Collect$$$$0000000B  mc_p.l(entry9a.o)
    0x000000d0   0x000000d0   0x00000004   Code   RO         4069    .ARM.Collect$$$$0000000E  mc_p.l(entry12b.o)
    0x000000d4   0x000000d4   0x00000000   Code   RO         4064    .ARM.Collect$$$$0000000F  mc_p.l(entry10a.o)
    0x000000d4   0x000000d4   0x00000000   Code   RO         4066    .ARM.Collect$$$$00000011  mc_p.l(entry11a.o)
    0x000000d4   0x000000d4   0x00000004   Code   RO         4055    .ARM.Collect$$$$00002712  mc_p.l(entry2.o)
    0x000000d8   0x000000d8   0x0000003c   Code   RO          324    .text               startup_cw32f030.o
    0x00000114   0x00000114   0x0000002c   Code   RO         3727    .text               mc_p.l(uidiv.o)
    0x00000140   0x00000140   0x00000024   Code   RO         3733    .text               mc_p.l(memcpya.o)
    0x00000164   0x00000164   0x00000168   Code   RO         4034    .text               mf_p.l(dadd.o)
    0x000002cc   0x000002cc   0x000000d0   Code   RO         4036    .text               mf_p.l(dmul.o)
    0x0000039c   0x0000039c   0x0000001c   Code   RO         4042    .text               mf_p.l(dfltui.o)
    0x000003b8   0x000003b8   0x00000028   Code   RO         4046    .text               mf_p.l(ffixui.o)
    0x000003e0   0x000003e0   0x0000003c   Code   RO         4048    .text               mf_p.l(dfixui.o)
    0x0000041c   0x0000041c   0x00000038   Code   RO         4052    .text               mf_p.l(d2f.o)
    0x00000454   0x00000454   0x00000020   Code   RO         4075    .text               mc_p.l(llshl.o)
    0x00000474   0x00000474   0x00000022   Code   RO         4077    .text               mc_p.l(llushr.o)
    0x00000496   0x00000496   0x00000026   Code   RO         4079    .text               mc_p.l(llsshr.o)
    0x000004bc   0x000004bc   0x00000000   Code   RO         4083    .text               mc_p.l(iusefp.o)
    0x000004bc   0x000004bc   0x00000082   Code   RO         4084    .text               mf_p.l(fepilogue.o)
    0x0000053e   0x0000053e   0x000000be   Code   RO         4086    .text               mf_p.l(depilogue.o)
    0x000005fc   0x000005fc   0x00000024   Code   RO         4096    .text               mc_p.l(init.o)
    0x00000620   0x00000620   0x00000000   Code   RO         4098    .text               mc_p.l(semi.o)
    0x00000620   0x00000620   0x00000000   Code   RO         4099    .text               mc_p.l(iusesemip.o)
    0x00000620   0x00000620   0x000000c4   Code   RO          330    i.ADC_Configuration  main.o
    0x000006e4   0x000006e4   0x0000001c   Code   RO          672    i.ADC_Enable        cw32f030_adc.o
    0x00000700   0x00000700   0x00000014   Code   RO          678    i.ADC_GetITStatus   cw32f030_adc.o
    0x00000714   0x00000714   0x00000002   Code   RO            3    i.ADC_IRQHandler    interrupts_cw32f030.o
    0x00000716   0x00000716   0x00000002   PAD
    0x00000718   0x00000718   0x00000054   Code   RO          687    i.ADC_Init          cw32f030_adc.o
    0x0000076c   0x0000076c   0x0000001c   Code   RO          701    i.ADC_SoftwareStartConvCmd  cw32f030_adc.o
    0x00000788   0x00000788   0x00000154   Code   RO          331    i.ATIIM_init        main.o
    0x000008dc   0x000008dc   0x0000000c   Code   RO          989    i.ATIM_ClearITPendingBit  cw32f030_atim.o
    0x000008e8   0x000008e8   0x00000018   Code   RO          990    i.ATIM_Cmd          cw32f030_atim.o
    0x00000900   0x00000900   0x00000018   Code   RO          991    i.ATIM_CtrlPWMOutputs  cw32f030_atim.o
    0x00000918   0x00000918   0x00000014   Code   RO         1000    i.ATIM_GetITStatus  cw32f030_atim.o
    0x0000092c   0x0000092c   0x00000018   Code   RO          332    i.ATIM_IRQHandler   main.o
    0x00000944   0x00000944   0x00000058   Code   RO         1008    i.ATIM_Init         cw32f030_atim.o
    0x0000099c   0x0000099c   0x00000058   Code   RO         1010    i.ATIM_OC1AInit     cw32f030_atim.o
    0x000009f4   0x000009f4   0x00000050   Code   RO         1011    i.ATIM_OC1BInit     cw32f030_atim.o
    0x00000a44   0x00000a44   0x00000060   Code   RO         1012    i.ATIM_OC2AInit     cw32f030_atim.o
    0x00000aa4   0x00000aa4   0x00000054   Code   RO         1013    i.ATIM_OC2BInit     cw32f030_atim.o
    0x00000af8   0x00000af8   0x00000060   Code   RO         1014    i.ATIM_OC3AInit     cw32f030_atim.o
    0x00000b58   0x00000b58   0x00000054   Code   RO         1015    i.ATIM_OC3BInit     cw32f030_atim.o
    0x00000bac   0x00000bac   0x00000034   Code   RO         1017    i.ATIM_PWMOutputConfig  cw32f030_atim.o
    0x00000be0   0x00000be0   0x0000000c   Code   RO         1018    i.ATIM_SetCompare1A  cw32f030_atim.o
    0x00000bec   0x00000bec   0x0000000c   Code   RO         1020    i.ATIM_SetCompare2A  cw32f030_atim.o
    0x00000bf8   0x00000bf8   0x0000000c   Code   RO         1022    i.ATIM_SetCompare3A  cw32f030_atim.o
    0x00000c04   0x00000c04   0x00000002   Code   RO            4    i.AWT_IRQHandler    interrupts_cw32f030.o
    0x00000c06   0x00000c06   0x00000002   PAD
    0x00000c08   0x00000c08   0x00000054   Code   RO          333    i.BTIM1_IRQHandler  main.o
    0x00000c5c   0x00000c5c   0x00000002   Code   RO            5    i.BTIM3_IRQHandler  interrupts_cw32f030.o
    0x00000c5e   0x00000c5e   0x00000008   Code   RO         1365    i.BTIM_ClearITPendingBit  cw32f030_btim.o
    0x00000c66   0x00000c66   0x00000014   Code   RO         1366    i.BTIM_Cmd          cw32f030_btim.o
    0x00000c7a   0x00000c7a   0x0000000a   Code   RO         1372    i.BTIM_GetITStatus  cw32f030_btim.o
    0x00000c84   0x00000c84   0x00000010   Code   RO         1374    i.BTIM_ITConfig     cw32f030_btim.o
    0x00000c94   0x00000c94   0x00000020   Code   RO         1383    i.BTIM_TimeBaseInit  cw32f030_btim.o
    0x00000cb4   0x00000cb4   0x00000050   Code   RO          334    i.BTIM_init         main.o
    0x00000d04   0x00000d04   0x00000050   Code   RO          424    i.Commutation       motorcontrol.o
    0x00000d54   0x00000d54   0x00000014   Code   RO            6    i.DMACH1_IRQHandler  interrupts_cw32f030.o
    0x00000d68   0x00000d68   0x00000002   Code   RO            7    i.DMACH23_IRQHandler  interrupts_cw32f030.o
    0x00000d6a   0x00000d6a   0x00000002   Code   RO            8    i.DMACH45_IRQHandler  interrupts_cw32f030.o
    0x00000d6c   0x00000d6c   0x00000010   Code   RO         1613    i.DMA_ClearITPendingBit  cw32f030_dma.o
    0x00000d7c   0x00000d7c   0x00000014   Code   RO         1614    i.DMA_Cmd           cw32f030_dma.o
    0x00000d90   0x00000d90   0x00000014   Code   RO         1617    i.DMA_GetITStatus   cw32f030_dma.o
    0x00000da4   0x00000da4   0x00000010   Code   RO         1618    i.DMA_ITConfig      cw32f030_dma.o
    0x00000db4   0x00000db4   0x0000003c   Code   RO         1619    i.DMA_Init          cw32f030_dma.o
    0x00000df0   0x00000df0   0x00000018   Code   RO         1621    i.DMA_StructInit    cw32f030_dma.o
    0x00000e08   0x00000e08   0x00000002   Code   RO            9    i.FAULT_IRQHandler  interrupts_cw32f030.o
    0x00000e0a   0x00000e0a   0x00000002   Code   RO           10    i.FLASHRAM_IRQHandler  interrupts_cw32f030.o
    0x00000e0c   0x00000e0c   0x0000001c   Code   RO         1695    i.FLASH_SetLatency  cw32f030_flash.o
    0x00000e28   0x00000e28   0x00000002   Code   RO           11    i.GPIOA_IRQHandler  interrupts_cw32f030.o
    0x00000e2a   0x00000e2a   0x00000002   Code   RO           12    i.GPIOB_IRQHandler  interrupts_cw32f030.o
    0x00000e2c   0x00000e2c   0x00000002   Code   RO           13    i.GPIOC_IRQHandler  interrupts_cw32f030.o
    0x00000e2e   0x00000e2e   0x00000002   Code   RO           14    i.GPIOF_IRQHandler  interrupts_cw32f030.o
    0x00000e30   0x00000e30   0x00000090   Code   RO          335    i.GPIO_Configuration  main.o
    0x00000ec0   0x00000ec0   0x000000e4   Code   RO         1819    i.GPIO_Init         cw32f030_gpio.o
    0x00000fa4   0x00000fa4   0x0000000c   Code   RO         1825    i.GPIO_WritePin     cw32f030_gpio.o
    0x00000fb0   0x00000fb0   0x00000020   Code   RO           15    i.GTIM1_IRQHandler  interrupts_cw32f030.o
    0x00000fd0   0x00000fd0   0x00000090   Code   RO          336    i.GTIM2_IRQHandler  main.o
    0x00001060   0x00001060   0x00000002   Code   RO           16    i.GTIM3_IRQHandler  interrupts_cw32f030.o
    0x00001062   0x00001062   0x00000002   Code   RO           17    i.GTIM4_IRQHandler  interrupts_cw32f030.o
    0x00001064   0x00001064   0x0000000c   Code   RO         1903    i.GTIM_ClearITPendingBit  cw32f030_gtim.o
    0x00001070   0x00001070   0x00000016   Code   RO         1904    i.GTIM_Cmd          cw32f030_gtim.o
    0x00001086   0x00001086   0x00000010   Code   RO         1912    i.GTIM_GetITStatus  cw32f030_gtim.o
    0x00001096   0x00001096   0x00000034   Code   RO         1914    i.GTIM_ICInit       cw32f030_gtim.o
    0x000010ca   0x000010ca   0x00000016   Code   RO         1915    i.GTIM_ITConfig     cw32f030_gtim.o
    0x000010e0   0x000010e0   0x00000030   Code   RO         1924    i.GTIM_TimeBaseInit  cw32f030_gtim.o
    0x00001110   0x00001110   0x000000f0   Code   RO          337    i.GTIM_init         main.o
    0x00001200   0x00001200   0x0000002e   Code   RO          620    i.GetConslonsCode_from_EXFlash  font.o
    0x0000122e   0x0000122e   0x00000002   PAD
    0x00001230   0x00001230   0x00000020   Code   RO          621    i.GetGBKCode_from_EXFlash  font.o
    0x00001250   0x00001250   0x00000054   Code   RO          425    i.HALL_Check        motorcontrol.o
    0x000012a4   0x000012a4   0x00000030   Code   RO          426    i.HALL_MOTOR_START  motorcontrol.o
    0x000012d4   0x000012d4   0x00000002   Code   RO           18    i.HardFault_Handler  interrupts_cw32f030.o
    0x000012d6   0x000012d6   0x00000002   PAD
    0x000012d8   0x000012d8   0x00000020   Code   RO         2089    i.I2C1_DeInit       cw32f030_i2c.o
    0x000012f8   0x000012f8   0x00000002   Code   RO           19    i.I2C1_IRQHandler   interrupts_cw32f030.o
    0x000012fa   0x000012fa   0x00000002   Code   RO           20    i.I2C2_IRQHandler   interrupts_cw32f030.o
    0x000012fc   0x000012fc   0x00000012   Code   RO         2093    i.I2C_AcknowledgeConfig  cw32f030_i2c.o
    0x0000130e   0x0000130e   0x00000014   Code   RO         2094    i.I2C_BaudGeneratorEnable  cw32f030_i2c.o
    0x00001322   0x00001322   0x0000000a   Code   RO         2095    i.I2C_ClearIrq      cw32f030_i2c.o
    0x0000132c   0x0000132c   0x00000012   Code   RO         2096    i.I2C_Cmd           cw32f030_i2c.o
    0x0000133e   0x0000133e   0x00000014   Code   RO         2097    i.I2C_FilterConfig  cw32f030_i2c.o
    0x00001352   0x00001352   0x00000024   Code   RO         2099    i.I2C_GenerateSTART  cw32f030_i2c.o
    0x00001376   0x00001376   0x00000012   Code   RO         2100    i.I2C_GenerateSTOP  cw32f030_i2c.o
    0x00001388   0x00001388   0x00000008   Code   RO         2101    i.I2C_GetIrq        cw32f030_i2c.o
    0x00001390   0x00001390   0x00000006   Code   RO         2102    i.I2C_GetState      cw32f030_i2c.o
    0x00001396   0x00001396   0x00000098   Code   RO          468    i.I2C_MasterWriteEepromData1  oled_i2c.o
    0x0000142e   0x0000142e   0x00000032   Code   RO         2107    i.I2C_Master_Init   cw32f030_i2c.o
    0x00001460   0x00001460   0x0000003c   Code   RO          469    i.I2C_OLED_Clear    oled_i2c.o
    0x0000149c   0x0000149c   0x00000034   Code   RO          470    i.I2C_OLED_ClearPoint  oled_i2c.o
    0x000014d0   0x000014d0   0x0000001c   Code   RO          471    i.I2C_OLED_Clear_Line  oled_i2c.o
    0x000014ec   0x000014ec   0x00000030   Code   RO          476    i.I2C_OLED_DrawPoint  oled_i2c.o
    0x0000151c   0x0000151c   0x0000009a   Code   RO          477    i.I2C_OLED_Init     oled_i2c.o
    0x000015b6   0x000015b6   0x00000002   PAD
    0x000015b8   0x000015b8   0x0000005c   Code   RO          478    i.I2C_OLED_Move     oled_i2c.o
    0x00001614   0x00001614   0x00000088   Code   RO          481    i.I2C_OLED_ShowChar  oled_i2c.o
    0x0000169c   0x0000169c   0x00000066   Code   RO          482    i.I2C_OLED_ShowChar_CH  oled_i2c.o
    0x00001702   0x00001702   0x00000002   PAD
    0x00001704   0x00001704   0x00000090   Code   RO          484    i.I2C_OLED_ShowString  oled_i2c.o
    0x00001794   0x00001794   0x00000060   Code   RO          485    i.I2C_OLED_UPdata   oled_i2c.o
    0x000017f4   0x000017f4   0x00000012   Code   RO         2109    i.I2C_Send7bitAddress  cw32f030_i2c.o
    0x00001806   0x00001806   0x00000004   Code   RO         2110    i.I2C_SendData      cw32f030_i2c.o
    0x0000180a   0x0000180a   0x00000002   PAD
    0x0000180c   0x0000180c   0x00000080   Code   RO          486    i.I2C_init          oled_i2c.o
    0x0000188c   0x0000188c   0x00000002   Code   RO           21    i.LVD_IRQHandler    interrupts_cw32f030.o
    0x0000188e   0x0000188e   0x00000002   Code   RO           22    i.NMI_Handler       interrupts_cw32f030.o
    0x00001890   0x00001890   0x00000134   Code   RO          487    i.OLED_StrEscCharacter  oled_i2c.o
    0x000019c4   0x000019c4   0x00000002   Code   RO           23    i.PendSV_Handler    interrupts_cw32f030.o
    0x000019c6   0x000019c6   0x00000002   PAD
    0x000019c8   0x000019c8   0x00000018   Code   RO         2525    i.RCC_AHBPeriphClk_Enable  cw32f030_rcc.o
    0x000019e0   0x000019e0   0x00000018   Code   RO         2528    i.RCC_APBPeriphClk_Enable2  cw32f030_rcc.o
    0x000019f8   0x000019f8   0x00000048   Code   RO          338    i.RCC_Configuration  main.o
    0x00001a40   0x00001a40   0x00000020   Code   RO         2548    i.RCC_HCLKPRS_Config  cw32f030_rcc.o
    0x00001a60   0x00001a60   0x00000028   Code   RO         2554    i.RCC_HSI_Enable    cw32f030_rcc.o
    0x00001a88   0x00001a88   0x00000002   Code   RO           24    i.RCC_IRQHandler    interrupts_cw32f030.o
    0x00001a8a   0x00001a8a   0x00000002   PAD
    0x00001a8c   0x00001a8c   0x00000020   Code   RO         2566    i.RCC_PCLKPRS_Config  cw32f030_rcc.o
    0x00001aac   0x00001aac   0x00000088   Code   RO         2569    i.RCC_PLL_Enable    cw32f030_rcc.o
    0x00001b34   0x00001b34   0x00000040   Code   RO         2573    i.RCC_SysClk_Switch  cw32f030_rcc.o
    0x00001b74   0x00001b74   0x0000007c   Code   RO         2574    i.RCC_Sysctrl_GetHClkFreq  cw32f030_rcc.o
    0x00001bf0   0x00001bf0   0x0000000c   Code   RO         2576    i.RCC_SystemCoreClockUpdate  cw32f030_rcc.o
    0x00001bfc   0x00001bfc   0x00000002   Code   RO           25    i.RTC_IRQHandler    interrupts_cw32f030.o
    0x00001bfe   0x00001bfe   0x00000002   Code   RO           26    i.SPI1_IRQHandler   interrupts_cw32f030.o
    0x00001c00   0x00001c00   0x00000002   Code   RO           27    i.SPI2_IRQHandler   interrupts_cw32f030.o
    0x00001c02   0x00001c02   0x00000002   Code   RO           28    i.SVC_Handler       interrupts_cw32f030.o
    0x00001c04   0x00001c04   0x00000010   Code   RO         3157    i.SysTick_Handler   cw32f030_systick.o
    0x00001c14   0x00001c14   0x0000003c   Code   RO         3685    i.SystemInit        system_cw32f030.o
    0x00001c50   0x00001c50   0x00000002   Code   RO           29    i.UART1_IRQHandler  interrupts_cw32f030.o
    0x00001c52   0x00001c52   0x00000002   Code   RO           30    i.UART2_IRQHandler  interrupts_cw32f030.o
    0x00001c54   0x00001c54   0x00000002   Code   RO           31    i.UART3_IRQHandler  interrupts_cw32f030.o
    0x00001c56   0x00001c56   0x00000002   Code   RO           32    i.VC1_IRQHandler    interrupts_cw32f030.o
    0x00001c58   0x00001c58   0x00000002   Code   RO           33    i.VC2_IRQHandler    interrupts_cw32f030.o
    0x00001c5a   0x00001c5a   0x00000002   Code   RO           34    i.WDT_IRQHandler    interrupts_cw32f030.o
    0x00001c5c   0x00001c5c   0x00000014   Code   RO          488    i.WriteCmd          oled_i2c.o
    0x00001c70   0x00001c70   0x00000014   Code   RO          489    i.WriteDat          oled_i2c.o
    0x00001c84   0x00001c84   0x00000020   Code   RO         3782    i.__0printf$1       mc_p.l(printf1.o)
    0x00001ca4   0x00001ca4   0x00000028   Code   RO         3784    i.__0sprintf$1      mc_p.l(printf1.o)
    0x00001ccc   0x00001ccc   0x0000002e   Code   RO         4088    i.__ARM_clz         mf_p.l(depilogue.o)
    0x00001cfa   0x00001cfa   0x0000001a   Code   RO         2257    i.__ARM_common_switch8  cw32f030_i2c.o
    0x00001d14   0x00001d14   0x00000018   Code   RO          339    i.__NVIC_EnableIRQ  main.o
    0x00001d2c   0x00001d2c   0x0000000e   Code   RO         4102    i.__scatterload_copy  mc_p.l(handlers.o)
    0x00001d3a   0x00001d3a   0x00000002   Code   RO         4103    i.__scatterload_null  mc_p.l(handlers.o)
    0x00001d3c   0x00001d3c   0x0000000e   Code   RO         4104    i.__scatterload_zeroinit  mc_p.l(handlers.o)
    0x00001d4a   0x00001d4a   0x00000002   PAD
    0x00001d4c   0x00001d4c   0x00000150   Code   RO         3789    i._printf_core      mc_p.l(printf1.o)
    0x00001e9c   0x00001e9c   0x0000000a   Code   RO         3791    i._sputc            mc_p.l(printf1.o)
    0x00001ea6   0x00001ea6   0x00000012   Code   RO         4070    i.fputc             mc_p.l(fputc.o)
    0x00001eb8   0x00001eb8   0x00000054   Code   RO         3998    i.free              mc_p.l(malloc.o)
    0x00001f0c   0x00001f0c   0x000001e0   Code   RO          340    i.main              main.o
    0x000020ec   0x000020ec   0x0000006c   Code   RO         3999    i.malloc            mc_p.l(malloc.o)
    0x00002158   0x00002158   0x00000006   Data   RO          428    .constdata          motorcontrol.o
    0x0000215e   0x0000215e   0x000005f0   Data   RO          622    .constdata          font.o
    0x0000274e   0x0000274e   0x00000002   PAD
    0x00002750   0x00002750   0x00000064   Data   RO         2578    .constdata          cw32f030_rcc.o
    0x000027b4   0x000027b4   0x00000020   Data   RO         4100    Region$$Table       anon$$obj.o


    Execution Region RW_IRAM1 (Exec base: 0x20000000, Load base: 0x000027d4, Size: 0x00000900, Max: 0x00002000, ABSOLUTE)

    Exec Addr    Load Addr    Size         Type   Attr      Idx    E Section Name        Object

    0x20000000   0x000027d4   0x00000018   Data   RW          342    .data               main.o
    0x20000018   0x000027ec   0x00000014   Data   RW          429    .data               motorcontrol.o
    0x2000002c   0x00002800   0x0000000c   Data   RW          491    .data               oled_i2c.o
    0x20000038   0x0000280c   0x00000010   Data   RW          626    .data               font.o
    0x20000048   0x0000281c   0x0000000c   Data   RW         3159    .data               cw32f030_systick.o
    0x20000054   0x00002828   0x00000004   Data   RW         3686    .data               system_cw32f030.o
    0x20000058   0x0000282c   0x00000004   Data   RW         4072    .data               mc_p.l(stdout.o)
    0x2000005c   0x00002830   0x00000004   Data   RW         4081    .data               mc_p.l(mvars.o)
    0x20000060   0x00002834   0x00000004   Data   RW         4082    .data               mc_p.l(mvars.o)
    0x20000064        -       0x00000096   Zero   RW          341    .bss                main.o
    0x200000fa        -       0x00000400   Zero   RW          490    .bss                oled_i2c.o
    0x200004fa   0x00002838   0x00000006   PAD
    0x20000500        -       0x00000200   Zero   RW          322    HEAP                startup_cw32f030.o
    0x20000700        -       0x00000200   Zero   RW          321    STACK               startup_cw32f030.o


==============================================================================

Image component sizes


      Code (inc. data)   RO Data    RW Data    ZI Data      Debug   Object Name

       160         24          0          0          0       2887   cw32f030_adc.o
       784         82          0          0          0       8828   cw32f030_atim.o
        86          4          0          0          0       3315   cw32f030_btim.o
       156         10          0          0          0       3807   cw32f030_dma.o
        28         10          0          0          0        559   cw32f030_flash.o
       240          4          0          0          0       1828   cw32f030_gpio.o
       172          4          0          0          0       3905   cw32f030_gtim.o
       284          8          0          0          0       8351   cw32f030_i2c.o
       488        114        100          0          0       6648   cw32f030_rcc.o
        16          4          0         12          0       1865   cw32f030_systick.o
        78         20       1520         16          0       3094   font.o
       112          6          0          0          0     239893   interrupts_cw32f030.o
      1828        252          0         24        150      15554   main.o
       212         26          6         20          0       2760   motorcontrol.o
      1540         80          0         12       1024      12501   oled_i2c.o
        60         22        192          0       1024        652   startup_cw32f030.o
        60         14          0          4          0       1311   system_cw32f030.o

    ----------------------------------------------------------------------
      6322        684       1852         88       2204     317758   Object Totals
         0          0         32          0          0          0   (incl. Generated)
        18          0          2          0          6          0   (incl. Padding)

    ----------------------------------------------------------------------

      Code (inc. data)   RO Data    RW Data    ZI Data      Debug   Library Member Name

         0          0          0          0          0          0   entry.o
         0          0          0          0          0          0   entry10a.o
         0          0          0          0          0          0   entry11a.o
         4          0          0          0          0          0   entry12b.o
         8          4          0          0          0          0   entry2.o
         4          0          0          0          0          0   entry5.o
         0          0          0          0          0          0   entry7b.o
         0          0          0          0          0          0   entry8b.o
         8          4          0          0          0          0   entry9a.o
        18          0          0          0          0         72   fputc.o
        30          0          0          0          0          0   handlers.o
        36          8          0          0          0         68   init.o
         0          0          0          0          0          0   iusefp.o
         0          0          0          0          0          0   iusesemip.o
        32          0          0          0          0         68   llshl.o
        38          0          0          0          0         68   llsshr.o
        34          0          0          0          0         68   llushr.o
       192         20          0          0          0        144   malloc.o
        36          0          0          0          0         60   memcpya.o
         0          0          0          8          0          0   mvars.o
       418         16          0          0          0        312   printf1.o
         0          0          0          0          0          0   semi.o
         0          0          0          4          0          0   stdout.o
        44          0          0          0          0         72   uidiv.o
        56          0          0          0          0         68   d2f.o
       360          6          0          0          0        140   dadd.o
       236          0          0          0          0        216   depilogue.o
        60         10          0          0          0         68   dfixui.o
        28          4          0          0          0         68   dfltui.o
       208          6          0          0          0         88   dmul.o
       130          0          0          0          0        144   fepilogue.o
        40          0          0          0          0         60   ffixui.o

    ----------------------------------------------------------------------
      2022         78          0         12          0       1784   Library Totals
         2          0          0          0          0          0   (incl. Padding)

    ----------------------------------------------------------------------

      Code (inc. data)   RO Data    RW Data    ZI Data      Debug   Library Name

       902         52          0         12          0        932   mc_p.l
      1118         26          0          0          0        852   mf_p.l

    ----------------------------------------------------------------------
      2022         78          0         12          0       1784   Library Totals

    ----------------------------------------------------------------------

==============================================================================


      Code (inc. data)   RO Data    RW Data    ZI Data      Debug   

      8344        762       1852        100       2204     313402   Grand Totals
      8344        762       1852        100       2204     313402   ELF Image Totals
      8344        762       1852        100          0          0   ROM Totals

==============================================================================

    Total RO  Size (Code + RO Data)                10196 (   9.96kB)
    Total RW  Size (RW Data + ZI Data)              2304 (   2.25kB)
    Total ROM Size (Code + RO Data + RW Data)      10296 (  10.05kB)

==============================================================================

