<!doctype html public "-//w3c//dtd html 4.0 transitional//en">
<html><head>
<title>Static Call Graph - [.\Objects\GPIO.axf]</title></head>
<body><HR>
<H1>Static Call Graph for image .\Objects\GPIO.axf</H1><HR>
<BR><P>#&#060CALLGRAPH&#062# ARM Linker, 5060960: Last Updated: Tue Oct 24 22:11:49 2023
<BR><P>
<H3>Maximum Stack Usage =        160 bytes + Unknown(Cycles, Untraceable Function Pointers)</H3><H3>
Call chain for Maximum Stack Depth:</H3>
main &rArr; I2C_OLED_ShowString &rArr; OLED_StrEscCharacter &rArr; I2C_OLED_Move &rArr; I2C_OLED_UPdata &rArr; WriteDat &rArr; I2C_MasterWriteEepromData1
<P>
<H3>
Mutually Recursive functions
</H3> <LI><a href="#[1b]">BTIM2_IRQHandler</a>&nbsp;&nbsp;&nbsp;&rArr;&nbsp;&nbsp;&nbsp;<a href="#[1b]">BTIM2_IRQHandler</a><BR>
 <LI><a href="#[2]">HardFault_Handler</a>&nbsp;&nbsp;&nbsp;&rArr;&nbsp;&nbsp;&nbsp;<a href="#[2]">HardFault_Handler</a><BR>
</UL>
<P>
<H3>
Function Pointers
</H3><UL>
 <LI><a href="#[12]">ADC_IRQHandler</a> from interrupts_cw32f030.o(i.ADC_IRQHandler) referenced from startup_cw32f030.o(RESET)
 <LI><a href="#[13]">ATIM_IRQHandler</a> from main.o(i.ATIM_IRQHandler) referenced from startup_cw32f030.o(RESET)
 <LI><a href="#[24]">AWT_IRQHandler</a> from interrupts_cw32f030.o(i.AWT_IRQHandler) referenced from startup_cw32f030.o(RESET)
 <LI><a href="#[1a]">BTIM1_IRQHandler</a> from main.o(i.BTIM1_IRQHandler) referenced from startup_cw32f030.o(RESET)
 <LI><a href="#[1b]">BTIM2_IRQHandler</a> from startup_cw32f030.o(.text) referenced from startup_cw32f030.o(RESET)
 <LI><a href="#[1c]">BTIM3_IRQHandler</a> from interrupts_cw32f030.o(i.BTIM3_IRQHandler) referenced from startup_cw32f030.o(RESET)
 <LI><a href="#[f]">DMACH1_IRQHandler</a> from interrupts_cw32f030.o(i.DMACH1_IRQHandler) referenced from startup_cw32f030.o(RESET)
 <LI><a href="#[10]">DMACH23_IRQHandler</a> from interrupts_cw32f030.o(i.DMACH23_IRQHandler) referenced from startup_cw32f030.o(RESET)
 <LI><a href="#[11]">DMACH45_IRQHandler</a> from interrupts_cw32f030.o(i.DMACH45_IRQHandler) referenced from startup_cw32f030.o(RESET)
 <LI><a href="#[25]">FAULT_IRQHandler</a> from interrupts_cw32f030.o(i.FAULT_IRQHandler) referenced from startup_cw32f030.o(RESET)
 <LI><a href="#[9]">FLASHRAM_IRQHandler</a> from interrupts_cw32f030.o(i.FLASHRAM_IRQHandler) referenced from startup_cw32f030.o(RESET)
 <LI><a href="#[b]">GPIOA_IRQHandler</a> from interrupts_cw32f030.o(i.GPIOA_IRQHandler) referenced from startup_cw32f030.o(RESET)
 <LI><a href="#[c]">GPIOB_IRQHandler</a> from interrupts_cw32f030.o(i.GPIOB_IRQHandler) referenced from startup_cw32f030.o(RESET)
 <LI><a href="#[d]">GPIOC_IRQHandler</a> from interrupts_cw32f030.o(i.GPIOC_IRQHandler) referenced from startup_cw32f030.o(RESET)
 <LI><a href="#[e]">GPIOF_IRQHandler</a> from interrupts_cw32f030.o(i.GPIOF_IRQHandler) referenced from startup_cw32f030.o(RESET)
 <LI><a href="#[16]">GTIM1_IRQHandler</a> from interrupts_cw32f030.o(i.GTIM1_IRQHandler) referenced from startup_cw32f030.o(RESET)
 <LI><a href="#[17]">GTIM2_IRQHandler</a> from main.o(i.GTIM2_IRQHandler) referenced from startup_cw32f030.o(RESET)
 <LI><a href="#[18]">GTIM3_IRQHandler</a> from interrupts_cw32f030.o(i.GTIM3_IRQHandler) referenced from startup_cw32f030.o(RESET)
 <LI><a href="#[19]">GTIM4_IRQHandler</a> from interrupts_cw32f030.o(i.GTIM4_IRQHandler) referenced from startup_cw32f030.o(RESET)
 <LI><a href="#[2]">HardFault_Handler</a> from interrupts_cw32f030.o(i.HardFault_Handler) referenced from startup_cw32f030.o(RESET)
 <LI><a href="#[1d]">I2C1_IRQHandler</a> from interrupts_cw32f030.o(i.I2C1_IRQHandler) referenced from startup_cw32f030.o(RESET)
 <LI><a href="#[1e]">I2C2_IRQHandler</a> from interrupts_cw32f030.o(i.I2C2_IRQHandler) referenced from startup_cw32f030.o(RESET)
 <LI><a href="#[7]">LVD_IRQHandler</a> from interrupts_cw32f030.o(i.LVD_IRQHandler) referenced from startup_cw32f030.o(RESET)
 <LI><a href="#[1]">NMI_Handler</a> from interrupts_cw32f030.o(i.NMI_Handler) referenced from startup_cw32f030.o(RESET)
 <LI><a href="#[4]">PendSV_Handler</a> from interrupts_cw32f030.o(i.PendSV_Handler) referenced from startup_cw32f030.o(RESET)
 <LI><a href="#[a]">RCC_IRQHandler</a> from interrupts_cw32f030.o(i.RCC_IRQHandler) referenced from startup_cw32f030.o(RESET)
 <LI><a href="#[8]">RTC_IRQHandler</a> from interrupts_cw32f030.o(i.RTC_IRQHandler) referenced from startup_cw32f030.o(RESET)
 <LI><a href="#[0]">Reset_Handler</a> from startup_cw32f030.o(.text) referenced from startup_cw32f030.o(RESET)
 <LI><a href="#[1f]">SPI1_IRQHandler</a> from interrupts_cw32f030.o(i.SPI1_IRQHandler) referenced from startup_cw32f030.o(RESET)
 <LI><a href="#[20]">SPI2_IRQHandler</a> from interrupts_cw32f030.o(i.SPI2_IRQHandler) referenced from startup_cw32f030.o(RESET)
 <LI><a href="#[3]">SVC_Handler</a> from interrupts_cw32f030.o(i.SVC_Handler) referenced from startup_cw32f030.o(RESET)
 <LI><a href="#[5]">SysTick_Handler</a> from cw32f030_systick.o(i.SysTick_Handler) referenced from startup_cw32f030.o(RESET)
 <LI><a href="#[27]">SystemInit</a> from system_cw32f030.o(i.SystemInit) referenced from startup_cw32f030.o(.text)
 <LI><a href="#[21]">UART1_IRQHandler</a> from interrupts_cw32f030.o(i.UART1_IRQHandler) referenced from startup_cw32f030.o(RESET)
 <LI><a href="#[22]">UART2_IRQHandler</a> from interrupts_cw32f030.o(i.UART2_IRQHandler) referenced from startup_cw32f030.o(RESET)
 <LI><a href="#[23]">UART3_IRQHandler</a> from interrupts_cw32f030.o(i.UART3_IRQHandler) referenced from startup_cw32f030.o(RESET)
 <LI><a href="#[14]">VC1_IRQHandler</a> from interrupts_cw32f030.o(i.VC1_IRQHandler) referenced from startup_cw32f030.o(RESET)
 <LI><a href="#[15]">VC2_IRQHandler</a> from interrupts_cw32f030.o(i.VC2_IRQHandler) referenced from startup_cw32f030.o(RESET)
 <LI><a href="#[6]">WDT_IRQHandler</a> from interrupts_cw32f030.o(i.WDT_IRQHandler) referenced from startup_cw32f030.o(RESET)
 <LI><a href="#[28]">__main</a> from entry.o(.ARM.Collect$$$$00000000) referenced from startup_cw32f030.o(.text)
 <LI><a href="#[2a]">_sputc</a> from printf1.o(i._sputc) referenced from printf1.o(i.__0sprintf$1)
 <LI><a href="#[29]">fputc</a> from fputc.o(i.fputc) referenced from printf1.o(i.__0printf$1)
 <LI><a href="#[26]">main</a> from main.o(i.main) referenced from entry9a.o(.ARM.Collect$$$$0000000B)
</UL>
<P>
<H3>
Global Symbols
</H3>
<P><STRONG><a name="[28]"></a>__main</STRONG> (Thumb, 0 bytes, Stack size unknown bytes, entry.o(.ARM.Collect$$$$00000000))
<BR>[Address Reference Count : 1]<UL><LI> startup_cw32f030.o(.text)
</UL>
<P><STRONG><a name="[a1]"></a>_main_stk</STRONG> (Thumb, 0 bytes, Stack size unknown bytes, entry2.o(.ARM.Collect$$$$00000001))

<P><STRONG><a name="[2b]"></a>_main_scatterload</STRONG> (Thumb, 0 bytes, Stack size unknown bytes, entry5.o(.ARM.Collect$$$$00000004))
<BR><BR>[Calls]<UL><LI><a href="#[2c]">&gt;&gt;</a>&nbsp;&nbsp;&nbsp;__scatterload
</UL>

<P><STRONG><a name="[3d]"></a>__main_after_scatterload</STRONG> (Thumb, 0 bytes, Stack size unknown bytes, entry5.o(.ARM.Collect$$$$00000004))
<BR><BR>[Called By]<UL><LI><a href="#[2c]">&gt;&gt;</a>&nbsp;&nbsp;&nbsp;__scatterload
</UL>

<P><STRONG><a name="[a2]"></a>_main_clock</STRONG> (Thumb, 0 bytes, Stack size unknown bytes, entry7b.o(.ARM.Collect$$$$00000008))

<P><STRONG><a name="[a3]"></a>_main_cpp_init</STRONG> (Thumb, 0 bytes, Stack size unknown bytes, entry8b.o(.ARM.Collect$$$$0000000A))

<P><STRONG><a name="[a4]"></a>_main_init</STRONG> (Thumb, 0 bytes, Stack size unknown bytes, entry9a.o(.ARM.Collect$$$$0000000B))

<P><STRONG><a name="[2d]"></a>__rt_lib_shutdown_fini</STRONG> (Thumb, 0 bytes, Stack size unknown bytes, entry12b.o(.ARM.Collect$$$$0000000E))
<BR><BR>[Calls]<UL><LI><a href="#[2e]">&gt;&gt;</a>&nbsp;&nbsp;&nbsp;__arm_fini_ (Weak Reference)
</UL>

<P><STRONG><a name="[a5]"></a>__rt_final_cpp</STRONG> (Thumb, 0 bytes, Stack size unknown bytes, entry10a.o(.ARM.Collect$$$$0000000F))

<P><STRONG><a name="[a6]"></a>__rt_final_exit</STRONG> (Thumb, 0 bytes, Stack size unknown bytes, entry11a.o(.ARM.Collect$$$$00000011))

<P><STRONG><a name="[0]"></a>Reset_Handler</STRONG> (Thumb, 26 bytes, Stack size 0 bytes, startup_cw32f030.o(.text))
<BR>[Address Reference Count : 1]<UL><LI> startup_cw32f030.o(RESET)
</UL>
<P><STRONG><a name="[1b]"></a>BTIM2_IRQHandler</STRONG> (Thumb, 0 bytes, Stack size 0 bytes, startup_cw32f030.o(.text))
<BR><BR>[Calls]<UL><LI><a href="#[1b]">&gt;&gt;</a>&nbsp;&nbsp;&nbsp;BTIM2_IRQHandler
</UL>
<BR>[Called By]<UL><LI><a href="#[1b]">&gt;&gt;</a>&nbsp;&nbsp;&nbsp;BTIM2_IRQHandler
</UL>
<BR>[Address Reference Count : 1]<UL><LI> startup_cw32f030.o(RESET)
</UL>
<P><STRONG><a name="[a7]"></a>__aeabi_uidiv</STRONG> (Thumb, 0 bytes, Stack size 12 bytes, uidiv.o(.text), UNUSED)

<P><STRONG><a name="[90]"></a>__aeabi_uidivmod</STRONG> (Thumb, 44 bytes, Stack size 12 bytes, uidiv.o(.text))
<BR><BR>[Stack]<UL><LI>Max Depth = 12<LI>Call Chain = __aeabi_uidivmod
</UL>
<BR>[Called By]<UL><LI><a href="#[8a]">&gt;&gt;</a>&nbsp;&nbsp;&nbsp;OLED_StrEscCharacter
<LI><a href="#[9a]">&gt;&gt;</a>&nbsp;&nbsp;&nbsp;RCC_Sysctrl_GetHClkFreq
<LI><a href="#[9d]">&gt;&gt;</a>&nbsp;&nbsp;&nbsp;_printf_core
</UL>

<P><STRONG><a name="[a8]"></a>__aeabi_memcpy</STRONG> (Thumb, 36 bytes, Stack size 0 bytes, memcpya.o(.text), UNUSED)

<P><STRONG><a name="[99]"></a>__aeabi_memcpy4</STRONG> (Thumb, 0 bytes, Stack size 0 bytes, memcpya.o(.text))
<BR><BR>[Called By]<UL><LI><a href="#[95]">&gt;&gt;</a>&nbsp;&nbsp;&nbsp;RCC_PLL_Enable
</UL>

<P><STRONG><a name="[a9]"></a>__aeabi_memcpy8</STRONG> (Thumb, 0 bytes, Stack size 0 bytes, memcpya.o(.text), UNUSED)

<P><STRONG><a name="[2f]"></a>__aeabi_dadd</STRONG> (Thumb, 330 bytes, Stack size 48 bytes, dadd.o(.text))
<BR><BR>[Stack]<UL><LI>Max Depth = 104<LI>Call Chain = __aeabi_dadd &rArr; _double_epilogue &rArr; __aeabi_llsr
</UL>
<BR>[Calls]<UL><LI><a href="#[31]">&gt;&gt;</a>&nbsp;&nbsp;&nbsp;__aeabi_lasr
<LI><a href="#[30]">&gt;&gt;</a>&nbsp;&nbsp;&nbsp;__aeabi_llsl
<LI><a href="#[33]">&gt;&gt;</a>&nbsp;&nbsp;&nbsp;_double_round
<LI><a href="#[32]">&gt;&gt;</a>&nbsp;&nbsp;&nbsp;_double_epilogue
</UL>
<BR>[Called By]<UL><LI><a href="#[26]">&gt;&gt;</a>&nbsp;&nbsp;&nbsp;main
<LI><a href="#[35]">&gt;&gt;</a>&nbsp;&nbsp;&nbsp;__aeabi_drsub
<LI><a href="#[34]">&gt;&gt;</a>&nbsp;&nbsp;&nbsp;__aeabi_dsub
</UL>

<P><STRONG><a name="[34]"></a>__aeabi_dsub</STRONG> (Thumb, 12 bytes, Stack size 8 bytes, dadd.o(.text), UNUSED)
<BR><BR>[Calls]<UL><LI><a href="#[2f]">&gt;&gt;</a>&nbsp;&nbsp;&nbsp;__aeabi_dadd
</UL>

<P><STRONG><a name="[35]"></a>__aeabi_drsub</STRONG> (Thumb, 12 bytes, Stack size 8 bytes, dadd.o(.text), UNUSED)
<BR><BR>[Calls]<UL><LI><a href="#[2f]">&gt;&gt;</a>&nbsp;&nbsp;&nbsp;__aeabi_dadd
</UL>

<P><STRONG><a name="[36]"></a>__aeabi_dmul</STRONG> (Thumb, 202 bytes, Stack size 72 bytes, dmul.o(.text))
<BR><BR>[Stack]<UL><LI>Max Depth = 128<LI>Call Chain = __aeabi_dmul &rArr; _double_epilogue &rArr; __aeabi_llsr
</UL>
<BR>[Calls]<UL><LI><a href="#[32]">&gt;&gt;</a>&nbsp;&nbsp;&nbsp;_double_epilogue
</UL>
<BR>[Called By]<UL><LI><a href="#[26]">&gt;&gt;</a>&nbsp;&nbsp;&nbsp;main
</UL>

<P><STRONG><a name="[37]"></a>__aeabi_ui2d</STRONG> (Thumb, 24 bytes, Stack size 16 bytes, dfltui.o(.text))
<BR><BR>[Stack]<UL><LI>Max Depth = 72<LI>Call Chain = __aeabi_ui2d &rArr; _double_epilogue &rArr; __aeabi_llsr
</UL>
<BR>[Calls]<UL><LI><a href="#[32]">&gt;&gt;</a>&nbsp;&nbsp;&nbsp;_double_epilogue
</UL>
<BR>[Called By]<UL><LI><a href="#[26]">&gt;&gt;</a>&nbsp;&nbsp;&nbsp;main
</UL>

<P><STRONG><a name="[a0]"></a>__aeabi_f2uiz</STRONG> (Thumb, 40 bytes, Stack size 0 bytes, ffixui.o(.text))
<BR><BR>[Called By]<UL><LI><a href="#[26]">&gt;&gt;</a>&nbsp;&nbsp;&nbsp;main
</UL>

<P><STRONG><a name="[38]"></a>__aeabi_d2uiz</STRONG> (Thumb, 50 bytes, Stack size 8 bytes, dfixui.o(.text))
<BR><BR>[Stack]<UL><LI>Max Depth = 16<LI>Call Chain = __aeabi_d2uiz &rArr; __aeabi_llsr
</UL>
<BR>[Calls]<UL><LI><a href="#[39]">&gt;&gt;</a>&nbsp;&nbsp;&nbsp;__aeabi_llsr
</UL>
<BR>[Called By]<UL><LI><a href="#[26]">&gt;&gt;</a>&nbsp;&nbsp;&nbsp;main
</UL>

<P><STRONG><a name="[3a]"></a>__aeabi_d2f</STRONG> (Thumb, 56 bytes, Stack size 8 bytes, d2f.o(.text))
<BR><BR>[Stack]<UL><LI>Max Depth = 8<LI>Call Chain = __aeabi_d2f
</UL>
<BR>[Calls]<UL><LI><a href="#[3b]">&gt;&gt;</a>&nbsp;&nbsp;&nbsp;_float_round
</UL>
<BR>[Called By]<UL><LI><a href="#[26]">&gt;&gt;</a>&nbsp;&nbsp;&nbsp;main
</UL>

<P><STRONG><a name="[30]"></a>__aeabi_llsl</STRONG> (Thumb, 32 bytes, Stack size 8 bytes, llshl.o(.text))
<BR><BR>[Stack]<UL><LI>Max Depth = 8<LI>Call Chain = __aeabi_llsl
</UL>
<BR>[Called By]<UL><LI><a href="#[2f]">&gt;&gt;</a>&nbsp;&nbsp;&nbsp;__aeabi_dadd
<LI><a href="#[32]">&gt;&gt;</a>&nbsp;&nbsp;&nbsp;_double_epilogue
</UL>

<P><STRONG><a name="[aa]"></a>_ll_shift_l</STRONG> (Thumb, 0 bytes, Stack size 8 bytes, llshl.o(.text), UNUSED)

<P><STRONG><a name="[39]"></a>__aeabi_llsr</STRONG> (Thumb, 34 bytes, Stack size 8 bytes, llushr.o(.text))
<BR><BR>[Stack]<UL><LI>Max Depth = 8<LI>Call Chain = __aeabi_llsr
</UL>
<BR>[Called By]<UL><LI><a href="#[38]">&gt;&gt;</a>&nbsp;&nbsp;&nbsp;__aeabi_d2uiz
<LI><a href="#[32]">&gt;&gt;</a>&nbsp;&nbsp;&nbsp;_double_epilogue
</UL>

<P><STRONG><a name="[ab]"></a>_ll_ushift_r</STRONG> (Thumb, 0 bytes, Stack size 8 bytes, llushr.o(.text), UNUSED)

<P><STRONG><a name="[31]"></a>__aeabi_lasr</STRONG> (Thumb, 38 bytes, Stack size 8 bytes, llsshr.o(.text))
<BR><BR>[Stack]<UL><LI>Max Depth = 8<LI>Call Chain = __aeabi_lasr
</UL>
<BR>[Called By]<UL><LI><a href="#[2f]">&gt;&gt;</a>&nbsp;&nbsp;&nbsp;__aeabi_dadd
</UL>

<P><STRONG><a name="[ac]"></a>_ll_sshift_r</STRONG> (Thumb, 0 bytes, Stack size 8 bytes, llsshr.o(.text), UNUSED)

<P><STRONG><a name="[ad]"></a>__I$use$fp</STRONG> (Thumb, 0 bytes, Stack size 0 bytes, iusefp.o(.text), UNUSED)

<P><STRONG><a name="[3b]"></a>_float_round</STRONG> (Thumb, 16 bytes, Stack size 0 bytes, fepilogue.o(.text))
<BR><BR>[Called By]<UL><LI><a href="#[3a]">&gt;&gt;</a>&nbsp;&nbsp;&nbsp;__aeabi_d2f
</UL>

<P><STRONG><a name="[ae]"></a>_float_epilogue</STRONG> (Thumb, 114 bytes, Stack size 12 bytes, fepilogue.o(.text), UNUSED)

<P><STRONG><a name="[33]"></a>_double_round</STRONG> (Thumb, 26 bytes, Stack size 8 bytes, depilogue.o(.text))
<BR><BR>[Stack]<UL><LI>Max Depth = 8<LI>Call Chain = _double_round
</UL>
<BR>[Called By]<UL><LI><a href="#[2f]">&gt;&gt;</a>&nbsp;&nbsp;&nbsp;__aeabi_dadd
<LI><a href="#[32]">&gt;&gt;</a>&nbsp;&nbsp;&nbsp;_double_epilogue
</UL>

<P><STRONG><a name="[32]"></a>_double_epilogue</STRONG> (Thumb, 164 bytes, Stack size 48 bytes, depilogue.o(.text))
<BR><BR>[Stack]<UL><LI>Max Depth = 56<LI>Call Chain = _double_epilogue &rArr; __aeabi_llsr
</UL>
<BR>[Calls]<UL><LI><a href="#[3c]">&gt;&gt;</a>&nbsp;&nbsp;&nbsp;__ARM_clz
<LI><a href="#[39]">&gt;&gt;</a>&nbsp;&nbsp;&nbsp;__aeabi_llsr
<LI><a href="#[30]">&gt;&gt;</a>&nbsp;&nbsp;&nbsp;__aeabi_llsl
<LI><a href="#[33]">&gt;&gt;</a>&nbsp;&nbsp;&nbsp;_double_round
</UL>
<BR>[Called By]<UL><LI><a href="#[37]">&gt;&gt;</a>&nbsp;&nbsp;&nbsp;__aeabi_ui2d
<LI><a href="#[36]">&gt;&gt;</a>&nbsp;&nbsp;&nbsp;__aeabi_dmul
<LI><a href="#[2f]">&gt;&gt;</a>&nbsp;&nbsp;&nbsp;__aeabi_dadd
</UL>

<P><STRONG><a name="[2c]"></a>__scatterload</STRONG> (Thumb, 28 bytes, Stack size 0 bytes, init.o(.text))
<BR><BR>[Calls]<UL><LI><a href="#[3d]">&gt;&gt;</a>&nbsp;&nbsp;&nbsp;__main_after_scatterload
</UL>
<BR>[Called By]<UL><LI><a href="#[2b]">&gt;&gt;</a>&nbsp;&nbsp;&nbsp;_main_scatterload
</UL>

<P><STRONG><a name="[af]"></a>__scatterload_rt2</STRONG> (Thumb, 0 bytes, Stack size 0 bytes, init.o(.text), UNUSED)

<P><STRONG><a name="[3e]"></a>ADC_Configuration</STRONG> (Thumb, 172 bytes, Stack size 88 bytes, main.o(i.ADC_Configuration))
<BR><BR>[Stack]<UL><LI>Max Depth = 100<LI>Call Chain = ADC_Configuration &rArr; DMA_Init
</UL>
<BR>[Calls]<UL><LI><a href="#[40]">&gt;&gt;</a>&nbsp;&nbsp;&nbsp;RCC_APBPeriphClk_Enable2
<LI><a href="#[3f]">&gt;&gt;</a>&nbsp;&nbsp;&nbsp;RCC_AHBPeriphClk_Enable
<LI><a href="#[42]">&gt;&gt;</a>&nbsp;&nbsp;&nbsp;DMA_StructInit
<LI><a href="#[43]">&gt;&gt;</a>&nbsp;&nbsp;&nbsp;DMA_Init
<LI><a href="#[45]">&gt;&gt;</a>&nbsp;&nbsp;&nbsp;DMA_ITConfig
<LI><a href="#[46]">&gt;&gt;</a>&nbsp;&nbsp;&nbsp;DMA_Cmd
<LI><a href="#[48]">&gt;&gt;</a>&nbsp;&nbsp;&nbsp;ADC_SoftwareStartConvCmd
<LI><a href="#[41]">&gt;&gt;</a>&nbsp;&nbsp;&nbsp;ADC_Init
<LI><a href="#[47]">&gt;&gt;</a>&nbsp;&nbsp;&nbsp;ADC_Enable
<LI><a href="#[44]">&gt;&gt;</a>&nbsp;&nbsp;&nbsp;DMA_ClearITPendingBit
</UL>
<BR>[Called By]<UL><LI><a href="#[26]">&gt;&gt;</a>&nbsp;&nbsp;&nbsp;main
</UL>

<P><STRONG><a name="[b0]"></a>__I$use$semihosting$fputc</STRONG> (Thumb, 0 bytes, Stack size 88 bytes, iusesemip.o(.text), UNUSED)

<P><STRONG><a name="[b1]"></a>__semihosting_library_function</STRONG> (Thumb, 0 bytes, Stack size 88 bytes, semi.o(.text), UNUSED)

<P><STRONG><a name="[47]"></a>ADC_Enable</STRONG> (Thumb, 24 bytes, Stack size 4 bytes, cw32f030_adc.o(i.ADC_Enable))
<BR><BR>[Stack]<UL><LI>Max Depth = 4<LI>Call Chain = ADC_Enable
</UL>
<BR>[Calls]<UL><LI><a href="#[49]">&gt;&gt;</a>&nbsp;&nbsp;&nbsp;ADC_GetITStatus
</UL>
<BR>[Called By]<UL><LI><a href="#[3e]">&gt;&gt;</a>&nbsp;&nbsp;&nbsp;ADC_Configuration
</UL>

<P><STRONG><a name="[49]"></a>ADC_GetITStatus</STRONG> (Thumb, 16 bytes, Stack size 0 bytes, cw32f030_adc.o(i.ADC_GetITStatus))
<BR><BR>[Called By]<UL><LI><a href="#[47]">&gt;&gt;</a>&nbsp;&nbsp;&nbsp;ADC_Enable
</UL>

<P><STRONG><a name="[12]"></a>ADC_IRQHandler</STRONG> (Thumb, 2 bytes, Stack size 0 bytes, interrupts_cw32f030.o(i.ADC_IRQHandler))
<BR>[Address Reference Count : 1]<UL><LI> startup_cw32f030.o(RESET)
</UL>
<P><STRONG><a name="[41]"></a>ADC_Init</STRONG> (Thumb, 74 bytes, Stack size 8 bytes, cw32f030_adc.o(i.ADC_Init))
<BR><BR>[Stack]<UL><LI>Max Depth = 8<LI>Call Chain = ADC_Init
</UL>
<BR>[Called By]<UL><LI><a href="#[3e]">&gt;&gt;</a>&nbsp;&nbsp;&nbsp;ADC_Configuration
</UL>

<P><STRONG><a name="[48]"></a>ADC_SoftwareStartConvCmd</STRONG> (Thumb, 22 bytes, Stack size 0 bytes, cw32f030_adc.o(i.ADC_SoftwareStartConvCmd))
<BR><BR>[Called By]<UL><LI><a href="#[3e]">&gt;&gt;</a>&nbsp;&nbsp;&nbsp;ADC_Configuration
</UL>

<P><STRONG><a name="[4a]"></a>ATIIM_init</STRONG> (Thumb, 326 bytes, Stack size 88 bytes, main.o(i.ATIIM_init))
<BR><BR>[Stack]<UL><LI>Max Depth = 100<LI>Call Chain = ATIIM_init &rArr; ATIM_PWMOutputConfig
</UL>
<BR>[Calls]<UL><LI><a href="#[4c]">&gt;&gt;</a>&nbsp;&nbsp;&nbsp;GPIO_WritePin
<LI><a href="#[4b]">&gt;&gt;</a>&nbsp;&nbsp;&nbsp;GPIO_Init
<LI><a href="#[56]">&gt;&gt;</a>&nbsp;&nbsp;&nbsp;ATIM_SetCompare3A
<LI><a href="#[55]">&gt;&gt;</a>&nbsp;&nbsp;&nbsp;ATIM_SetCompare2A
<LI><a href="#[54]">&gt;&gt;</a>&nbsp;&nbsp;&nbsp;ATIM_SetCompare1A
<LI><a href="#[57]">&gt;&gt;</a>&nbsp;&nbsp;&nbsp;ATIM_PWMOutputConfig
<LI><a href="#[53]">&gt;&gt;</a>&nbsp;&nbsp;&nbsp;ATIM_OC3BInit
<LI><a href="#[50]">&gt;&gt;</a>&nbsp;&nbsp;&nbsp;ATIM_OC3AInit
<LI><a href="#[52]">&gt;&gt;</a>&nbsp;&nbsp;&nbsp;ATIM_OC2BInit
<LI><a href="#[4f]">&gt;&gt;</a>&nbsp;&nbsp;&nbsp;ATIM_OC2AInit
<LI><a href="#[51]">&gt;&gt;</a>&nbsp;&nbsp;&nbsp;ATIM_OC1BInit
<LI><a href="#[4e]">&gt;&gt;</a>&nbsp;&nbsp;&nbsp;ATIM_OC1AInit
<LI><a href="#[4d]">&gt;&gt;</a>&nbsp;&nbsp;&nbsp;ATIM_Init
<LI><a href="#[58]">&gt;&gt;</a>&nbsp;&nbsp;&nbsp;ATIM_CtrlPWMOutputs
<LI><a href="#[59]">&gt;&gt;</a>&nbsp;&nbsp;&nbsp;ATIM_Cmd
</UL>
<BR>[Called By]<UL><LI><a href="#[26]">&gt;&gt;</a>&nbsp;&nbsp;&nbsp;main
</UL>

<P><STRONG><a name="[5b]"></a>ATIM_ClearITPendingBit</STRONG> (Thumb, 8 bytes, Stack size 0 bytes, cw32f030_atim.o(i.ATIM_ClearITPendingBit))
<BR><BR>[Called By]<UL><LI><a href="#[13]">&gt;&gt;</a>&nbsp;&nbsp;&nbsp;ATIM_IRQHandler
</UL>

<P><STRONG><a name="[59]"></a>ATIM_Cmd</STRONG> (Thumb, 18 bytes, Stack size 0 bytes, cw32f030_atim.o(i.ATIM_Cmd))
<BR><BR>[Called By]<UL><LI><a href="#[4a]">&gt;&gt;</a>&nbsp;&nbsp;&nbsp;ATIIM_init
</UL>

<P><STRONG><a name="[58]"></a>ATIM_CtrlPWMOutputs</STRONG> (Thumb, 18 bytes, Stack size 0 bytes, cw32f030_atim.o(i.ATIM_CtrlPWMOutputs))
<BR><BR>[Called By]<UL><LI><a href="#[63]">&gt;&gt;</a>&nbsp;&nbsp;&nbsp;Commutation
<LI><a href="#[4a]">&gt;&gt;</a>&nbsp;&nbsp;&nbsp;ATIIM_init
</UL>

<P><STRONG><a name="[5a]"></a>ATIM_GetITStatus</STRONG> (Thumb, 16 bytes, Stack size 0 bytes, cw32f030_atim.o(i.ATIM_GetITStatus))
<BR><BR>[Called By]<UL><LI><a href="#[13]">&gt;&gt;</a>&nbsp;&nbsp;&nbsp;ATIM_IRQHandler
</UL>

<P><STRONG><a name="[13]"></a>ATIM_IRQHandler</STRONG> (Thumb, 24 bytes, Stack size 8 bytes, main.o(i.ATIM_IRQHandler))
<BR><BR>[Stack]<UL><LI>Max Depth = 8<LI>Call Chain = ATIM_IRQHandler
</UL>
<BR>[Calls]<UL><LI><a href="#[5a]">&gt;&gt;</a>&nbsp;&nbsp;&nbsp;ATIM_GetITStatus
<LI><a href="#[5b]">&gt;&gt;</a>&nbsp;&nbsp;&nbsp;ATIM_ClearITPendingBit
</UL>
<BR>[Address Reference Count : 1]<UL><LI> startup_cw32f030.o(RESET)
</UL>
<P><STRONG><a name="[4d]"></a>ATIM_Init</STRONG> (Thumb, 80 bytes, Stack size 8 bytes, cw32f030_atim.o(i.ATIM_Init))
<BR><BR>[Stack]<UL><LI>Max Depth = 8<LI>Call Chain = ATIM_Init
</UL>
<BR>[Called By]<UL><LI><a href="#[4a]">&gt;&gt;</a>&nbsp;&nbsp;&nbsp;ATIIM_init
</UL>

<P><STRONG><a name="[4e]"></a>ATIM_OC1AInit</STRONG> (Thumb, 84 bytes, Stack size 0 bytes, cw32f030_atim.o(i.ATIM_OC1AInit))
<BR><BR>[Called By]<UL><LI><a href="#[4a]">&gt;&gt;</a>&nbsp;&nbsp;&nbsp;ATIIM_init
</UL>

<P><STRONG><a name="[51]"></a>ATIM_OC1BInit</STRONG> (Thumb, 76 bytes, Stack size 8 bytes, cw32f030_atim.o(i.ATIM_OC1BInit))
<BR><BR>[Stack]<UL><LI>Max Depth = 8<LI>Call Chain = ATIM_OC1BInit
</UL>
<BR>[Called By]<UL><LI><a href="#[4a]">&gt;&gt;</a>&nbsp;&nbsp;&nbsp;ATIIM_init
</UL>

<P><STRONG><a name="[4f]"></a>ATIM_OC2AInit</STRONG> (Thumb, 90 bytes, Stack size 8 bytes, cw32f030_atim.o(i.ATIM_OC2AInit))
<BR><BR>[Stack]<UL><LI>Max Depth = 8<LI>Call Chain = ATIM_OC2AInit
</UL>
<BR>[Called By]<UL><LI><a href="#[4a]">&gt;&gt;</a>&nbsp;&nbsp;&nbsp;ATIIM_init
</UL>

<P><STRONG><a name="[52]"></a>ATIM_OC2BInit</STRONG> (Thumb, 78 bytes, Stack size 8 bytes, cw32f030_atim.o(i.ATIM_OC2BInit))
<BR><BR>[Stack]<UL><LI>Max Depth = 8<LI>Call Chain = ATIM_OC2BInit
</UL>
<BR>[Called By]<UL><LI><a href="#[4a]">&gt;&gt;</a>&nbsp;&nbsp;&nbsp;ATIIM_init
</UL>

<P><STRONG><a name="[50]"></a>ATIM_OC3AInit</STRONG> (Thumb, 90 bytes, Stack size 8 bytes, cw32f030_atim.o(i.ATIM_OC3AInit))
<BR><BR>[Stack]<UL><LI>Max Depth = 8<LI>Call Chain = ATIM_OC3AInit
</UL>
<BR>[Called By]<UL><LI><a href="#[4a]">&gt;&gt;</a>&nbsp;&nbsp;&nbsp;ATIIM_init
</UL>

<P><STRONG><a name="[53]"></a>ATIM_OC3BInit</STRONG> (Thumb, 78 bytes, Stack size 8 bytes, cw32f030_atim.o(i.ATIM_OC3BInit))
<BR><BR>[Stack]<UL><LI>Max Depth = 8<LI>Call Chain = ATIM_OC3BInit
</UL>
<BR>[Called By]<UL><LI><a href="#[4a]">&gt;&gt;</a>&nbsp;&nbsp;&nbsp;ATIIM_init
</UL>

<P><STRONG><a name="[57]"></a>ATIM_PWMOutputConfig</STRONG> (Thumb, 48 bytes, Stack size 12 bytes, cw32f030_atim.o(i.ATIM_PWMOutputConfig))
<BR><BR>[Stack]<UL><LI>Max Depth = 12<LI>Call Chain = ATIM_PWMOutputConfig
</UL>
<BR>[Called By]<UL><LI><a href="#[4a]">&gt;&gt;</a>&nbsp;&nbsp;&nbsp;ATIIM_init
</UL>

<P><STRONG><a name="[54]"></a>ATIM_SetCompare1A</STRONG> (Thumb, 6 bytes, Stack size 0 bytes, cw32f030_atim.o(i.ATIM_SetCompare1A))
<BR><BR>[Called By]<UL><LI><a href="#[4a]">&gt;&gt;</a>&nbsp;&nbsp;&nbsp;ATIIM_init
</UL>

<P><STRONG><a name="[55]"></a>ATIM_SetCompare2A</STRONG> (Thumb, 6 bytes, Stack size 0 bytes, cw32f030_atim.o(i.ATIM_SetCompare2A))
<BR><BR>[Called By]<UL><LI><a href="#[4a]">&gt;&gt;</a>&nbsp;&nbsp;&nbsp;ATIIM_init
</UL>

<P><STRONG><a name="[56]"></a>ATIM_SetCompare3A</STRONG> (Thumb, 6 bytes, Stack size 0 bytes, cw32f030_atim.o(i.ATIM_SetCompare3A))
<BR><BR>[Called By]<UL><LI><a href="#[4a]">&gt;&gt;</a>&nbsp;&nbsp;&nbsp;ATIIM_init
</UL>

<P><STRONG><a name="[24]"></a>AWT_IRQHandler</STRONG> (Thumb, 2 bytes, Stack size 0 bytes, interrupts_cw32f030.o(i.AWT_IRQHandler))
<BR>[Address Reference Count : 1]<UL><LI> startup_cw32f030.o(RESET)
</UL>
<P><STRONG><a name="[1a]"></a>BTIM1_IRQHandler</STRONG> (Thumb, 68 bytes, Stack size 8 bytes, main.o(i.BTIM1_IRQHandler))
<BR><BR>[Stack]<UL><LI>Max Depth = 8<LI>Call Chain = BTIM1_IRQHandler
</UL>
<BR>[Calls]<UL><LI><a href="#[5c]">&gt;&gt;</a>&nbsp;&nbsp;&nbsp;BTIM_GetITStatus
<LI><a href="#[5d]">&gt;&gt;</a>&nbsp;&nbsp;&nbsp;BTIM_ClearITPendingBit
</UL>
<BR>[Address Reference Count : 1]<UL><LI> startup_cw32f030.o(RESET)
</UL>
<P><STRONG><a name="[1c]"></a>BTIM3_IRQHandler</STRONG> (Thumb, 2 bytes, Stack size 0 bytes, interrupts_cw32f030.o(i.BTIM3_IRQHandler))
<BR>[Address Reference Count : 1]<UL><LI> startup_cw32f030.o(RESET)
</UL>
<P><STRONG><a name="[5d]"></a>BTIM_ClearITPendingBit</STRONG> (Thumb, 8 bytes, Stack size 0 bytes, cw32f030_btim.o(i.BTIM_ClearITPendingBit))
<BR><BR>[Called By]<UL><LI><a href="#[1a]">&gt;&gt;</a>&nbsp;&nbsp;&nbsp;BTIM1_IRQHandler
</UL>

<P><STRONG><a name="[62]"></a>BTIM_Cmd</STRONG> (Thumb, 20 bytes, Stack size 0 bytes, cw32f030_btim.o(i.BTIM_Cmd))
<BR><BR>[Called By]<UL><LI><a href="#[5e]">&gt;&gt;</a>&nbsp;&nbsp;&nbsp;BTIM_init
</UL>

<P><STRONG><a name="[5c]"></a>BTIM_GetITStatus</STRONG> (Thumb, 10 bytes, Stack size 0 bytes, cw32f030_btim.o(i.BTIM_GetITStatus))
<BR><BR>[Called By]<UL><LI><a href="#[1a]">&gt;&gt;</a>&nbsp;&nbsp;&nbsp;BTIM1_IRQHandler
</UL>

<P><STRONG><a name="[61]"></a>BTIM_ITConfig</STRONG> (Thumb, 16 bytes, Stack size 0 bytes, cw32f030_btim.o(i.BTIM_ITConfig))
<BR><BR>[Called By]<UL><LI><a href="#[5e]">&gt;&gt;</a>&nbsp;&nbsp;&nbsp;BTIM_init
</UL>

<P><STRONG><a name="[60]"></a>BTIM_TimeBaseInit</STRONG> (Thumb, 28 bytes, Stack size 12 bytes, cw32f030_btim.o(i.BTIM_TimeBaseInit))
<BR><BR>[Stack]<UL><LI>Max Depth = 12<LI>Call Chain = BTIM_TimeBaseInit
</UL>
<BR>[Called By]<UL><LI><a href="#[5e]">&gt;&gt;</a>&nbsp;&nbsp;&nbsp;BTIM_init
</UL>

<P><STRONG><a name="[5e]"></a>BTIM_init</STRONG> (Thumb, 68 bytes, Stack size 16 bytes, main.o(i.BTIM_init))
<BR><BR>[Stack]<UL><LI>Max Depth = 28<LI>Call Chain = BTIM_init &rArr; BTIM_TimeBaseInit
</UL>
<BR>[Calls]<UL><LI><a href="#[60]">&gt;&gt;</a>&nbsp;&nbsp;&nbsp;BTIM_TimeBaseInit
<LI><a href="#[61]">&gt;&gt;</a>&nbsp;&nbsp;&nbsp;BTIM_ITConfig
<LI><a href="#[62]">&gt;&gt;</a>&nbsp;&nbsp;&nbsp;BTIM_Cmd
<LI><a href="#[5f]">&gt;&gt;</a>&nbsp;&nbsp;&nbsp;__NVIC_EnableIRQ
</UL>
<BR>[Called By]<UL><LI><a href="#[26]">&gt;&gt;</a>&nbsp;&nbsp;&nbsp;main
</UL>

<P><STRONG><a name="[63]"></a>Commutation</STRONG> (Thumb, 76 bytes, Stack size 16 bytes, motorcontrol.o(i.Commutation))
<BR><BR>[Stack]<UL><LI>Max Depth = 16<LI>Call Chain = Commutation
</UL>
<BR>[Calls]<UL><LI><a href="#[58]">&gt;&gt;</a>&nbsp;&nbsp;&nbsp;ATIM_CtrlPWMOutputs
</UL>
<BR>[Called By]<UL><LI><a href="#[70]">&gt;&gt;</a>&nbsp;&nbsp;&nbsp;HALL_MOTOR_START
<LI><a href="#[26]">&gt;&gt;</a>&nbsp;&nbsp;&nbsp;main
<LI><a href="#[17]">&gt;&gt;</a>&nbsp;&nbsp;&nbsp;GTIM2_IRQHandler
</UL>

<P><STRONG><a name="[f]"></a>DMACH1_IRQHandler</STRONG> (Thumb, 20 bytes, Stack size 8 bytes, interrupts_cw32f030.o(i.DMACH1_IRQHandler))
<BR><BR>[Stack]<UL><LI>Max Depth = 8<LI>Call Chain = DMACH1_IRQHandler
</UL>
<BR>[Calls]<UL><LI><a href="#[64]">&gt;&gt;</a>&nbsp;&nbsp;&nbsp;DMA_GetITStatus
<LI><a href="#[44]">&gt;&gt;</a>&nbsp;&nbsp;&nbsp;DMA_ClearITPendingBit
</UL>
<BR>[Address Reference Count : 1]<UL><LI> startup_cw32f030.o(RESET)
</UL>
<P><STRONG><a name="[10]"></a>DMACH23_IRQHandler</STRONG> (Thumb, 2 bytes, Stack size 0 bytes, interrupts_cw32f030.o(i.DMACH23_IRQHandler))
<BR>[Address Reference Count : 1]<UL><LI> startup_cw32f030.o(RESET)
</UL>
<P><STRONG><a name="[11]"></a>DMACH45_IRQHandler</STRONG> (Thumb, 2 bytes, Stack size 0 bytes, interrupts_cw32f030.o(i.DMACH45_IRQHandler))
<BR>[Address Reference Count : 1]<UL><LI> startup_cw32f030.o(RESET)
</UL>
<P><STRONG><a name="[44]"></a>DMA_ClearITPendingBit</STRONG> (Thumb, 10 bytes, Stack size 0 bytes, cw32f030_dma.o(i.DMA_ClearITPendingBit))
<BR><BR>[Called By]<UL><LI><a href="#[3e]">&gt;&gt;</a>&nbsp;&nbsp;&nbsp;ADC_Configuration
<LI><a href="#[f]">&gt;&gt;</a>&nbsp;&nbsp;&nbsp;DMACH1_IRQHandler
</UL>

<P><STRONG><a name="[46]"></a>DMA_Cmd</STRONG> (Thumb, 20 bytes, Stack size 0 bytes, cw32f030_dma.o(i.DMA_Cmd))
<BR><BR>[Called By]<UL><LI><a href="#[3e]">&gt;&gt;</a>&nbsp;&nbsp;&nbsp;ADC_Configuration
</UL>

<P><STRONG><a name="[64]"></a>DMA_GetITStatus</STRONG> (Thumb, 16 bytes, Stack size 0 bytes, cw32f030_dma.o(i.DMA_GetITStatus))
<BR><BR>[Called By]<UL><LI><a href="#[f]">&gt;&gt;</a>&nbsp;&nbsp;&nbsp;DMACH1_IRQHandler
</UL>

<P><STRONG><a name="[45]"></a>DMA_ITConfig</STRONG> (Thumb, 16 bytes, Stack size 0 bytes, cw32f030_dma.o(i.DMA_ITConfig))
<BR><BR>[Called By]<UL><LI><a href="#[3e]">&gt;&gt;</a>&nbsp;&nbsp;&nbsp;ADC_Configuration
</UL>

<P><STRONG><a name="[43]"></a>DMA_Init</STRONG> (Thumb, 60 bytes, Stack size 12 bytes, cw32f030_dma.o(i.DMA_Init))
<BR><BR>[Stack]<UL><LI>Max Depth = 12<LI>Call Chain = DMA_Init
</UL>
<BR>[Called By]<UL><LI><a href="#[3e]">&gt;&gt;</a>&nbsp;&nbsp;&nbsp;ADC_Configuration
</UL>

<P><STRONG><a name="[42]"></a>DMA_StructInit</STRONG> (Thumb, 24 bytes, Stack size 0 bytes, cw32f030_dma.o(i.DMA_StructInit))
<BR><BR>[Called By]<UL><LI><a href="#[3e]">&gt;&gt;</a>&nbsp;&nbsp;&nbsp;ADC_Configuration
</UL>

<P><STRONG><a name="[25]"></a>FAULT_IRQHandler</STRONG> (Thumb, 2 bytes, Stack size 0 bytes, interrupts_cw32f030.o(i.FAULT_IRQHandler))
<BR>[Address Reference Count : 1]<UL><LI> startup_cw32f030.o(RESET)
</UL>
<P><STRONG><a name="[9]"></a>FLASHRAM_IRQHandler</STRONG> (Thumb, 2 bytes, Stack size 0 bytes, interrupts_cw32f030.o(i.FLASHRAM_IRQHandler))
<BR>[Address Reference Count : 1]<UL><LI> startup_cw32f030.o(RESET)
</UL>
<P><STRONG><a name="[96]"></a>FLASH_SetLatency</STRONG> (Thumb, 18 bytes, Stack size 0 bytes, cw32f030_flash.o(i.FLASH_SetLatency))
<BR><BR>[Called By]<UL><LI><a href="#[91]">&gt;&gt;</a>&nbsp;&nbsp;&nbsp;RCC_Configuration
</UL>

<P><STRONG><a name="[b]"></a>GPIOA_IRQHandler</STRONG> (Thumb, 2 bytes, Stack size 0 bytes, interrupts_cw32f030.o(i.GPIOA_IRQHandler))
<BR>[Address Reference Count : 1]<UL><LI> startup_cw32f030.o(RESET)
</UL>
<P><STRONG><a name="[c]"></a>GPIOB_IRQHandler</STRONG> (Thumb, 2 bytes, Stack size 0 bytes, interrupts_cw32f030.o(i.GPIOB_IRQHandler))
<BR>[Address Reference Count : 1]<UL><LI> startup_cw32f030.o(RESET)
</UL>
<P><STRONG><a name="[d]"></a>GPIOC_IRQHandler</STRONG> (Thumb, 2 bytes, Stack size 0 bytes, interrupts_cw32f030.o(i.GPIOC_IRQHandler))
<BR>[Address Reference Count : 1]<UL><LI> startup_cw32f030.o(RESET)
</UL>
<P><STRONG><a name="[e]"></a>GPIOF_IRQHandler</STRONG> (Thumb, 2 bytes, Stack size 0 bytes, interrupts_cw32f030.o(i.GPIOF_IRQHandler))
<BR>[Address Reference Count : 1]<UL><LI> startup_cw32f030.o(RESET)
</UL>
<P><STRONG><a name="[65]"></a>GPIO_Configuration</STRONG> (Thumb, 128 bytes, Stack size 40 bytes, main.o(i.GPIO_Configuration))
<BR><BR>[Stack]<UL><LI>Max Depth = 40<LI>Call Chain = GPIO_Configuration
</UL>
<BR>[Calls]<UL><LI><a href="#[4c]">&gt;&gt;</a>&nbsp;&nbsp;&nbsp;GPIO_WritePin
<LI><a href="#[4b]">&gt;&gt;</a>&nbsp;&nbsp;&nbsp;GPIO_Init
</UL>
<BR>[Called By]<UL><LI><a href="#[26]">&gt;&gt;</a>&nbsp;&nbsp;&nbsp;main
</UL>

<P><STRONG><a name="[4b]"></a>GPIO_Init</STRONG> (Thumb, 224 bytes, Stack size 0 bytes, cw32f030_gpio.o(i.GPIO_Init))
<BR><BR>[Called By]<UL><LI><a href="#[8c]">&gt;&gt;</a>&nbsp;&nbsp;&nbsp;I2C_init
<LI><a href="#[69]">&gt;&gt;</a>&nbsp;&nbsp;&nbsp;GTIM_init
<LI><a href="#[65]">&gt;&gt;</a>&nbsp;&nbsp;&nbsp;GPIO_Configuration
<LI><a href="#[4a]">&gt;&gt;</a>&nbsp;&nbsp;&nbsp;ATIIM_init
</UL>

<P><STRONG><a name="[4c]"></a>GPIO_WritePin</STRONG> (Thumb, 12 bytes, Stack size 0 bytes, cw32f030_gpio.o(i.GPIO_WritePin))
<BR><BR>[Called By]<UL><LI><a href="#[26]">&gt;&gt;</a>&nbsp;&nbsp;&nbsp;main
<LI><a href="#[65]">&gt;&gt;</a>&nbsp;&nbsp;&nbsp;GPIO_Configuration
<LI><a href="#[4a]">&gt;&gt;</a>&nbsp;&nbsp;&nbsp;ATIIM_init
</UL>

<P><STRONG><a name="[16]"></a>GTIM1_IRQHandler</STRONG> (Thumb, 26 bytes, Stack size 8 bytes, interrupts_cw32f030.o(i.GTIM1_IRQHandler))
<BR><BR>[Stack]<UL><LI>Max Depth = 8<LI>Call Chain = GTIM1_IRQHandler
</UL>
<BR>[Calls]<UL><LI><a href="#[66]">&gt;&gt;</a>&nbsp;&nbsp;&nbsp;GTIM_GetITStatus
<LI><a href="#[67]">&gt;&gt;</a>&nbsp;&nbsp;&nbsp;GTIM_ClearITPendingBit
</UL>
<BR>[Address Reference Count : 1]<UL><LI> startup_cw32f030.o(RESET)
</UL>
<P><STRONG><a name="[17]"></a>GTIM2_IRQHandler</STRONG> (Thumb, 114 bytes, Stack size 8 bytes, main.o(i.GTIM2_IRQHandler))
<BR><BR>[Stack]<UL><LI>Max Depth = 24<LI>Call Chain = GTIM2_IRQHandler &rArr; Commutation
</UL>
<BR>[Calls]<UL><LI><a href="#[68]">&gt;&gt;</a>&nbsp;&nbsp;&nbsp;HALL_Check
<LI><a href="#[63]">&gt;&gt;</a>&nbsp;&nbsp;&nbsp;Commutation
<LI><a href="#[66]">&gt;&gt;</a>&nbsp;&nbsp;&nbsp;GTIM_GetITStatus
<LI><a href="#[67]">&gt;&gt;</a>&nbsp;&nbsp;&nbsp;GTIM_ClearITPendingBit
</UL>
<BR>[Address Reference Count : 1]<UL><LI> startup_cw32f030.o(RESET)
</UL>
<P><STRONG><a name="[18]"></a>GTIM3_IRQHandler</STRONG> (Thumb, 2 bytes, Stack size 0 bytes, interrupts_cw32f030.o(i.GTIM3_IRQHandler))
<BR>[Address Reference Count : 1]<UL><LI> startup_cw32f030.o(RESET)
</UL>
<P><STRONG><a name="[19]"></a>GTIM4_IRQHandler</STRONG> (Thumb, 2 bytes, Stack size 0 bytes, interrupts_cw32f030.o(i.GTIM4_IRQHandler))
<BR>[Address Reference Count : 1]<UL><LI> startup_cw32f030.o(RESET)
</UL>
<P><STRONG><a name="[67]"></a>GTIM_ClearITPendingBit</STRONG> (Thumb, 12 bytes, Stack size 0 bytes, cw32f030_gtim.o(i.GTIM_ClearITPendingBit))
<BR><BR>[Called By]<UL><LI><a href="#[17]">&gt;&gt;</a>&nbsp;&nbsp;&nbsp;GTIM2_IRQHandler
<LI><a href="#[16]">&gt;&gt;</a>&nbsp;&nbsp;&nbsp;GTIM1_IRQHandler
</UL>

<P><STRONG><a name="[6d]"></a>GTIM_Cmd</STRONG> (Thumb, 22 bytes, Stack size 0 bytes, cw32f030_gtim.o(i.GTIM_Cmd))
<BR><BR>[Called By]<UL><LI><a href="#[69]">&gt;&gt;</a>&nbsp;&nbsp;&nbsp;GTIM_init
</UL>

<P><STRONG><a name="[66]"></a>GTIM_GetITStatus</STRONG> (Thumb, 16 bytes, Stack size 0 bytes, cw32f030_gtim.o(i.GTIM_GetITStatus))
<BR><BR>[Called By]<UL><LI><a href="#[17]">&gt;&gt;</a>&nbsp;&nbsp;&nbsp;GTIM2_IRQHandler
<LI><a href="#[16]">&gt;&gt;</a>&nbsp;&nbsp;&nbsp;GTIM1_IRQHandler
</UL>

<P><STRONG><a name="[6b]"></a>GTIM_ICInit</STRONG> (Thumb, 52 bytes, Stack size 12 bytes, cw32f030_gtim.o(i.GTIM_ICInit))
<BR><BR>[Stack]<UL><LI>Max Depth = 12<LI>Call Chain = GTIM_ICInit
</UL>
<BR>[Called By]<UL><LI><a href="#[69]">&gt;&gt;</a>&nbsp;&nbsp;&nbsp;GTIM_init
</UL>

<P><STRONG><a name="[6c]"></a>GTIM_ITConfig</STRONG> (Thumb, 22 bytes, Stack size 0 bytes, cw32f030_gtim.o(i.GTIM_ITConfig))
<BR><BR>[Called By]<UL><LI><a href="#[69]">&gt;&gt;</a>&nbsp;&nbsp;&nbsp;GTIM_init
</UL>

<P><STRONG><a name="[6a]"></a>GTIM_TimeBaseInit</STRONG> (Thumb, 44 bytes, Stack size 8 bytes, cw32f030_gtim.o(i.GTIM_TimeBaseInit))
<BR><BR>[Stack]<UL><LI>Max Depth = 8<LI>Call Chain = GTIM_TimeBaseInit
</UL>
<BR>[Called By]<UL><LI><a href="#[69]">&gt;&gt;</a>&nbsp;&nbsp;&nbsp;GTIM_init
</UL>

<P><STRONG><a name="[69]"></a>GTIM_init</STRONG> (Thumb, 218 bytes, Stack size 72 bytes, main.o(i.GTIM_init))
<BR><BR>[Stack]<UL><LI>Max Depth = 84<LI>Call Chain = GTIM_init &rArr; GTIM_ICInit
</UL>
<BR>[Calls]<UL><LI><a href="#[6a]">&gt;&gt;</a>&nbsp;&nbsp;&nbsp;GTIM_TimeBaseInit
<LI><a href="#[6c]">&gt;&gt;</a>&nbsp;&nbsp;&nbsp;GTIM_ITConfig
<LI><a href="#[6b]">&gt;&gt;</a>&nbsp;&nbsp;&nbsp;GTIM_ICInit
<LI><a href="#[6d]">&gt;&gt;</a>&nbsp;&nbsp;&nbsp;GTIM_Cmd
<LI><a href="#[4b]">&gt;&gt;</a>&nbsp;&nbsp;&nbsp;GPIO_Init
<LI><a href="#[5f]">&gt;&gt;</a>&nbsp;&nbsp;&nbsp;__NVIC_EnableIRQ
</UL>
<BR>[Called By]<UL><LI><a href="#[26]">&gt;&gt;</a>&nbsp;&nbsp;&nbsp;main
</UL>

<P><STRONG><a name="[84]"></a>GetConslonsCode_from_EXFlash</STRONG> (Thumb, 46 bytes, Stack size 16 bytes, font.o(i.GetConslonsCode_from_EXFlash))
<BR><BR>[Stack]<UL><LI>Max Depth = 16<LI>Call Chain = GetConslonsCode_from_EXFlash
</UL>
<BR>[Called By]<UL><LI><a href="#[82]">&gt;&gt;</a>&nbsp;&nbsp;&nbsp;I2C_OLED_ShowChar
</UL>

<P><STRONG><a name="[6e]"></a>GetGBKCode_from_EXFlash</STRONG> (Thumb, 12 bytes, Stack size 8 bytes, font.o(i.GetGBKCode_from_EXFlash))
<BR><BR>[Stack]<UL><LI>Max Depth = 32<LI>Call Chain = GetGBKCode_from_EXFlash &rArr; __2printf
</UL>
<BR>[Calls]<UL><LI><a href="#[6f]">&gt;&gt;</a>&nbsp;&nbsp;&nbsp;__2printf
</UL>
<BR>[Called By]<UL><LI><a href="#[88]">&gt;&gt;</a>&nbsp;&nbsp;&nbsp;I2C_OLED_ShowChar_CH
</UL>

<P><STRONG><a name="[68]"></a>HALL_Check</STRONG> (Thumb, 72 bytes, Stack size 0 bytes, motorcontrol.o(i.HALL_Check))
<BR><BR>[Called By]<UL><LI><a href="#[70]">&gt;&gt;</a>&nbsp;&nbsp;&nbsp;HALL_MOTOR_START
<LI><a href="#[26]">&gt;&gt;</a>&nbsp;&nbsp;&nbsp;main
<LI><a href="#[17]">&gt;&gt;</a>&nbsp;&nbsp;&nbsp;GTIM2_IRQHandler
</UL>

<P><STRONG><a name="[70]"></a>HALL_MOTOR_START</STRONG> (Thumb, 38 bytes, Stack size 8 bytes, motorcontrol.o(i.HALL_MOTOR_START))
<BR><BR>[Stack]<UL><LI>Max Depth = 24<LI>Call Chain = HALL_MOTOR_START &rArr; Commutation
</UL>
<BR>[Calls]<UL><LI><a href="#[68]">&gt;&gt;</a>&nbsp;&nbsp;&nbsp;HALL_Check
<LI><a href="#[63]">&gt;&gt;</a>&nbsp;&nbsp;&nbsp;Commutation
</UL>
<BR>[Called By]<UL><LI><a href="#[26]">&gt;&gt;</a>&nbsp;&nbsp;&nbsp;main
</UL>

<P><STRONG><a name="[2]"></a>HardFault_Handler</STRONG> (Thumb, 2 bytes, Stack size 0 bytes, interrupts_cw32f030.o(i.HardFault_Handler))
<BR><BR>[Calls]<UL><LI><a href="#[2]">&gt;&gt;</a>&nbsp;&nbsp;&nbsp;HardFault_Handler
</UL>
<BR>[Called By]<UL><LI><a href="#[2]">&gt;&gt;</a>&nbsp;&nbsp;&nbsp;HardFault_Handler
</UL>
<BR>[Address Reference Count : 1]<UL><LI> startup_cw32f030.o(RESET)
</UL>
<P><STRONG><a name="[8d]"></a>I2C1_DeInit</STRONG> (Thumb, 24 bytes, Stack size 0 bytes, cw32f030_i2c.o(i.I2C1_DeInit))
<BR><BR>[Called By]<UL><LI><a href="#[8c]">&gt;&gt;</a>&nbsp;&nbsp;&nbsp;I2C_init
</UL>

<P><STRONG><a name="[1d]"></a>I2C1_IRQHandler</STRONG> (Thumb, 2 bytes, Stack size 0 bytes, interrupts_cw32f030.o(i.I2C1_IRQHandler))
<BR>[Address Reference Count : 1]<UL><LI> startup_cw32f030.o(RESET)
</UL>
<P><STRONG><a name="[1e]"></a>I2C2_IRQHandler</STRONG> (Thumb, 2 bytes, Stack size 0 bytes, interrupts_cw32f030.o(i.I2C2_IRQHandler))
<BR>[Address Reference Count : 1]<UL><LI> startup_cw32f030.o(RESET)
</UL>
<P><STRONG><a name="[7c]"></a>I2C_AcknowledgeConfig</STRONG> (Thumb, 18 bytes, Stack size 0 bytes, cw32f030_i2c.o(i.I2C_AcknowledgeConfig))
<BR><BR>[Called By]<UL><LI><a href="#[79]">&gt;&gt;</a>&nbsp;&nbsp;&nbsp;I2C_Master_Init
</UL>

<P><STRONG><a name="[7a]"></a>I2C_BaudGeneratorEnable</STRONG> (Thumb, 20 bytes, Stack size 0 bytes, cw32f030_i2c.o(i.I2C_BaudGeneratorEnable))
<BR><BR>[Called By]<UL><LI><a href="#[79]">&gt;&gt;</a>&nbsp;&nbsp;&nbsp;I2C_Master_Init
</UL>

<P><STRONG><a name="[78]"></a>I2C_ClearIrq</STRONG> (Thumb, 10 bytes, Stack size 0 bytes, cw32f030_i2c.o(i.I2C_ClearIrq))
<BR><BR>[Called By]<UL><LI><a href="#[71]">&gt;&gt;</a>&nbsp;&nbsp;&nbsp;I2C_MasterWriteEepromData1
</UL>

<P><STRONG><a name="[8e]"></a>I2C_Cmd</STRONG> (Thumb, 18 bytes, Stack size 0 bytes, cw32f030_i2c.o(i.I2C_Cmd))
<BR><BR>[Called By]<UL><LI><a href="#[8c]">&gt;&gt;</a>&nbsp;&nbsp;&nbsp;I2C_init
</UL>

<P><STRONG><a name="[7b]"></a>I2C_FilterConfig</STRONG> (Thumb, 20 bytes, Stack size 0 bytes, cw32f030_i2c.o(i.I2C_FilterConfig))
<BR><BR>[Called By]<UL><LI><a href="#[79]">&gt;&gt;</a>&nbsp;&nbsp;&nbsp;I2C_Master_Init
</UL>

<P><STRONG><a name="[72]"></a>I2C_GenerateSTART</STRONG> (Thumb, 36 bytes, Stack size 0 bytes, cw32f030_i2c.o(i.I2C_GenerateSTART))
<BR><BR>[Called By]<UL><LI><a href="#[71]">&gt;&gt;</a>&nbsp;&nbsp;&nbsp;I2C_MasterWriteEepromData1
</UL>

<P><STRONG><a name="[77]"></a>I2C_GenerateSTOP</STRONG> (Thumb, 18 bytes, Stack size 0 bytes, cw32f030_i2c.o(i.I2C_GenerateSTOP))
<BR><BR>[Called By]<UL><LI><a href="#[71]">&gt;&gt;</a>&nbsp;&nbsp;&nbsp;I2C_MasterWriteEepromData1
</UL>

<P><STRONG><a name="[73]"></a>I2C_GetIrq</STRONG> (Thumb, 8 bytes, Stack size 0 bytes, cw32f030_i2c.o(i.I2C_GetIrq))
<BR><BR>[Called By]<UL><LI><a href="#[71]">&gt;&gt;</a>&nbsp;&nbsp;&nbsp;I2C_MasterWriteEepromData1
</UL>

<P><STRONG><a name="[74]"></a>I2C_GetState</STRONG> (Thumb, 6 bytes, Stack size 0 bytes, cw32f030_i2c.o(i.I2C_GetState))
<BR><BR>[Called By]<UL><LI><a href="#[71]">&gt;&gt;</a>&nbsp;&nbsp;&nbsp;I2C_MasterWriteEepromData1
</UL>

<P><STRONG><a name="[71]"></a>I2C_MasterWriteEepromData1</STRONG> (Thumb, 152 bytes, Stack size 40 bytes, oled_i2c.o(i.I2C_MasterWriteEepromData1))
<BR><BR>[Stack]<UL><LI>Max Depth = 40<LI>Call Chain = I2C_MasterWriteEepromData1
</UL>
<BR>[Calls]<UL><LI><a href="#[76]">&gt;&gt;</a>&nbsp;&nbsp;&nbsp;I2C_SendData
<LI><a href="#[75]">&gt;&gt;</a>&nbsp;&nbsp;&nbsp;I2C_Send7bitAddress
<LI><a href="#[74]">&gt;&gt;</a>&nbsp;&nbsp;&nbsp;I2C_GetState
<LI><a href="#[73]">&gt;&gt;</a>&nbsp;&nbsp;&nbsp;I2C_GetIrq
<LI><a href="#[77]">&gt;&gt;</a>&nbsp;&nbsp;&nbsp;I2C_GenerateSTOP
<LI><a href="#[72]">&gt;&gt;</a>&nbsp;&nbsp;&nbsp;I2C_GenerateSTART
<LI><a href="#[78]">&gt;&gt;</a>&nbsp;&nbsp;&nbsp;I2C_ClearIrq
</UL>
<BR>[Called By]<UL><LI><a href="#[8b]">&gt;&gt;</a>&nbsp;&nbsp;&nbsp;WriteDat
<LI><a href="#[80]">&gt;&gt;</a>&nbsp;&nbsp;&nbsp;WriteCmd
</UL>

<P><STRONG><a name="[79]"></a>I2C_Master_Init</STRONG> (Thumb, 50 bytes, Stack size 8 bytes, cw32f030_i2c.o(i.I2C_Master_Init))
<BR><BR>[Stack]<UL><LI>Max Depth = 8<LI>Call Chain = I2C_Master_Init
</UL>
<BR>[Calls]<UL><LI><a href="#[7b]">&gt;&gt;</a>&nbsp;&nbsp;&nbsp;I2C_FilterConfig
<LI><a href="#[7a]">&gt;&gt;</a>&nbsp;&nbsp;&nbsp;I2C_BaudGeneratorEnable
<LI><a href="#[7c]">&gt;&gt;</a>&nbsp;&nbsp;&nbsp;I2C_AcknowledgeConfig
</UL>
<BR>[Called By]<UL><LI><a href="#[8c]">&gt;&gt;</a>&nbsp;&nbsp;&nbsp;I2C_init
</UL>

<P><STRONG><a name="[7d]"></a>I2C_OLED_Clear</STRONG> (Thumb, 52 bytes, Stack size 16 bytes, oled_i2c.o(i.I2C_OLED_Clear))
<BR><BR>[Stack]<UL><LI>Max Depth = 88<LI>Call Chain = I2C_OLED_Clear &rArr; I2C_OLED_UPdata &rArr; WriteDat &rArr; I2C_MasterWriteEepromData1
</UL>
<BR>[Calls]<UL><LI><a href="#[7e]">&gt;&gt;</a>&nbsp;&nbsp;&nbsp;I2C_OLED_UPdata
</UL>
<BR>[Called By]<UL><LI><a href="#[26]">&gt;&gt;</a>&nbsp;&nbsp;&nbsp;main
</UL>

<P><STRONG><a name="[86]"></a>I2C_OLED_ClearPoint</STRONG> (Thumb, 44 bytes, Stack size 8 bytes, oled_i2c.o(i.I2C_OLED_ClearPoint))
<BR><BR>[Stack]<UL><LI>Max Depth = 8<LI>Call Chain = I2C_OLED_ClearPoint
</UL>
<BR>[Called By]<UL><LI><a href="#[88]">&gt;&gt;</a>&nbsp;&nbsp;&nbsp;I2C_OLED_ShowChar_CH
<LI><a href="#[82]">&gt;&gt;</a>&nbsp;&nbsp;&nbsp;I2C_OLED_ShowChar
</UL>

<P><STRONG><a name="[8f]"></a>I2C_OLED_Clear_Line</STRONG> (Thumb, 24 bytes, Stack size 8 bytes, oled_i2c.o(i.I2C_OLED_Clear_Line))
<BR><BR>[Stack]<UL><LI>Max Depth = 8<LI>Call Chain = I2C_OLED_Clear_Line
</UL>
<BR>[Called By]<UL><LI><a href="#[8a]">&gt;&gt;</a>&nbsp;&nbsp;&nbsp;OLED_StrEscCharacter
</UL>

<P><STRONG><a name="[85]"></a>I2C_OLED_DrawPoint</STRONG> (Thumb, 40 bytes, Stack size 8 bytes, oled_i2c.o(i.I2C_OLED_DrawPoint))
<BR><BR>[Stack]<UL><LI>Max Depth = 8<LI>Call Chain = I2C_OLED_DrawPoint
</UL>
<BR>[Called By]<UL><LI><a href="#[88]">&gt;&gt;</a>&nbsp;&nbsp;&nbsp;I2C_OLED_ShowChar_CH
<LI><a href="#[82]">&gt;&gt;</a>&nbsp;&nbsp;&nbsp;I2C_OLED_ShowChar
</UL>

<P><STRONG><a name="[7f]"></a>I2C_OLED_Init</STRONG> (Thumb, 154 bytes, Stack size 8 bytes, oled_i2c.o(i.I2C_OLED_Init))
<BR><BR>[Stack]<UL><LI>Max Depth = 56<LI>Call Chain = I2C_OLED_Init &rArr; WriteCmd &rArr; I2C_MasterWriteEepromData1
</UL>
<BR>[Calls]<UL><LI><a href="#[80]">&gt;&gt;</a>&nbsp;&nbsp;&nbsp;WriteCmd
</UL>
<BR>[Called By]<UL><LI><a href="#[26]">&gt;&gt;</a>&nbsp;&nbsp;&nbsp;main
</UL>

<P><STRONG><a name="[81]"></a>I2C_OLED_Move</STRONG> (Thumb, 88 bytes, Stack size 24 bytes, oled_i2c.o(i.I2C_OLED_Move))
<BR><BR>[Stack]<UL><LI>Max Depth = 96<LI>Call Chain = I2C_OLED_Move &rArr; I2C_OLED_UPdata &rArr; WriteDat &rArr; I2C_MasterWriteEepromData1
</UL>
<BR>[Calls]<UL><LI><a href="#[7e]">&gt;&gt;</a>&nbsp;&nbsp;&nbsp;I2C_OLED_UPdata
</UL>
<BR>[Called By]<UL><LI><a href="#[8a]">&gt;&gt;</a>&nbsp;&nbsp;&nbsp;OLED_StrEscCharacter
</UL>

<P><STRONG><a name="[82]"></a>I2C_OLED_ShowChar</STRONG> (Thumb, 132 bytes, Stack size 48 bytes, oled_i2c.o(i.I2C_OLED_ShowChar))
<BR><BR>[Stack]<UL><LI>Max Depth = 68<LI>Call Chain = I2C_OLED_ShowChar &rArr; malloc
</UL>
<BR>[Calls]<UL><LI><a href="#[84]">&gt;&gt;</a>&nbsp;&nbsp;&nbsp;GetConslonsCode_from_EXFlash
<LI><a href="#[85]">&gt;&gt;</a>&nbsp;&nbsp;&nbsp;I2C_OLED_DrawPoint
<LI><a href="#[86]">&gt;&gt;</a>&nbsp;&nbsp;&nbsp;I2C_OLED_ClearPoint
<LI><a href="#[83]">&gt;&gt;</a>&nbsp;&nbsp;&nbsp;malloc
<LI><a href="#[87]">&gt;&gt;</a>&nbsp;&nbsp;&nbsp;free
</UL>
<BR>[Called By]<UL><LI><a href="#[89]">&gt;&gt;</a>&nbsp;&nbsp;&nbsp;I2C_OLED_ShowString
</UL>

<P><STRONG><a name="[88]"></a>I2C_OLED_ShowChar_CH</STRONG> (Thumb, 102 bytes, Stack size 72 bytes, oled_i2c.o(i.I2C_OLED_ShowChar_CH))
<BR><BR>[Stack]<UL><LI>Max Depth = 104<LI>Call Chain = I2C_OLED_ShowChar_CH &rArr; GetGBKCode_from_EXFlash &rArr; __2printf
</UL>
<BR>[Calls]<UL><LI><a href="#[6e]">&gt;&gt;</a>&nbsp;&nbsp;&nbsp;GetGBKCode_from_EXFlash
<LI><a href="#[85]">&gt;&gt;</a>&nbsp;&nbsp;&nbsp;I2C_OLED_DrawPoint
<LI><a href="#[86]">&gt;&gt;</a>&nbsp;&nbsp;&nbsp;I2C_OLED_ClearPoint
</UL>
<BR>[Called By]<UL><LI><a href="#[89]">&gt;&gt;</a>&nbsp;&nbsp;&nbsp;I2C_OLED_ShowString
</UL>

<P><STRONG><a name="[89]"></a>I2C_OLED_ShowString</STRONG> (Thumb, 138 bytes, Stack size 32 bytes, oled_i2c.o(i.I2C_OLED_ShowString))
<BR><BR>[Stack]<UL><LI>Max Depth = 160<LI>Call Chain = I2C_OLED_ShowString &rArr; OLED_StrEscCharacter &rArr; I2C_OLED_Move &rArr; I2C_OLED_UPdata &rArr; WriteDat &rArr; I2C_MasterWriteEepromData1
</UL>
<BR>[Calls]<UL><LI><a href="#[8a]">&gt;&gt;</a>&nbsp;&nbsp;&nbsp;OLED_StrEscCharacter
<LI><a href="#[88]">&gt;&gt;</a>&nbsp;&nbsp;&nbsp;I2C_OLED_ShowChar_CH
<LI><a href="#[82]">&gt;&gt;</a>&nbsp;&nbsp;&nbsp;I2C_OLED_ShowChar
</UL>
<BR>[Called By]<UL><LI><a href="#[26]">&gt;&gt;</a>&nbsp;&nbsp;&nbsp;main
</UL>

<P><STRONG><a name="[7e]"></a>I2C_OLED_UPdata</STRONG> (Thumb, 86 bytes, Stack size 24 bytes, oled_i2c.o(i.I2C_OLED_UPdata))
<BR><BR>[Stack]<UL><LI>Max Depth = 72<LI>Call Chain = I2C_OLED_UPdata &rArr; WriteDat &rArr; I2C_MasterWriteEepromData1
</UL>
<BR>[Calls]<UL><LI><a href="#[8b]">&gt;&gt;</a>&nbsp;&nbsp;&nbsp;WriteDat
<LI><a href="#[80]">&gt;&gt;</a>&nbsp;&nbsp;&nbsp;WriteCmd
</UL>
<BR>[Called By]<UL><LI><a href="#[81]">&gt;&gt;</a>&nbsp;&nbsp;&nbsp;I2C_OLED_Move
<LI><a href="#[7d]">&gt;&gt;</a>&nbsp;&nbsp;&nbsp;I2C_OLED_Clear
<LI><a href="#[26]">&gt;&gt;</a>&nbsp;&nbsp;&nbsp;main
</UL>

<P><STRONG><a name="[75]"></a>I2C_Send7bitAddress</STRONG> (Thumb, 18 bytes, Stack size 0 bytes, cw32f030_i2c.o(i.I2C_Send7bitAddress))
<BR><BR>[Called By]<UL><LI><a href="#[71]">&gt;&gt;</a>&nbsp;&nbsp;&nbsp;I2C_MasterWriteEepromData1
</UL>

<P><STRONG><a name="[76]"></a>I2C_SendData</STRONG> (Thumb, 4 bytes, Stack size 0 bytes, cw32f030_i2c.o(i.I2C_SendData))
<BR><BR>[Called By]<UL><LI><a href="#[71]">&gt;&gt;</a>&nbsp;&nbsp;&nbsp;I2C_MasterWriteEepromData1
</UL>

<P><STRONG><a name="[8c]"></a>I2C_init</STRONG> (Thumb, 112 bytes, Stack size 32 bytes, oled_i2c.o(i.I2C_init))
<BR><BR>[Stack]<UL><LI>Max Depth = 40<LI>Call Chain = I2C_init &rArr; I2C_Master_Init
</UL>
<BR>[Calls]<UL><LI><a href="#[79]">&gt;&gt;</a>&nbsp;&nbsp;&nbsp;I2C_Master_Init
<LI><a href="#[8e]">&gt;&gt;</a>&nbsp;&nbsp;&nbsp;I2C_Cmd
<LI><a href="#[8d]">&gt;&gt;</a>&nbsp;&nbsp;&nbsp;I2C1_DeInit
<LI><a href="#[4b]">&gt;&gt;</a>&nbsp;&nbsp;&nbsp;GPIO_Init
</UL>
<BR>[Called By]<UL><LI><a href="#[26]">&gt;&gt;</a>&nbsp;&nbsp;&nbsp;main
</UL>

<P><STRONG><a name="[7]"></a>LVD_IRQHandler</STRONG> (Thumb, 2 bytes, Stack size 0 bytes, interrupts_cw32f030.o(i.LVD_IRQHandler))
<BR>[Address Reference Count : 1]<UL><LI> startup_cw32f030.o(RESET)
</UL>
<P><STRONG><a name="[1]"></a>NMI_Handler</STRONG> (Thumb, 2 bytes, Stack size 0 bytes, interrupts_cw32f030.o(i.NMI_Handler))
<BR>[Address Reference Count : 1]<UL><LI> startup_cw32f030.o(RESET)
</UL>
<P><STRONG><a name="[8a]"></a>OLED_StrEscCharacter</STRONG> (Thumb, 304 bytes, Stack size 32 bytes, oled_i2c.o(i.OLED_StrEscCharacter))
<BR><BR>[Stack]<UL><LI>Max Depth = 128<LI>Call Chain = OLED_StrEscCharacter &rArr; I2C_OLED_Move &rArr; I2C_OLED_UPdata &rArr; WriteDat &rArr; I2C_MasterWriteEepromData1
</UL>
<BR>[Calls]<UL><LI><a href="#[81]">&gt;&gt;</a>&nbsp;&nbsp;&nbsp;I2C_OLED_Move
<LI><a href="#[8f]">&gt;&gt;</a>&nbsp;&nbsp;&nbsp;I2C_OLED_Clear_Line
<LI><a href="#[90]">&gt;&gt;</a>&nbsp;&nbsp;&nbsp;__aeabi_uidivmod
</UL>
<BR>[Called By]<UL><LI><a href="#[89]">&gt;&gt;</a>&nbsp;&nbsp;&nbsp;I2C_OLED_ShowString
</UL>

<P><STRONG><a name="[4]"></a>PendSV_Handler</STRONG> (Thumb, 2 bytes, Stack size 0 bytes, interrupts_cw32f030.o(i.PendSV_Handler))
<BR>[Address Reference Count : 1]<UL><LI> startup_cw32f030.o(RESET)
</UL>
<P><STRONG><a name="[3f]"></a>RCC_AHBPeriphClk_Enable</STRONG> (Thumb, 18 bytes, Stack size 0 bytes, cw32f030_rcc.o(i.RCC_AHBPeriphClk_Enable))
<BR><BR>[Called By]<UL><LI><a href="#[3e]">&gt;&gt;</a>&nbsp;&nbsp;&nbsp;ADC_Configuration
</UL>

<P><STRONG><a name="[40]"></a>RCC_APBPeriphClk_Enable2</STRONG> (Thumb, 18 bytes, Stack size 0 bytes, cw32f030_rcc.o(i.RCC_APBPeriphClk_Enable2))
<BR><BR>[Called By]<UL><LI><a href="#[3e]">&gt;&gt;</a>&nbsp;&nbsp;&nbsp;ADC_Configuration
</UL>

<P><STRONG><a name="[91]"></a>RCC_Configuration</STRONG> (Thumb, 60 bytes, Stack size 8 bytes, main.o(i.RCC_Configuration))
<BR><BR>[Stack]<UL><LI>Max Depth = 80<LI>Call Chain = RCC_Configuration &rArr; RCC_PLL_Enable
</UL>
<BR>[Calls]<UL><LI><a href="#[98]">&gt;&gt;</a>&nbsp;&nbsp;&nbsp;RCC_SystemCoreClockUpdate
<LI><a href="#[97]">&gt;&gt;</a>&nbsp;&nbsp;&nbsp;RCC_SysClk_Switch
<LI><a href="#[95]">&gt;&gt;</a>&nbsp;&nbsp;&nbsp;RCC_PLL_Enable
<LI><a href="#[94]">&gt;&gt;</a>&nbsp;&nbsp;&nbsp;RCC_PCLKPRS_Config
<LI><a href="#[92]">&gt;&gt;</a>&nbsp;&nbsp;&nbsp;RCC_HSI_Enable
<LI><a href="#[93]">&gt;&gt;</a>&nbsp;&nbsp;&nbsp;RCC_HCLKPRS_Config
<LI><a href="#[96]">&gt;&gt;</a>&nbsp;&nbsp;&nbsp;FLASH_SetLatency
</UL>
<BR>[Called By]<UL><LI><a href="#[26]">&gt;&gt;</a>&nbsp;&nbsp;&nbsp;main
</UL>

<P><STRONG><a name="[93]"></a>RCC_HCLKPRS_Config</STRONG> (Thumb, 18 bytes, Stack size 0 bytes, cw32f030_rcc.o(i.RCC_HCLKPRS_Config))
<BR><BR>[Called By]<UL><LI><a href="#[91]">&gt;&gt;</a>&nbsp;&nbsp;&nbsp;RCC_Configuration
</UL>

<P><STRONG><a name="[92]"></a>RCC_HSI_Enable</STRONG> (Thumb, 30 bytes, Stack size 0 bytes, cw32f030_rcc.o(i.RCC_HSI_Enable))
<BR><BR>[Called By]<UL><LI><a href="#[91]">&gt;&gt;</a>&nbsp;&nbsp;&nbsp;RCC_Configuration
</UL>

<P><STRONG><a name="[a]"></a>RCC_IRQHandler</STRONG> (Thumb, 2 bytes, Stack size 0 bytes, interrupts_cw32f030.o(i.RCC_IRQHandler))
<BR>[Address Reference Count : 1]<UL><LI> startup_cw32f030.o(RESET)
</UL>
<P><STRONG><a name="[94]"></a>RCC_PCLKPRS_Config</STRONG> (Thumb, 18 bytes, Stack size 0 bytes, cw32f030_rcc.o(i.RCC_PCLKPRS_Config))
<BR><BR>[Called By]<UL><LI><a href="#[91]">&gt;&gt;</a>&nbsp;&nbsp;&nbsp;RCC_Configuration
</UL>

<P><STRONG><a name="[95]"></a>RCC_PLL_Enable</STRONG> (Thumb, 124 bytes, Stack size 72 bytes, cw32f030_rcc.o(i.RCC_PLL_Enable))
<BR><BR>[Stack]<UL><LI>Max Depth = 72<LI>Call Chain = RCC_PLL_Enable
</UL>
<BR>[Calls]<UL><LI><a href="#[99]">&gt;&gt;</a>&nbsp;&nbsp;&nbsp;__aeabi_memcpy4
</UL>
<BR>[Called By]<UL><LI><a href="#[91]">&gt;&gt;</a>&nbsp;&nbsp;&nbsp;RCC_Configuration
</UL>

<P><STRONG><a name="[97]"></a>RCC_SysClk_Switch</STRONG> (Thumb, 46 bytes, Stack size 16 bytes, cw32f030_rcc.o(i.RCC_SysClk_Switch))
<BR><BR>[Stack]<UL><LI>Max Depth = 52<LI>Call Chain = RCC_SysClk_Switch &rArr; RCC_Sysctrl_GetHClkFreq &rArr; __aeabi_uidivmod
</UL>
<BR>[Calls]<UL><LI><a href="#[9a]">&gt;&gt;</a>&nbsp;&nbsp;&nbsp;RCC_Sysctrl_GetHClkFreq
</UL>
<BR>[Called By]<UL><LI><a href="#[91]">&gt;&gt;</a>&nbsp;&nbsp;&nbsp;RCC_Configuration
</UL>

<P><STRONG><a name="[9a]"></a>RCC_Sysctrl_GetHClkFreq</STRONG> (Thumb, 104 bytes, Stack size 24 bytes, cw32f030_rcc.o(i.RCC_Sysctrl_GetHClkFreq))
<BR><BR>[Stack]<UL><LI>Max Depth = 36<LI>Call Chain = RCC_Sysctrl_GetHClkFreq &rArr; __aeabi_uidivmod
</UL>
<BR>[Calls]<UL><LI><a href="#[9b]">&gt;&gt;</a>&nbsp;&nbsp;&nbsp;__ARM_common_switch8
<LI><a href="#[90]">&gt;&gt;</a>&nbsp;&nbsp;&nbsp;__aeabi_uidivmod
</UL>
<BR>[Called By]<UL><LI><a href="#[97]">&gt;&gt;</a>&nbsp;&nbsp;&nbsp;RCC_SysClk_Switch
</UL>

<P><STRONG><a name="[98]"></a>RCC_SystemCoreClockUpdate</STRONG> (Thumb, 6 bytes, Stack size 0 bytes, cw32f030_rcc.o(i.RCC_SystemCoreClockUpdate))
<BR><BR>[Called By]<UL><LI><a href="#[91]">&gt;&gt;</a>&nbsp;&nbsp;&nbsp;RCC_Configuration
</UL>

<P><STRONG><a name="[8]"></a>RTC_IRQHandler</STRONG> (Thumb, 2 bytes, Stack size 0 bytes, interrupts_cw32f030.o(i.RTC_IRQHandler))
<BR>[Address Reference Count : 1]<UL><LI> startup_cw32f030.o(RESET)
</UL>
<P><STRONG><a name="[1f]"></a>SPI1_IRQHandler</STRONG> (Thumb, 2 bytes, Stack size 0 bytes, interrupts_cw32f030.o(i.SPI1_IRQHandler))
<BR>[Address Reference Count : 1]<UL><LI> startup_cw32f030.o(RESET)
</UL>
<P><STRONG><a name="[20]"></a>SPI2_IRQHandler</STRONG> (Thumb, 2 bytes, Stack size 0 bytes, interrupts_cw32f030.o(i.SPI2_IRQHandler))
<BR>[Address Reference Count : 1]<UL><LI> startup_cw32f030.o(RESET)
</UL>
<P><STRONG><a name="[3]"></a>SVC_Handler</STRONG> (Thumb, 2 bytes, Stack size 0 bytes, interrupts_cw32f030.o(i.SVC_Handler))
<BR>[Address Reference Count : 1]<UL><LI> startup_cw32f030.o(RESET)
</UL>
<P><STRONG><a name="[5]"></a>SysTick_Handler</STRONG> (Thumb, 12 bytes, Stack size 0 bytes, cw32f030_systick.o(i.SysTick_Handler))
<BR>[Address Reference Count : 1]<UL><LI> startup_cw32f030.o(RESET)
</UL>
<P><STRONG><a name="[27]"></a>SystemInit</STRONG> (Thumb, 46 bytes, Stack size 0 bytes, system_cw32f030.o(i.SystemInit))
<BR>[Address Reference Count : 1]<UL><LI> startup_cw32f030.o(.text)
</UL>
<P><STRONG><a name="[21]"></a>UART1_IRQHandler</STRONG> (Thumb, 2 bytes, Stack size 0 bytes, interrupts_cw32f030.o(i.UART1_IRQHandler))
<BR>[Address Reference Count : 1]<UL><LI> startup_cw32f030.o(RESET)
</UL>
<P><STRONG><a name="[22]"></a>UART2_IRQHandler</STRONG> (Thumb, 2 bytes, Stack size 0 bytes, interrupts_cw32f030.o(i.UART2_IRQHandler))
<BR>[Address Reference Count : 1]<UL><LI> startup_cw32f030.o(RESET)
</UL>
<P><STRONG><a name="[23]"></a>UART3_IRQHandler</STRONG> (Thumb, 2 bytes, Stack size 0 bytes, interrupts_cw32f030.o(i.UART3_IRQHandler))
<BR>[Address Reference Count : 1]<UL><LI> startup_cw32f030.o(RESET)
</UL>
<P><STRONG><a name="[14]"></a>VC1_IRQHandler</STRONG> (Thumb, 2 bytes, Stack size 0 bytes, interrupts_cw32f030.o(i.VC1_IRQHandler))
<BR>[Address Reference Count : 1]<UL><LI> startup_cw32f030.o(RESET)
</UL>
<P><STRONG><a name="[15]"></a>VC2_IRQHandler</STRONG> (Thumb, 2 bytes, Stack size 0 bytes, interrupts_cw32f030.o(i.VC2_IRQHandler))
<BR>[Address Reference Count : 1]<UL><LI> startup_cw32f030.o(RESET)
</UL>
<P><STRONG><a name="[6]"></a>WDT_IRQHandler</STRONG> (Thumb, 2 bytes, Stack size 0 bytes, interrupts_cw32f030.o(i.WDT_IRQHandler))
<BR>[Address Reference Count : 1]<UL><LI> startup_cw32f030.o(RESET)
</UL>
<P><STRONG><a name="[80]"></a>WriteCmd</STRONG> (Thumb, 16 bytes, Stack size 8 bytes, oled_i2c.o(i.WriteCmd))
<BR><BR>[Stack]<UL><LI>Max Depth = 48<LI>Call Chain = WriteCmd &rArr; I2C_MasterWriteEepromData1
</UL>
<BR>[Calls]<UL><LI><a href="#[71]">&gt;&gt;</a>&nbsp;&nbsp;&nbsp;I2C_MasterWriteEepromData1
</UL>
<BR>[Called By]<UL><LI><a href="#[7e]">&gt;&gt;</a>&nbsp;&nbsp;&nbsp;I2C_OLED_UPdata
<LI><a href="#[7f]">&gt;&gt;</a>&nbsp;&nbsp;&nbsp;I2C_OLED_Init
</UL>

<P><STRONG><a name="[8b]"></a>WriteDat</STRONG> (Thumb, 16 bytes, Stack size 8 bytes, oled_i2c.o(i.WriteDat))
<BR><BR>[Stack]<UL><LI>Max Depth = 48<LI>Call Chain = WriteDat &rArr; I2C_MasterWriteEepromData1
</UL>
<BR>[Calls]<UL><LI><a href="#[71]">&gt;&gt;</a>&nbsp;&nbsp;&nbsp;I2C_MasterWriteEepromData1
</UL>
<BR>[Called By]<UL><LI><a href="#[7e]">&gt;&gt;</a>&nbsp;&nbsp;&nbsp;I2C_OLED_UPdata
</UL>

<P><STRONG><a name="[9c]"></a>__0printf$1</STRONG> (Thumb, 24 bytes, Stack size 24 bytes, printf1.o(i.__0printf$1), UNUSED)
<BR><BR>[Calls]<UL><LI><a href="#[9d]">&gt;&gt;</a>&nbsp;&nbsp;&nbsp;_printf_core
</UL>

<P><STRONG><a name="[b2]"></a>__1printf$1</STRONG> (Thumb, 0 bytes, Stack size 24 bytes, printf1.o(i.__0printf$1), UNUSED)

<P><STRONG><a name="[6f]"></a>__2printf</STRONG> (Thumb, 0 bytes, Stack size 24 bytes, printf1.o(i.__0printf$1))
<BR><BR>[Stack]<UL><LI>Max Depth = 24<LI>Call Chain = __2printf
</UL>
<BR>[Called By]<UL><LI><a href="#[6e]">&gt;&gt;</a>&nbsp;&nbsp;&nbsp;GetGBKCode_from_EXFlash
</UL>

<P><STRONG><a name="[9e]"></a>__0sprintf$1</STRONG> (Thumb, 36 bytes, Stack size 24 bytes, printf1.o(i.__0sprintf$1), UNUSED)
<BR><BR>[Calls]<UL><LI><a href="#[2a]">&gt;&gt;</a>&nbsp;&nbsp;&nbsp;_sputc
<LI><a href="#[9d]">&gt;&gt;</a>&nbsp;&nbsp;&nbsp;_printf_core
</UL>

<P><STRONG><a name="[b3]"></a>__1sprintf$1</STRONG> (Thumb, 0 bytes, Stack size 24 bytes, printf1.o(i.__0sprintf$1), UNUSED)

<P><STRONG><a name="[9f]"></a>__2sprintf</STRONG> (Thumb, 0 bytes, Stack size 24 bytes, printf1.o(i.__0sprintf$1))
<BR><BR>[Stack]<UL><LI>Max Depth = 24<LI>Call Chain = __2sprintf
</UL>
<BR>[Called By]<UL><LI><a href="#[26]">&gt;&gt;</a>&nbsp;&nbsp;&nbsp;main
</UL>

<P><STRONG><a name="[3c]"></a>__ARM_clz</STRONG> (Thumb, 46 bytes, Stack size 0 bytes, depilogue.o(i.__ARM_clz))
<BR><BR>[Called By]<UL><LI><a href="#[32]">&gt;&gt;</a>&nbsp;&nbsp;&nbsp;_double_epilogue
</UL>

<P><STRONG><a name="[9b]"></a>__ARM_common_switch8</STRONG> (Thumb, 26 bytes, Stack size 8 bytes, cw32f030_i2c.o(i.__ARM_common_switch8))
<BR><BR>[Stack]<UL><LI>Max Depth = 8<LI>Call Chain = __ARM_common_switch8
</UL>
<BR>[Called By]<UL><LI><a href="#[9a]">&gt;&gt;</a>&nbsp;&nbsp;&nbsp;RCC_Sysctrl_GetHClkFreq
</UL>

<P><STRONG><a name="[b4]"></a>__scatterload_copy</STRONG> (Thumb, 14 bytes, Stack size unknown bytes, handlers.o(i.__scatterload_copy), UNUSED)

<P><STRONG><a name="[b5]"></a>__scatterload_null</STRONG> (Thumb, 2 bytes, Stack size unknown bytes, handlers.o(i.__scatterload_null), UNUSED)

<P><STRONG><a name="[b6]"></a>__scatterload_zeroinit</STRONG> (Thumb, 14 bytes, Stack size unknown bytes, handlers.o(i.__scatterload_zeroinit), UNUSED)

<P><STRONG><a name="[29]"></a>fputc</STRONG> (Thumb, 18 bytes, Stack size 16 bytes, fputc.o(i.fputc))
<BR><BR>[Stack]<UL><LI>Max Depth = 16<LI>Call Chain = fputc
</UL>
<BR>[Address Reference Count : 1]<UL><LI> printf1.o(i.__0printf$1)
</UL>
<P><STRONG><a name="[87]"></a>free</STRONG> (Thumb, 80 bytes, Stack size 8 bytes, malloc.o(i.free))
<BR><BR>[Stack]<UL><LI>Max Depth = 8<LI>Call Chain = free
</UL>
<BR>[Called By]<UL><LI><a href="#[82]">&gt;&gt;</a>&nbsp;&nbsp;&nbsp;I2C_OLED_ShowChar
</UL>

<P><STRONG><a name="[26]"></a>main</STRONG> (Thumb, 380 bytes, Stack size 0 bytes, main.o(i.main))
<BR><BR>[Stack]<UL><LI>Max Depth = 160<LI>Call Chain = main &rArr; I2C_OLED_ShowString &rArr; OLED_StrEscCharacter &rArr; I2C_OLED_Move &rArr; I2C_OLED_UPdata &rArr; WriteDat &rArr; I2C_MasterWriteEepromData1
</UL>
<BR>[Calls]<UL><LI><a href="#[37]">&gt;&gt;</a>&nbsp;&nbsp;&nbsp;__aeabi_ui2d
<LI><a href="#[a0]">&gt;&gt;</a>&nbsp;&nbsp;&nbsp;__aeabi_f2uiz
<LI><a href="#[36]">&gt;&gt;</a>&nbsp;&nbsp;&nbsp;__aeabi_dmul
<LI><a href="#[2f]">&gt;&gt;</a>&nbsp;&nbsp;&nbsp;__aeabi_dadd
<LI><a href="#[38]">&gt;&gt;</a>&nbsp;&nbsp;&nbsp;__aeabi_d2uiz
<LI><a href="#[3a]">&gt;&gt;</a>&nbsp;&nbsp;&nbsp;__aeabi_d2f
<LI><a href="#[8c]">&gt;&gt;</a>&nbsp;&nbsp;&nbsp;I2C_init
<LI><a href="#[7e]">&gt;&gt;</a>&nbsp;&nbsp;&nbsp;I2C_OLED_UPdata
<LI><a href="#[89]">&gt;&gt;</a>&nbsp;&nbsp;&nbsp;I2C_OLED_ShowString
<LI><a href="#[7f]">&gt;&gt;</a>&nbsp;&nbsp;&nbsp;I2C_OLED_Init
<LI><a href="#[7d]">&gt;&gt;</a>&nbsp;&nbsp;&nbsp;I2C_OLED_Clear
<LI><a href="#[70]">&gt;&gt;</a>&nbsp;&nbsp;&nbsp;HALL_MOTOR_START
<LI><a href="#[68]">&gt;&gt;</a>&nbsp;&nbsp;&nbsp;HALL_Check
<LI><a href="#[4c]">&gt;&gt;</a>&nbsp;&nbsp;&nbsp;GPIO_WritePin
<LI><a href="#[63]">&gt;&gt;</a>&nbsp;&nbsp;&nbsp;Commutation
<LI><a href="#[91]">&gt;&gt;</a>&nbsp;&nbsp;&nbsp;RCC_Configuration
<LI><a href="#[69]">&gt;&gt;</a>&nbsp;&nbsp;&nbsp;GTIM_init
<LI><a href="#[65]">&gt;&gt;</a>&nbsp;&nbsp;&nbsp;GPIO_Configuration
<LI><a href="#[5e]">&gt;&gt;</a>&nbsp;&nbsp;&nbsp;BTIM_init
<LI><a href="#[4a]">&gt;&gt;</a>&nbsp;&nbsp;&nbsp;ATIIM_init
<LI><a href="#[3e]">&gt;&gt;</a>&nbsp;&nbsp;&nbsp;ADC_Configuration
<LI><a href="#[9f]">&gt;&gt;</a>&nbsp;&nbsp;&nbsp;__2sprintf
</UL>
<BR>[Address Reference Count : 1]<UL><LI> entry9a.o(.ARM.Collect$$$$0000000B)
</UL>
<P><STRONG><a name="[83]"></a>malloc</STRONG> (Thumb, 92 bytes, Stack size 20 bytes, malloc.o(i.malloc))
<BR><BR>[Stack]<UL><LI>Max Depth = 20<LI>Call Chain = malloc
</UL>
<BR>[Called By]<UL><LI><a href="#[82]">&gt;&gt;</a>&nbsp;&nbsp;&nbsp;I2C_OLED_ShowChar
</UL>
<P>
<H3>
Local Symbols
</H3>
<P><STRONG><a name="[5f]"></a>__NVIC_EnableIRQ</STRONG> (Thumb, 18 bytes, Stack size 0 bytes, main.o(i.__NVIC_EnableIRQ))
<BR><BR>[Called By]<UL><LI><a href="#[69]">&gt;&gt;</a>&nbsp;&nbsp;&nbsp;GTIM_init
<LI><a href="#[5e]">&gt;&gt;</a>&nbsp;&nbsp;&nbsp;BTIM_init
</UL>

<P><STRONG><a name="[9d]"></a>_printf_core</STRONG> (Thumb, 332 bytes, Stack size 88 bytes, printf1.o(i._printf_core), UNUSED)
<BR><BR>[Calls]<UL><LI><a href="#[90]">&gt;&gt;</a>&nbsp;&nbsp;&nbsp;__aeabi_uidivmod
</UL>
<BR>[Called By]<UL><LI><a href="#[9e]">&gt;&gt;</a>&nbsp;&nbsp;&nbsp;__0sprintf$1
<LI><a href="#[9c]">&gt;&gt;</a>&nbsp;&nbsp;&nbsp;__0printf$1
</UL>

<P><STRONG><a name="[2a]"></a>_sputc</STRONG> (Thumb, 10 bytes, Stack size 0 bytes, printf1.o(i._sputc))
<BR><BR>[Called By]<UL><LI><a href="#[9e]">&gt;&gt;</a>&nbsp;&nbsp;&nbsp;__0sprintf$1
</UL>
<BR>[Address Reference Count : 1]<UL><LI> printf1.o(i.__0sprintf$1)
</UL><P>
<H3>
Undefined Global Symbols
</H3>
<P><STRONG><a name="[2e]"></a>__arm_fini_</STRONG> (Unknown, 0 bytes, Stack size 0 bytes, UNDEFINED)
<BR><BR>[Called By]<UL><LI><a href="#[2d]">&gt;&gt;</a>&nbsp;&nbsp;&nbsp;__rt_lib_shutdown_fini
</UL>
<HR></body></html>
